<html>
<body>
<pre>
<h1>礦ision Build Log</h1>
<h2>Tool Versions:</h2>
IDE-Version: μVision V5.32.0.0
Copyright (C) 2020 ARM Ltd and ARM Germany GmbH. All rights reserved.
License Information: sdad user, sdad, LIC=8VRJ7-ERYED-MMQ9I-T9VAR-Q96M0-SLGN4
 
Tool Versions:
Toolchain:       MDK-ARM Plus  Version: 5.32.0.0
Toolchain Path:  D:\MDK5\ARM\ARMCC\Bin
C Compiler:      Armcc.exe V5.06 update 7 (build 960)
Assembler:       Armasm.exe V5.06 update 7 (build 960)
Linker/Locator:  ArmLink.exe V5.06 update 7 (build 960)
Library Manager: ArmAr.exe V5.06 update 7 (build 960)
Hex Converter:   FromElf.exe V5.06 update 7 (build 960)
CPU DLL:         SARMCM3.DLL V5.32.0.0
Dialog DLL:      DCM.DLL V1.17.3.0
Target DLL:      CMSIS_AGDI.dll V1.32.12.0
Dialog DLL:      TCM.DLL V1.46.0.0
 
<h2>Project:</h2>
D:\桌面\程序源码\23赛季舵轮\chassis\AGV4.5(纳新版)\MDK-ARM\infantry_C.uvprojx
Project File Date:  06/01/2023

<h2>Output:</h2>
*** Using Compiler 'V5.06 update 7 (build 960)', folder: 'D:\MDK5\ARM\ARMCC\Bin'
Build target 'infantry_C'
compiling chassis_task.c...
..\application\chassis_task.c(431): warning:  #177-D: variable "sin_yaw"  was declared but never referenced
  			  fp32 sin_yaw,cos_yaw=0.0f;	   fp32 relative_angle=0.0f;	
..\application\chassis_task.c(431): warning:  #177-D: variable "cos_yaw"  was declared but never referenced
  			  fp32 sin_yaw,cos_yaw=0.0f;	   fp32 relative_angle=0.0f;	
..\application\chassis_task.c: 2 warnings, 0 errors
linking...
Program Size: Code=87548 RO-data=2968 RW-data=692 ZI-data=49220  
FromELF: creating hex file...
"standard_tpye_c\standard_tpye_c.axf" - 0 Error(s), 2 Warning(s).

<h2>Software Packages used:</h2>

Package Vendor: ARM
                http://www.keil.com/pack/ARM.CMSIS.5.7.0.pack
                ARM.CMSIS.5.7.0
                CMSIS (Cortex Microcontroller Software Interface Standard)
   * Component: CORE Version: 5.4.0

Package Vendor: Keil
                http://www.keil.com/pack/Keil.STM32F4xx_DFP.2.16.0.pack
                Keil.STM32F4xx_DFP.2.16.0
                STMicroelectronics STM32F4 Series Device Support, Drivers and Examples

<h2>Collection of Component include folders:</h2>
  .\RTE\_infantry_C
  D:\MDK5\ARM\PACK\ARM\CMSIS\5.7.0\CMSIS\Core\Include
  D:\MDK5\ARM\PACK\Keil\STM32F4xx_DFP\2.16.0\Drivers\CMSIS\Device\ST\STM32F4xx\Include

<h2>Collection of Component Files used:</h2>

   * Component: ARM::CMSIS:CORE:5.4.0
Build Time Elapsed:  00:00:03
</pre>
</body>
</html>
