<html>
<body>
<pre>
<h1>礦ision Build Log</h1>
<h2>Tool Versions:</h2>
IDE-Version: μVision V5.32.0.0
Copyright (C) 2020 ARM Ltd and ARM Germany GmbH. All rights reserved.
License Information: sdad user, sdad, LIC=8VRJ7-ERYED-MMQ9I-T9VAR-Q96M0-SLGN4
 
Tool Versions:
Toolchain:       MDK-ARM Plus  Version: 5.32.0.0
Toolchain Path:  D:\MDK5\ARM\ARMCC\Bin
C Compiler:      Armcc.exe V5.06 update 7 (build 960)
Assembler:       Armasm.exe V5.06 update 7 (build 960)
Linker/Locator:  ArmLink.exe V5.06 update 7 (build 960)
Library Manager: ArmAr.exe V5.06 update 7 (build 960)
Hex Converter:   FromElf.exe V5.06 update 7 (build 960)
CPU DLL:         SARMCM3.DLL V5.32.0.0
Dialog DLL:      DCM.DLL V1.17.3.0
Target DLL:      CMSIS_AGDI.dll V1.32.12.0
Dialog DLL:      TCM.DLL V1.46.0.0
 
<h2>Project:</h2>
D:\桌面\程序源码\23赛季舵轮\gimbal\AGV_gimbal3.2\MDK-ARM\standard_robot.uvprojx
Project File Date:  04/11/2023

<h2>Output:</h2>
*** Using Compiler 'V5.06 update 7 (build 960)', folder: 'D:\MDK5\ARM\ARMCC\Bin'
Build target 'standard_robot'
compiling gimbal_task.c...
../stm32/stm32.h(114): warning:  #1295-D: Deprecated declaration stm32_auto_pid_init - give arg types
  extern void stm32_auto_pid_init();
..\application\referee.h(211): warning:  #1-D: last line of file ends without a newline
  #endif
..\application\gimbal_task.c(390): warning:  #223-D: function "stm32_pid_init" declared implicitly
      stm32_pid_init();
..\application\gimbal_task.c(608): warning:  #68-D: integer conversion resulted in a change of sign
  				set_control->chassis_mode_e_Cansend=40000;       //底盘不动
..\application\gimbal_task.c(702): warning:  #68-D: integer conversion resulted in a change of sign
  			set_control->chassis_mode_e_Cansend=40000;
..\application\gimbal_task.c(849): warning:  #223-D: function "stm32_pid_init" declared implicitly
  			stm32_pid_init();
..\application\gimbal_task.c(1286): warning:  #1-D: last line of file ends without a newline
  }
..\application\gimbal_task.c(992): warning:  #177-D: function "gimbal_PID_calc"  was declared but never referenced
  static fp32 gimbal_PID_calc(gimbal_PID_t *pid, fp32 get, fp32 set, fp32 error_delta)
..\application\gimbal_task.c(1261): warning:  #177-D: function "gimbal_motor_second_order_linear_controller_calc"  was declared but never referenced
  static fp32 gimbal_motor_second_order_linear_controller_calc(gimbal_motor_second_order_linear_controller_t *controller, fp32 set_angle, fp32 cur_angle, fp32 cur_angle_speed, fp32 cur_current)
..\application\gimbal_task.c: 9 warnings, 0 errors
linking...
Program Size: Code=108184 RO-data=14504 RW-data=1300 ZI-data=59644  
FromELF: creating hex file...
"standard_tpye_c\standard_tpye_c.axf" - 0 Error(s), 9 Warning(s).

<h2>Software Packages used:</h2>

Package Vendor: ARM
                http://www.keil.com/pack/ARM.CMSIS.5.7.0.pack
                ARM.CMSIS.5.7.0
                CMSIS (Cortex Microcontroller Software Interface Standard)
   * Component: CORE Version: 5.4.0

Package Vendor: Keil
                http://www.keil.com/pack/Keil.STM32F4xx_DFP.2.16.0.pack
                Keil.STM32F4xx_DFP.2.16.0
                STMicroelectronics STM32F4 Series Device Support, Drivers and Examples

<h2>Collection of Component include folders:</h2>
  .\RTE\_standard_robot
  D:\MDK5\ARM\PACK\ARM\CMSIS\5.7.0\CMSIS\Core\Include
  D:\MDK5\ARM\PACK\Keil\STM32F4xx_DFP\2.16.0\Drivers\CMSIS\Device\ST\STM32F4xx\Include

<h2>Collection of Component Files used:</h2>

   * Component: ARM::CMSIS:CORE:5.4.0
Build Time Elapsed:  00:00:03
</pre>
</body>
</html>
