Component: ARM Compiler 5.06 update 7 (build 960) Tool: armlink [4d3601]

==============================================================================

Section Cross References

    startup_stm32f407xx.o(STACK) refers (Special) to heapauxi.o(.text) for __use_two_region_memory
    startup_stm32f407xx.o(HEAP) refers (Special) to heapauxi.o(.text) for __use_two_region_memory
    startup_stm32f407xx.o(RESET) refers (Special) to heapauxi.o(.text) for __use_two_region_memory
    startup_stm32f407xx.o(RESET) refers to startup_stm32f407xx.o(STACK) for __initial_sp
    startup_stm32f407xx.o(RESET) refers to startup_stm32f407xx.o(.text) for Reset_Handler
    startup_stm32f407xx.o(RESET) refers to stm32f4xx_it.o(i.NMI_Handler) for NMI_Handler
    startup_stm32f407xx.o(RESET) refers to stm32f4xx_it.o(i.HardFault_Handler) for HardFault_Handler
    startup_stm32f407xx.o(RESET) refers to stm32f4xx_it.o(i.MemManage_Handler) for MemManage_Handler
    startup_stm32f407xx.o(RESET) refers to stm32f4xx_it.o(i.BusFault_Handler) for BusFault_Handler
    startup_stm32f407xx.o(RESET) refers to stm32f4xx_it.o(i.UsageFault_Handler) for UsageFault_Handler
    startup_stm32f407xx.o(RESET) refers to port.o(.emb_text) for SVC_Handler
    startup_stm32f407xx.o(RESET) refers to stm32f4xx_it.o(i.DebugMon_Handler) for DebugMon_Handler
    startup_stm32f407xx.o(RESET) refers to stm32f4xx_it.o(i.SysTick_Handler) for SysTick_Handler
    startup_stm32f407xx.o(RESET) refers to stm32f4xx_it.o(i.EXTI0_IRQHandler) for EXTI0_IRQHandler
    startup_stm32f407xx.o(RESET) refers to stm32f4xx_it.o(i.EXTI3_IRQHandler) for EXTI3_IRQHandler
    startup_stm32f407xx.o(RESET) refers to stm32f4xx_it.o(i.EXTI4_IRQHandler) for EXTI4_IRQHandler
    startup_stm32f407xx.o(RESET) refers to stm32f4xx_it.o(i.CAN1_RX0_IRQHandler) for CAN1_RX0_IRQHandler
    startup_stm32f407xx.o(RESET) refers to stm32f4xx_it.o(i.EXTI9_5_IRQHandler) for EXTI9_5_IRQHandler
    startup_stm32f407xx.o(RESET) refers to vision_usart.o(i.USART1_IRQHandler) for USART1_IRQHandler
    startup_stm32f407xx.o(RESET) refers to remote_control.o(i.USART3_IRQHandler) for USART3_IRQHandler
    startup_stm32f407xx.o(RESET) refers to bsp_i2c.o(i.DMA1_Stream7_IRQHandler) for DMA1_Stream7_IRQHandler
    startup_stm32f407xx.o(RESET) refers to stm32f4xx_it.o(i.DMA2_Stream1_IRQHandler) for DMA2_Stream1_IRQHandler
    startup_stm32f407xx.o(RESET) refers to ins_task.o(i.DMA2_Stream2_IRQHandler) for DMA2_Stream2_IRQHandler
    startup_stm32f407xx.o(RESET) refers to stm32f4xx_it.o(i.CAN2_RX0_IRQHandler) for CAN2_RX0_IRQHandler
    startup_stm32f407xx.o(RESET) refers to stm32f4xx_it.o(i.OTG_FS_IRQHandler) for OTG_FS_IRQHandler
    startup_stm32f407xx.o(RESET) refers to stm32f4xx_it.o(i.DMA2_Stream5_IRQHandler) for DMA2_Stream5_IRQHandler
    startup_stm32f407xx.o(RESET) refers to stm32f4xx_it.o(i.DMA2_Stream6_IRQHandler) for DMA2_Stream6_IRQHandler
    startup_stm32f407xx.o(RESET) refers to stm32f4xx_it.o(i.DMA2_Stream7_IRQHandler) for DMA2_Stream7_IRQHandler
    startup_stm32f407xx.o(RESET) refers to referee_usart_task.o(i.USART6_IRQHandler) for USART6_IRQHandler
    startup_stm32f407xx.o(.text) refers (Special) to heapauxi.o(.text) for __use_two_region_memory
    startup_stm32f407xx.o(.text) refers to system_stm32f4xx.o(i.SystemInit) for SystemInit
    startup_stm32f407xx.o(.text) refers to __main.o(!!!main) for __main
    startup_stm32f407xx.o(.text) refers to startup_stm32f407xx.o(HEAP) for Heap_Mem
    startup_stm32f407xx.o(.text) refers to startup_stm32f407xx.o(STACK) for Stack_Mem
    main.o(i.SystemClock_Config) refers to rt_memclr_w.o(.text) for __aeabi_memclr4
    main.o(i.SystemClock_Config) refers to stm32f4xx_hal_rcc.o(i.HAL_RCC_OscConfig) for HAL_RCC_OscConfig
    main.o(i.SystemClock_Config) refers to main.o(i.Error_Handler) for Error_Handler
    main.o(i.SystemClock_Config) refers to stm32f4xx_hal_rcc.o(i.HAL_RCC_ClockConfig) for HAL_RCC_ClockConfig
    main.o(i.SystemClock_Config) refers to stm32f4xx_hal_rcc_ex.o(i.HAL_RCCEx_PeriphCLKConfig) for HAL_RCCEx_PeriphCLKConfig
    main.o(i.main) refers to stm32f4xx_hal.o(i.HAL_Init) for HAL_Init
    main.o(i.main) refers to main.o(i.SystemClock_Config) for SystemClock_Config
    main.o(i.main) refers to gpio.o(i.MX_GPIO_Init) for MX_GPIO_Init
    main.o(i.main) refers to dma.o(i.MX_DMA_Init) for MX_DMA_Init
    main.o(i.main) refers to adc.o(i.MX_ADC1_Init) for MX_ADC1_Init
    main.o(i.main) refers to adc.o(i.MX_ADC3_Init) for MX_ADC3_Init
    main.o(i.main) refers to can.o(i.MX_CAN1_Init) for MX_CAN1_Init
    main.o(i.main) refers to can.o(i.MX_CAN2_Init) for MX_CAN2_Init
    main.o(i.main) refers to i2c.o(i.MX_I2C1_Init) for MX_I2C1_Init
    main.o(i.main) refers to spi.o(i.MX_SPI1_Init) for MX_SPI1_Init
    main.o(i.main) refers to tim.o(i.MX_TIM4_Init) for MX_TIM4_Init
    main.o(i.main) refers to tim.o(i.MX_TIM5_Init) for MX_TIM5_Init
    main.o(i.main) refers to usart.o(i.MX_USART3_UART_Init) for MX_USART3_UART_Init
[...]
    0x08004e7e   0x08004e7e   0x00000064   Code   RO         8120    i.HAL_CAN_Start     stm32f4xx_hal_can.o
    0x08004ee2   0x08004ee2   0x00000002   Code   RO         8122    i.HAL_CAN_TxMailbox0AbortCallback  stm32f4xx_hal_can.o
    0x08004ee4   0x08004ee4   0x00000002   Code   RO         8123    i.HAL_CAN_TxMailbox0CompleteCallback  stm32f4xx_hal_can.o
    0x08004ee6   0x08004ee6   0x00000002   Code   RO         8124    i.HAL_CAN_TxMailbox1AbortCallback  stm32f4xx_hal_can.o
    0x08004ee8   0x08004ee8   0x00000002   Code   RO         8125    i.HAL_CAN_TxMailbox1CompleteCallback  stm32f4xx_hal_can.o
    0x08004eea   0x08004eea   0x00000002   Code   RO         8126    i.HAL_CAN_TxMailbox2AbortCallback  stm32f4xx_hal_can.o
    0x08004eec   0x08004eec   0x00000002   Code   RO         8127    i.HAL_CAN_TxMailbox2CompleteCallback  stm32f4xx_hal_can.o
    0x08004eee   0x08004eee   0x00000002   Code   RO         8129    i.HAL_CAN_WakeUpFromRxMsgCallback  stm32f4xx_hal_can.o
    0x08004ef0   0x08004ef0   0x00000028   Code   RO         8332    i.HAL_CRC_Init      stm32f4xx_hal_crc.o
    0x08004f18   0x08004f18   0x00000034   Code   RO          695    i.HAL_CRC_MspInit   crc.o
    0x08004f4c   0x08004f4c   0x00000024   Code   RO         7158    i.HAL_DMA_Abort_IT  stm32f4xx_hal_dma.o
    0x08004f70   0x08004f70   0x000001ec   Code   RO         7162    i.HAL_DMA_IRQHandler  stm32f4xx_hal_dma.o
    0x0800515c   0x0800515c   0x000000ec   Code   RO         7163    i.HAL_DMA_Init      stm32f4xx_hal_dma.o
    0x08005248   0x08005248   0x00000028   Code   RO         7571    i.HAL_Delay         stm32f4xx_hal.o
    0x08005270   0x08005270   0x000000ac   Code   RO         6936    i.HAL_FLASHEx_Erase  stm32f4xx_hal_flash_ex.o
    0x0800531c   0x0800531c   0x00000014   Code   RO         6815    i.HAL_FLASH_Lock    stm32f4xx_hal_flash.o
    0x08005330   0x08005330   0x00000080   Code   RO         6820    i.HAL_FLASH_Program  stm32f4xx_hal_flash.o
    0x080053b0   0x080053b0   0x00000034   Code   RO         6822    i.HAL_FLASH_Unlock  stm32f4xx_hal_flash.o
    0x080053e4   0x080053e4   0x000000b8   Code   RO         3424    i.HAL_GPIO_EXTI_Callback  ins_task.o
    0x0800549c   0x0800549c   0x00000018   Code   RO         7049    i.HAL_GPIO_EXTI_IRQHandler  stm32f4xx_hal_gpio.o
    0x080054b4   0x080054b4   0x0000021c   Code   RO         7050    i.HAL_GPIO_Init     stm32f4xx_hal_gpio.o
    0x080056d0   0x080056d0   0x0000000e   Code   RO         7054    i.HAL_GPIO_WritePin  stm32f4xx_hal_gpio.o
    0x080056de   0x080056de   0x00000002   PAD
    0x080056e0   0x080056e0   0x0000000c   Code   RO         7577    i.HAL_GetTick       stm32f4xx_hal.o
    0x080056ec   0x080056ec   0x00000198   Code   RO         8399    i.HAL_I2C_Init      stm32f4xx_hal_i2c.o
    0x08005884   0x08005884   0x00000160   Code   RO         8412    i.HAL_I2C_Master_Transmit  stm32f4xx_hal_i2c.o
    0x080059e4   0x080059e4   0x000002c0   Code   RO         8417    i.HAL_I2C_Mem_Read  stm32f4xx_hal_i2c.o
    0x08005ca4   0x08005ca4   0x00000174   Code   RO         8420    i.HAL_I2C_Mem_Write  stm32f4xx_hal_i2c.o
    0x08005e18   0x08005e18   0x00000208   Code   RO          764    i.HAL_I2C_MspInit   i2c.o
    0x08006020   0x08006020   0x00000010   Code   RO         7583    i.HAL_IncTick       stm32f4xx_hal.o
    0x08006030   0x08006030   0x00000034   Code   RO         7584    i.HAL_Init          stm32f4xx_hal.o
    0x08006064   0x08006064   0x00000044   Code   RO         7585    i.HAL_InitTick      stm32f4xx_hal.o
    0x080060a8   0x080060a8   0x00000054   Code   RO         1647    i.HAL_MspInit       stm32f4xx_hal_msp.o
    0x080060fc   0x080060fc   0x0000001c   Code   RO         7439    i.HAL_NVIC_EnableIRQ  stm32f4xx_hal_cortex.o
    0x08006118   0x08006118   0x00000068   Code   RO         7445    i.HAL_NVIC_SetPriority  stm32f4xx_hal_cortex.o
    0x08006180   0x08006180   0x00000024   Code   RO         7446    i.HAL_NVIC_SetPriorityGrouping  stm32f4xx_hal_cortex.o
    0x080061a4   0x080061a4   0x00000002   Code   RO         6303    i.HAL_PCDEx_LPM_Callback  stm32f4xx_hal_pcd_ex.o
    0x080061a6   0x080061a6   0x00000008   Code   RO         6304    i.HAL_PCDEx_SetRxFiFo  stm32f4xx_hal_pcd_ex.o
    0x080061ae   0x080061ae   0x0000004a   Code   RO         6305    i.HAL_PCDEx_SetTxFiFo  stm32f4xx_hal_pcd_ex.o
    0x080061f8   0x080061f8   0x0000000e   Code   RO         1138    i.HAL_PCD_ConnectCallback  usbd_conf.o
    0x08006206   0x08006206   0x00000020   Code   RO         1139    i.HAL_PCD_DataInStageCallback  usbd_conf.o
    0x08006226   0x08006226   0x00000020   Code   RO         1140    i.HAL_PCD_DataOutStageCallback  usbd_conf.o
    0x08006246   0x08006246   0x0000000e   Code   RO         1141    i.HAL_PCD_DisconnectCallback  usbd_conf.o
    0x08006254   0x08006254   0x0000004a   Code   RO         6086    i.HAL_PCD_EP_Close  stm32f4xx_hal_pcd.o
    0x0800629e   0x0800629e   0x0000005c   Code   RO         6087    i.HAL_PCD_EP_ClrStall  stm32f4xx_hal_pcd.o
    0x080062fa   0x080062fa   0x00000012   Code   RO         6089    i.HAL_PCD_EP_GetRxCount  stm32f4xx_hal_pcd.o
    0x0800630c   0x0800630c   0x0000005c   Code   RO         6090    i.HAL_PCD_EP_Open   stm32f4xx_hal_pcd.o
    0x08006368   0x08006368   0x00000046   Code   RO         6091    i.HAL_PCD_EP_Receive  stm32f4xx_hal_pcd.o
    0x080063ae   0x080063ae   0x00000074   Code   RO         6092    i.HAL_PCD_EP_SetStall  stm32f4xx_hal_pcd.o
    0x08006422   0x08006422   0x00000046   Code   RO         6093    i.HAL_PCD_EP_Transmit  stm32f4xx_hal_pcd.o
    0x08006468   0x08006468   0x0000042e   Code   RO         6095    i.HAL_PCD_IRQHandler  stm32f4xx_hal_pcd.o
    0x08006896   0x08006896   0x00000012   Code   RO         1142    i.HAL_PCD_ISOINIncompleteCallback  usbd_conf.o
    0x080068a8   0x080068a8   0x00000012   Code   RO         1143    i.HAL_PCD_ISOOUTIncompleteCallback  usbd_conf.o
    0x080068ba   0x080068ba   0x00000140   Code   RO         6098    i.HAL_PCD_Init      stm32f4xx_hal_pcd.o
    0x080069fa   0x080069fa   0x00000002   PAD
    0x080069fc   0x080069fc   0x000000a8   Code   RO         1145    i.HAL_PCD_MspInit   usbd_conf.o
    0x08006aa4   0x08006aa4   0x00000030   Code   RO         1146    i.HAL_PCD_ResetCallback  usbd_conf.o
    0x08006ad4   0x08006ad4   0x0000000e   Code   RO         1147    i.HAL_PCD_ResumeCallback  usbd_conf.o
    0x08006ae2   0x08006ae2   0x0000000e   Code   RO         1148    i.HAL_PCD_SOFCallback  usbd_conf.o
    0x08006af0   0x08006af0   0x00000028   Code   RO         6104    i.HAL_PCD_SetAddress  stm32f4xx_hal_pcd.o
    0x08006b18   0x08006b18   0x00000012   Code   RO         1149    i.HAL_PCD_SetupStageCallback  usbd_conf.o
    0x08006b2a   0x08006b2a   0x00000042   Code   RO         6106    i.HAL_PCD_Start     stm32f4xx_hal_pcd.o
    0x08006b6c   0x08006b6c   0x00000034   Code   RO         1150    i.HAL_PCD_SuspendCallback  usbd_conf.o
    0x08006ba0   0x08006ba0   0x0000017c   Code   RO         6756    i.HAL_RCCEx_PeriphCLKConfig  stm32f4xx_hal_rcc_ex.o
    0x08006d1c   0x08006d1c   0x00000174   Code   RO         6651    i.HAL_RCC_ClockConfig  stm32f4xx_hal_rcc.o
    0x08006e90   0x08006e90   0x0000000c   Code   RO         6656    i.HAL_RCC_GetHCLKFreq  stm32f4xx_hal_rcc.o
    0x08006e9c   0x08006e9c   0x00000020   Code   RO         6658    i.HAL_RCC_GetPCLK1Freq  stm32f4xx_hal_rcc.o
    0x08006ebc   0x08006ebc   0x00000020   Code   RO         6659    i.HAL_RCC_GetPCLK2Freq  stm32f4xx_hal_rcc.o
    0x08006edc   0x08006edc   0x00000070   Code   RO         6660    i.HAL_RCC_GetSysClockFreq  stm32f4xx_hal_rcc.o
    0x08006f4c   0x08006f4c   0x00000436   Code   RO         6663    i.HAL_RCC_OscConfig  stm32f4xx_hal_rcc.o
    0x08007382   0x08007382   0x00000034   Code   RO         8877    i.HAL_RNG_Init      stm32f4xx_hal_rng.o
    0x080073b6   0x080073b6   0x00000002   PAD
    0x080073b8   0x080073b8   0x00000034   Code   RO          818    i.HAL_RNG_MspInit   rng.o
    0x080073ec   0x080073ec   0x000000ba   Code   RO         8978    i.HAL_RTC_Init      stm32f4xx_hal_rtc.o
    0x080074a6   0x080074a6   0x00000002   PAD
    0x080074a8   0x080074a8   0x00000018   Code   RO          860    i.HAL_RTC_MspInit   rtc.o
    0x080074c0   0x080074c0   0x0000003c   Code   RO         8986    i.HAL_RTC_WaitForSynchro  stm32f4xx_hal_rtc.o
    0x080074fc   0x080074fc   0x00000082   Code   RO         9347    i.HAL_SPI_Init      stm32f4xx_hal_spi.o
    0x0800757e   0x0800757e   0x00000002   PAD
    0x08007580   0x08007580   0x000001cc   Code   RO          902    i.HAL_SPI_MspInit   spi.o
    0x0800774c   0x0800774c   0x000001f8   Code   RO         9356    i.HAL_SPI_TransmitReceive  stm32f4xx_hal_spi.o
    0x08007944   0x08007944   0x00000028   Code   RO         7450    i.HAL_SYSTICK_Config  stm32f4xx_hal_cortex.o
    0x0800796c   0x0800796c   0x00000066   Code   RO        10349    i.HAL_TIMEx_ConfigBreakDeadTime  stm32f4xx_hal_tim_ex.o
    0x080079d2   0x080079d2   0x0000004e   Code   RO        10364    i.HAL_TIMEx_MasterConfigSynchronization  stm32f4xx_hal_tim_ex.o
    0x08007a20   0x08007a20   0x00000038   Code   RO         9660    i.HAL_TIM_Base_Init  stm32f4xx_hal_tim.o
    0x08007a58   0x08007a58   0x0000011c   Code   RO          950    i.HAL_TIM_Base_MspInit  tim.o
    0x08007b74   0x08007b74   0x00000024   Code   RO         9663    i.HAL_TIM_Base_Start  stm32f4xx_hal_tim.o
    0x08007b98   0x08007b98   0x000000e4   Code   RO         9669    i.HAL_TIM_ConfigClockSource  stm32f4xx_hal_tim.o
    0x08007c7c   0x08007c7c   0x000002b0   Code   RO          951    i.HAL_TIM_MspPostInit  tim.o
    0x08007f2c   0x08007f2c   0x000000dc   Code   RO         9727    i.HAL_TIM_PWM_ConfigChannel  stm32f4xx_hal_tim.o
    0x08008008   0x08008008   0x00000038   Code   RO         9730    i.HAL_TIM_PWM_Init  stm32f4xx_hal_tim.o
    0x08008040   0x08008040   0x00000002   Code   RO         9732    i.HAL_TIM_PWM_MspInit  stm32f4xx_hal_tim.o
    0x08008042   0x08008042   0x00000042   Code   RO         9735    i.HAL_TIM_PWM_Start  stm32f4xx_hal_tim.o
    0x08008084   0x08008084   0x00000002   Code   RO        10618    i.HAL_UART_ErrorCallback  stm32f4xx_hal_uart.o
    0x08008086   0x08008086   0x00000002   PAD
    0x08008088   0x08008088   0x00000138   Code   RO        10621    i.HAL_UART_IRQHandler  stm32f4xx_hal_uart.o
    0x080081c0   0x080081c0   0x00000064   Code   RO        10622    i.HAL_UART_Init     stm32f4xx_hal_uart.o
    0x08008224   0x08008224   0x00000338   Code   RO         1028    i.HAL_UART_MspInit  usart.o
    0x0800855c   0x0800855c   0x00000002   Code   RO        10628    i.HAL_UART_RxCpltCallback  stm32f4xx_hal_uart.o
    0x0800855e   0x0800855e   0x000000dc   Code   RO        10630    i.HAL_UART_Transmit  stm32f4xx_hal_uart.o
    0x0800863a   0x0800863a   0x00000002   Code   RO        10633    i.HAL_UART_TxCpltCallback  stm32f4xx_hal_uart.o
    0x0800863c   0x0800863c   0x00000004   Code   RO         1487    i.HardFault_Handler  stm32f4xx_it.o
    0x08008640   0x08008640   0x00000020   Code   RO         2128    i.I2C2_DMA_transmit  bsp_i2c.o
    0x08008660   0x08008660   0x000000c0   Code   RO         2129    i.I2C2_tx_DMA_enable  bsp_i2c.o
    0x08008720   0x08008720   0x000000c0   Code   RO         2130    i.I2C2_tx_DMA_init  bsp_i2c.o
    0x080087e0   0x080087e0   0x00000032   Code   RO         8442    i.I2C_IsAcknowledgeFailed  stm32f4xx_hal_i2c.o
    0x08008812   0x08008812   0x00000002   PAD
    0x08008814   0x08008814   0x000000a4   Code   RO         8446    i.I2C_MasterRequestWrite  stm32f4xx_hal_i2c.o
    0x080088b8   0x080088b8   0x00000134   Code   RO         8452    i.I2C_RequestMemoryRead  stm32f4xx_hal_i2c.o
    0x080089ec   0x080089ec   0x000000c0   Code   RO         8453    i.I2C_RequestMemoryWrite  stm32f4xx_hal_i2c.o
    0x08008aac   0x08008aac   0x000000fc   Code   RO         2131    i.I2C_TX_DMA_START  bsp_i2c.o
    0x08008ba8   0x08008ba8   0x0000005c   Code   RO         8461    i.I2C_WaitOnBTFFlagUntilTimeout  stm32f4xx_hal_i2c.o
    0x08008c04   0x08008c04   0x000000b4   Code   RO         8462    i.I2C_WaitOnFlagUntilTimeout  stm32f4xx_hal_i2c.o
    0x08008cb8   0x08008cb8   0x000000ce   Code   RO         8463    i.I2C_WaitOnMasterAddressFlagUntilTimeout  stm32f4xx_hal_i2c.o
    0x08008d86   0x08008d86   0x0000007c   Code   RO         8464    i.I2C_WaitOnRXNEFlagUntilTimeout  stm32f4xx_hal_i2c.o
    0x08008e02   0x08008e02   0x0000005c   Code   RO         8466    i.I2C_WaitOnTXEFlagUntilTimeout  stm32f4xx_hal_i2c.o
    0x08008e5e   0x08008e5e   0x00000002   PAD
    0x08008e60   0x08008e60   0x0000007c   Code   RO         3425    i.INS_cali_gyro     ins_task.o
    0x08008edc   0x08008edc   0x00000048   Code   RO         3426    i.INS_set_cali_gyro  ins_task.o
    0x08008f24   0x08008f24   0x00000384   Code   RO         3427    i.INS_task          ins_task.o
    0x080092a8   0x080092a8   0x0000003e   Code   RO         1334    i.IntToUnicode      usbd_desc.o
    0x080092e6   0x080092e6   0x00000094   Code   RO         4391    i.Line_Draw         rm_cilent_ui.o
    0x0800937a   0x0800937a   0x00000002   PAD
    0x0800937c   0x0800937c   0x00000070   Code   RO          599    i.MX_ADC1_Init      adc.o
    0x080093ec   0x080093ec   0x00000070   Code   RO          600    i.MX_ADC3_Init      adc.o
    0x0800945c   0x0800945c   0x00000044   Code   RO          647    i.MX_CAN1_Init      can.o
    0x080094a0   0x080094a0   0x00000044   Code   RO          648    i.MX_CAN2_Init      can.o
    0x080094e4   0x080094e4   0x00000020   Code   RO          696    i.MX_CRC_Init       crc.o
    0x08009504   0x08009504   0x000000c8   Code   RO          736    i.MX_DMA_Init       dma.o
    0x080095cc   0x080095cc   0x0000015c   Code   RO          535    i.MX_FREERTOS_Init  freertos.o
    0x08009728   0x08009728   0x000002c4   Code   RO          380    i.MX_GPIO_Init      gpio.o
    0x080099ec   0x080099ec   0x0000003c   Code   RO          765    i.MX_I2C1_Init      i2c.o
    0x08009a28   0x08009a28   0x0000003c   Code   RO          766    i.MX_I2C2_Init      i2c.o
    0x08009a64   0x08009a64   0x0000003c   Code   RO          767    i.MX_I2C3_Init      i2c.o
    0x08009aa0   0x08009aa0   0x00000020   Code   RO          819    i.MX_RNG_Init       rng.o
    0x08009ac0   0x08009ac0   0x00000034   Code   RO          861    i.MX_RTC_Init       rtc.o
    0x08009af4   0x08009af4   0x00000048   Code   RO          903    i.MX_SPI1_Init      spi.o
    0x08009b3c   0x08009b3c   0x00000048   Code   RO          904    i.MX_SPI2_Init      spi.o
    0x08009b84   0x08009b84   0x0000006c   Code   RO          952    i.MX_TIM10_Init     tim.o
    0x08009bf0   0x08009bf0   0x00000002   Code   RO          953    i.MX_TIM1_Init      tim.o
    0x08009bf2   0x08009bf2   0x00000002   PAD
    0x08009bf4   0x08009bf4   0x000000a4   Code   RO          954    i.MX_TIM3_Init      tim.o
    0x08009c98   0x08009c98   0x000000a4   Code   RO          955    i.MX_TIM4_Init      tim.o
    0x08009d3c   0x08009d3c   0x000000c4   Code   RO          956    i.MX_TIM5_Init      tim.o
    0x08009e00   0x08009e00   0x000000ec   Code   RO          957    i.MX_TIM8_Init      tim.o
    0x08009eec   0x08009eec   0x00000038   Code   RO         1029    i.MX_USART1_UART_Init  usart.o
    0x08009f24   0x08009f24   0x0000003c   Code   RO         1030    i.MX_USART3_UART_Init  usart.o
    0x08009f60   0x08009f60   0x00000038   Code   RO         1031    i.MX_USART6_UART_Init  usart.o
    0x08009f98   0x08009f98   0x0000004c   Code   RO         1081    i.MX_USB_DEVICE_Init  usb_device.o
    0x08009fe4   0x08009fe4   0x00000004   Code   RO         1488    i.MemManage_Handler  stm32f4xx_it.o
    0x08009fe8   0x08009fe8   0x00000002   Code   RO         1489    i.NMI_Handler       stm32f4xx_it.o
    0x08009fea   0x08009fea   0x00000002   PAD
    0x08009fec   0x08009fec   0x0000001c   Code   RO         4574    i.OLED_LOGO         oled.o
    0x0800a008   0x0800a008   0x00000010   Code   RO         4575    i.OLED_check_ack    oled.o
    0x0800a018   0x0800a018   0x0000002c   Code   RO         4576    i.OLED_com_reset    oled.o
    0x0800a044   0x0800a044   0x00000088   Code   RO         4580    i.OLED_draw_point   oled.o
    0x0800a0cc   0x0800a0cc   0x000000f8   Code   RO         4581    i.OLED_init         oled.o
    0x0800a1c4   0x0800a1c4   0x00000054   Code   RO         4582    i.OLED_operate_gram  oled.o
    0x0800a218   0x0800a218   0x00000040   Code   RO         4583    i.OLED_printf       oled.o
    0x0800a258   0x0800a258   0x00000020   Code   RO         4584    i.OLED_refresh_gram  oled.o
    0x0800a278   0x0800a278   0x00000040   Code   RO         4585    i.OLED_set_pos      oled.o
    0x0800a2b8   0x0800a2b8   0x0000008c   Code   RO         4586    i.OLED_show_char    oled.o
    0x0800a344   0x0800a344   0x0000008a   Code   RO         4587    i.OLED_show_graphic  oled.o
    0x0800a3ce   0x0800a3ce   0x00000032   Code   RO         4588    i.OLED_show_string  oled.o
    0x0800a400   0x0800a400   0x00000010   Code   RO         1490    i.OTG_FS_IRQHandler  stm32f4xx_it.o
    0x0800a410   0x0800a410   0x00000068   Code   RO         6109    i.PCD_EP_OutSetupPacket_int  stm32f4xx_hal_pcd.o
    0x0800a478   0x0800a478   0x000000f0   Code   RO         6110    i.PCD_EP_OutXfrComplete_int  stm32f4xx_hal_pcd.o
    0x0800a568   0x0800a568   0x000000a2   Code   RO         6111    i.PCD_WriteEmptyTxFifo  stm32f4xx_hal_pcd.o
    0x0800a60a   0x0800a60a   0x00000002   PAD
    0x0800a60c   0x0800a60c   0x000003c0   Code   RO         5737    i.PID_Calc          pid.o
    0x0800a9cc   0x0800a9cc   0x00000078   Code   RO         5738    i.PID_Init          pid.o
    0x0800aa44   0x0800aa44   0x000001f0   Code   RO         5739    i.PID_calc          pid.o
    0x0800ac34   0x0800ac34   0x0000004c   Code   RO         5740    i.PID_clear         pid.o
    0x0800ac80   0x0800ac80   0x00000060   Code   RO         5741    i.PID_init          pid.o
    0x0800ace0   0x0800ace0   0x0000009c   Code   RO         2260    i.RC_Init           bsp_rc.o
    0x0800ad7c   0x0800ad7c   0x00000374   Code   RO         2431    i.RC_cmd_to_calibrate  calibrate_task.o
    0x0800b0f0   0x0800b0f0   0x00000050   Code   RO         2261    i.RC_restart        bsp_rc.o
    0x0800b140   0x0800b140   0x00000018   Code   RO         2262    i.RC_unable         bsp_rc.o
    0x0800b158   0x0800b158   0x00000042   Code   RO         8989    i.RTC_EnterInitMode  stm32f4xx_hal_rtc.o
    0x0800b19a   0x0800b19a   0x00000002   PAD
    0x0800b19c   0x0800b19c   0x000000c0   Code   RO         3030    i.SERIO_Control     gimbal_task.o
    0x0800b25c   0x0800b25c   0x0000273c   Code   RO         2335    i.SPI1_DMA_enable   bsp_spi.o
    0x0800d998   0x0800d998   0x00000180   Code   RO         2336    i.SPI1_DMA_init     bsp_spi.o
    0x0800db18   0x0800db18   0x00000064   Code   RO         9385    i.SPI_EndRxTxTransaction  stm32f4xx_hal_spi.o
    0x0800db7c   0x0800db7c   0x000000a6   Code   RO         9390    i.SPI_WaitFlagStateUntilTimeout  stm32f4xx_hal_spi.o
    0x0800dc22   0x0800dc22   0x00000002   PAD
    0x0800dc24   0x0800dc24   0x00000280   Code   RO         4197    i.Shoot_Feedback_Update  shoot_task.o
    0x0800dea4   0x0800dea4   0x00000060   Code   RO         4198    i.Shoot_Set_Mode    shoot_task.o
    0x0800df04   0x0800df04   0x00000014   Code   RO         1491    i.SysTick_Handler   stm32f4xx_it.o
    0x0800df18   0x0800df18   0x000000d4   Code   RO           14    i.SystemClock_Config  main.o
    0x0800dfec   0x0800dfec   0x00000064   Code   RO         1672    i.SystemInit        system_stm32f4xx.o
    0x0800e050   0x0800e050   0x000000cc   Code   RO         9748    i.TIM_Base_SetConfig  stm32f4xx_hal_tim.o
    0x0800e11c   0x0800e11c   0x0000001e   Code   RO         9749    i.TIM_CCxChannelCmd  stm32f4xx_hal_tim.o
    0x0800e13a   0x0800e13a   0x00000016   Code   RO         9759    i.TIM_ETR_SetConfig  stm32f4xx_hal_tim.o
    0x0800e150   0x0800e150   0x00000010   Code   RO         9760    i.TIM_ITRx_SetConfig  stm32f4xx_hal_tim.o
    0x0800e160   0x0800e160   0x00000070   Code   RO         9761    i.TIM_OC1_SetConfig  stm32f4xx_hal_tim.o
    0x0800e1d0   0x0800e1d0   0x00000078   Code   RO         9762    i.TIM_OC2_SetConfig  stm32f4xx_hal_tim.o
    0x0800e248   0x0800e248   0x00000078   Code   RO         9763    i.TIM_OC3_SetConfig  stm32f4xx_hal_tim.o
    0x0800e2c0   0x0800e2c0   0x00000058   Code   RO         9764    i.TIM_OC4_SetConfig  stm32f4xx_hal_tim.o
    0x0800e318   0x0800e318   0x00000026   Code   RO         9766    i.TIM_TI1_ConfigInputStage  stm32f4xx_hal_tim.o
    0x0800e33e   0x0800e33e   0x00000024   Code   RO         9768    i.TIM_TI2_ConfigInputStage  stm32f4xx_hal_tim.o
    0x0800e362   0x0800e362   0x00000010   Code   RO        10635    i.UART_DMAAbortOnError  stm32f4xx_hal_uart.o
    0x0800e372   0x0800e372   0x0000001c   Code   RO        10645    i.UART_EndRxTransfer  stm32f4xx_hal_uart.o
    0x0800e38e   0x0800e38e   0x0000001a   Code   RO        10646    i.UART_EndTransmit_IT  stm32f4xx_hal_uart.o
    0x0800e3a8   0x0800e3a8   0x0000009c   Code   RO        10648    i.UART_Receive_IT   stm32f4xx_hal_uart.o
    0x0800e444   0x0800e444   0x00000340   Code   RO        10649    i.UART_SetConfig    stm32f4xx_hal_uart.o
    0x0800e784   0x0800e784   0x00000066   Code   RO        10650    i.UART_Transmit_IT  stm32f4xx_hal_uart.o
    0x0800e7ea   0x0800e7ea   0x00000078   Code   RO        10651    i.UART_WaitOnFlagUntilTimeout  stm32f4xx_hal_uart.o
    0x0800e862   0x0800e862   0x00000002   PAD
    0x0800e864   0x0800e864   0x00000200   Code   RO         4394    i.UI_ReFresh        rm_cilent_ui.o
    0x0800ea64   0x0800ea64   0x00000018   Code   RO         4395    i.UI_SendByte       rm_cilent_ui.o
    0x0800ea7c   0x0800ea7c   0x000005b4   Code   RO         4505    i.UI_tasks          ui_update.o
    0x0800f030   0x0800f030   0x00000124   Code   RO         4321    i.USART1_IRQHandler  vision_usart.o
    0x0800f154   0x0800f154   0x00000130   Code   RO         3844    i.USART3_IRQHandler  remote_control.o
    0x0800f284   0x0800f284   0x00000128   Code   RO         3787    i.USART6_IRQHandler  referee_usart_task.o
    0x0800f3ac   0x0800f3ac   0x0000004c   Code   RO        12705    i.USBD_CDC_DataIn   usbd_cdc.o
    0x0800f3f8   0x0800f3f8   0x00000030   Code   RO        12706    i.USBD_CDC_DataOut  usbd_cdc.o
    0x0800f428   0x0800f428   0x00000046   Code   RO        12707    i.USBD_CDC_DeInit   usbd_cdc.o
    0x0800f46e   0x0800f46e   0x0000002a   Code   RO        12708    i.USBD_CDC_EP0_RxReady  usbd_cdc.o
    0x0800f498   0x0800f498   0x0000000c   Code   RO        12709    i.USBD_CDC_GetDeviceQualifierDescriptor  usbd_cdc.o
    0x0800f4a4   0x0800f4a4   0x0000000c   Code   RO        12710    i.USBD_CDC_GetFSCfgDesc  usbd_cdc.o
    0x0800f4b0   0x0800f4b0   0x0000000c   Code   RO        12711    i.USBD_CDC_GetHSCfgDesc  usbd_cdc.o
    0x0800f4bc   0x0800f4bc   0x0000000c   Code   RO        12712    i.USBD_CDC_GetOtherSpeedCfgDesc  usbd_cdc.o
    0x0800f4c8   0x0800f4c8   0x000000ac   Code   RO        12713    i.USBD_CDC_Init     usbd_cdc.o
    0x0800f574   0x0800f574   0x00000032   Code   RO        12714    i.USBD_CDC_ReceivePacket  usbd_cdc.o
    0x0800f5a6   0x0800f5a6   0x00000010   Code   RO        12715    i.USBD_CDC_RegisterInterface  usbd_cdc.o
    0x0800f5b6   0x0800f5b6   0x0000000c   Code   RO        12716    i.USBD_CDC_SetRxBuffer  usbd_cdc.o
    0x0800f5c2   0x0800f5c2   0x00000010   Code   RO        12717    i.USBD_CDC_SetTxBuffer  usbd_cdc.o
    0x0800f5d2   0x0800f5d2   0x000000e6   Code   RO        12718    i.USBD_CDC_Setup    usbd_cdc.o
    0x0800f6b8   0x0800f6b8   0x00000038   Code   RO        12719    i.USBD_CDC_TransmitPacket  usbd_cdc.o
    0x0800f6f0   0x0800f6f0   0x0000000e   Code   RO        12412    i.USBD_ClrClassConfig  usbd_core.o
    0x0800f6fe   0x0800f6fe   0x00000026   Code   RO        12550    i.USBD_ClrFeature   usbd_ctlreq.o
    0x0800f724   0x0800f724   0x00000010   Code   RO        12645    i.USBD_CtlContinueRx  usbd_ioreq.o
    0x0800f734   0x0800f734   0x00000010   Code   RO        12646    i.USBD_CtlContinueSendData  usbd_ioreq.o
    0x0800f744   0x0800f744   0x00000018   Code   RO        12551    i.USBD_CtlError     usbd_ctlreq.o
    0x0800f75c   0x0800f75c   0x0000001e   Code   RO        12647    i.USBD_CtlPrepareRx  usbd_ioreq.o
    0x0800f77a   0x0800f77a   0x00000016   Code   RO        12648    i.USBD_CtlReceiveStatus  usbd_ioreq.o
    0x0800f790   0x0800f790   0x0000001a   Code   RO        12649    i.USBD_CtlSendData  usbd_ioreq.o
    0x0800f7aa   0x0800f7aa   0x00000016   Code   RO        12650    i.USBD_CtlSendStatus  usbd_ioreq.o
    0x0800f7c0   0x0800f7c0   0x00000034   Code   RO         1335    i.USBD_FS_ConfigStrDescriptor  usbd_desc.o
    0x0800f7f4   0x0800f7f4   0x00000010   Code   RO         1336    i.USBD_FS_DeviceDescriptor  usbd_desc.o
    0x0800f804   0x0800f804   0x00000038   Code   RO         1337    i.USBD_FS_InterfaceStrDescriptor  usbd_desc.o
    0x0800f83c   0x0800f83c   0x00000010   Code   RO         1338    i.USBD_FS_LangIDStrDescriptor  usbd_desc.o
    0x0800f84c   0x0800f84c   0x0000002c   Code   RO         1339    i.USBD_FS_ManufacturerStrDescriptor  usbd_desc.o
    0x0800f878   0x0800f878   0x00000040   Code   RO         1340    i.USBD_FS_ProductStrDescriptor  usbd_desc.o
    0x0800f8b8   0x0800f8b8   0x00000018   Code   RO         1341    i.USBD_FS_SerialStrDescriptor  usbd_desc.o
    0x0800f8d0   0x0800f8d0   0x00000034   Code   RO        12552    i.USBD_GetConfig    usbd_ctlreq.o
    0x0800f904   0x0800f904   0x00000136   Code   RO        12553    i.USBD_GetDescriptor  usbd_ctlreq.o
    0x0800fa3a   0x0800fa3a   0x00000018   Code   RO        12554    i.USBD_GetLen       usbd_ctlreq.o
    0x0800fa52   0x0800fa52   0x00000036   Code   RO        12555    i.USBD_GetStatus    usbd_ctlreq.o
    0x0800fa88   0x0800fa88   0x00000044   Code   RO        12556    i.USBD_GetString    usbd_ctlreq.o
    0x0800facc   0x0800facc   0x0000002c   Code   RO         1151    i.USBD_Get_USB_Status  usbd_conf.o
    0x0800faf8   0x0800faf8   0x0000002c   Code   RO        12414    i.USBD_Init         usbd_core.o
    0x0800fb24   0x0800fb24   0x00000026   Code   RO         1152    i.USBD_LL_ClearStallEP  usbd_conf.o
    0x0800fb4a   0x0800fb4a   0x00000026   Code   RO         1153    i.USBD_LL_CloseEP   usbd_conf.o
    0x0800fb70   0x0800fb70   0x000000d6   Code   RO        12415    i.USBD_LL_DataInStage  usbd_core.o
    0x0800fc46   0x0800fc46   0x0000008a   Code   RO        12416    i.USBD_LL_DataOutStage  usbd_core.o
    0x0800fcd0   0x0800fcd0   0x00000004   Code   RO        12417    i.USBD_LL_DevConnected  usbd_core.o
    0x0800fcd4   0x0800fcd4   0x00000016   Code   RO        12418    i.USBD_LL_DevDisconnected  usbd_core.o
    0x0800fcea   0x0800fcea   0x00000012   Code   RO         1157    i.USBD_LL_GetRxDataSize  usbd_conf.o
    0x0800fcfc   0x0800fcfc   0x00000068   Code   RO         1158    i.USBD_LL_Init      usbd_conf.o
    0x0800fd64   0x0800fd64   0x00000038   Code   RO         1159    i.USBD_LL_IsStallEP  usbd_conf.o
    0x0800fd9c   0x0800fd9c   0x00000004   Code   RO        12419    i.USBD_LL_IsoINIncomplete  usbd_core.o
    0x0800fda0   0x0800fda0   0x00000004   Code   RO        12420    i.USBD_LL_IsoOUTIncomplete  usbd_core.o
    0x0800fda4   0x0800fda4   0x00000030   Code   RO         1160    i.USBD_LL_OpenEP    usbd_conf.o
    0x0800fdd4   0x0800fdd4   0x00000030   Code   RO         1161    i.USBD_LL_PrepareReceive  usbd_conf.o
    0x0800fe04   0x0800fe04   0x00000052   Code   RO        12421    i.USBD_LL_Reset     usbd_core.o
    0x0800fe56   0x0800fe56   0x0000000c   Code   RO        12422    i.USBD_LL_Resume    usbd_core.o
    0x0800fe62   0x0800fe62   0x00000018   Code   RO        12423    i.USBD_LL_SOF       usbd_core.o
    0x0800fe7a   0x0800fe7a   0x00000006   Code   RO        12424    i.USBD_LL_SetSpeed  usbd_core.o
    0x0800fe80   0x0800fe80   0x00000026   Code   RO         1162    i.USBD_LL_SetUSBAddress  usbd_conf.o
    0x0800fea6   0x0800fea6   0x0000005e   Code   RO        12425    i.USBD_LL_SetupStage  usbd_core.o
    0x0800ff04   0x0800ff04   0x00000026   Code   RO         1163    i.USBD_LL_StallEP   usbd_conf.o
    0x0800ff2a   0x0800ff2a   0x0000001e   Code   RO         1164    i.USBD_LL_Start     usbd_conf.o
    0x0800ff48   0x0800ff48   0x00000012   Code   RO        12426    i.USBD_LL_Suspend   usbd_core.o
    0x0800ff5a   0x0800ff5a   0x00000030   Code   RO         1166    i.USBD_LL_Transmit  usbd_conf.o
    0x0800ff8a   0x0800ff8a   0x00000028   Code   RO        12557    i.USBD_ParseSetupRequest  usbd_ctlreq.o
    0x0800ffb2   0x0800ffb2   0x00000012   Code   RO        12427    i.USBD_RegisterClass  usbd_core.o
    0x0800ffc4   0x0800ffc4   0x00000004   Code   RO        12428    i.USBD_RunTestMode  usbd_core.o
    0x0800ffc8   0x0800ffc8   0x00000058   Code   RO        12558    i.USBD_SetAddress   usbd_ctlreq.o
    0x08010020   0x08010020   0x00000018   Code   RO        12429    i.USBD_SetClassConfig  usbd_core.o
    0x08010038   0x08010038   0x000000cc   Code   RO        12559    i.USBD_SetConfig    usbd_ctlreq.o
    0x08010104   0x08010104   0x00000010   Code   RO        12560    i.USBD_SetFeature   usbd_ctlreq.o
    0x08010114   0x08010114   0x0000000a   Code   RO        12430    i.USBD_Start        usbd_core.o
    0x0801011e   0x0801011e   0x00000080   Code   RO        12561    i.USBD_StdDevReq    usbd_ctlreq.o
    0x0801019e   0x0801019e   0x000001f0   Code   RO        12562    i.USBD_StdEPReq     usbd_ctlreq.o
    0x0801038e   0x0801038e   0x0000006a   Code   RO        12563    i.USBD_StdItfReq    usbd_ctlreq.o
    0x080103f8   0x080103f8   0x0000009c   Code   RO         6345    i.USB_ActivateEndpoint  stm32f4xx_ll_usb.o
    0x08010494   0x08010494   0x00000034   Code   RO         6347    i.USB_ActivateSetup  stm32f4xx_ll_usb.o
    0x080104c8   0x080104c8   0x0000007e   Code   RO         6349    i.USB_CoreInit      stm32f4xx_ll_usb.o
    0x08010546   0x08010546   0x00000002   PAD
    0x08010548   0x08010548   0x0000003c   Code   RO         6350    i.USB_CoreReset     stm32f4xx_ll_usb.o
    0x08010584   0x08010584   0x00000090   Code   RO         6353    i.USB_DeactivateEndpoint  stm32f4xx_ll_usb.o
    0x08010614   0x08010614   0x00000018   Code   RO         6354    i.USB_DevConnect    stm32f4xx_ll_usb.o
    0x0801062c   0x0801062c   0x00000018   Code   RO         6355    i.USB_DevDisconnect  stm32f4xx_ll_usb.o
    0x08010644   0x08010644   0x0000018c   Code   RO         6356    i.USB_DevInit       stm32f4xx_ll_usb.o
    0x080107d0   0x080107d0   0x0000000c   Code   RO         6357    i.USB_DisableGlobalInt  stm32f4xx_ll_usb.o
    0x080107dc   0x080107dc   0x0000012a   Code   RO         6360    i.USB_EP0StartXfer  stm32f4xx_ll_usb.o
    0x08010906   0x08010906   0x00000002   PAD
    0x08010908   0x08010908   0x00000060   Code   RO         6361    i.USB_EP0_OutStart  stm32f4xx_ll_usb.o
    0x08010968   0x08010968   0x00000058   Code   RO         6362    i.USB_EPClearStall  stm32f4xx_ll_usb.o
    0x080109c0   0x080109c0   0x0000005e   Code   RO         6363    i.USB_EPSetStall    stm32f4xx_ll_usb.o
    0x08010a1e   0x08010a1e   0x00000228   Code   RO         6364    i.USB_EPStartXfer   stm32f4xx_ll_usb.o
    0x08010c46   0x08010c46   0x0000000c   Code   RO         6365    i.USB_EnableGlobalInt  stm32f4xx_ll_usb.o
    0x08010c52   0x08010c52   0x00000002   PAD
    0x08010c54   0x08010c54   0x00000024   Code   RO         6366    i.USB_FlushRxFifo   stm32f4xx_ll_usb.o
    0x08010c78   0x08010c78   0x00000028   Code   RO         6367    i.USB_FlushTxFifo   stm32f4xx_ll_usb.o
    0x08010ca0   0x08010ca0   0x00000020   Code   RO         6369    i.USB_GetDevSpeed   stm32f4xx_ll_usb.o
    0x08010cc0   0x08010cc0   0x00000008   Code   RO         6371    i.USB_GetMode       stm32f4xx_ll_usb.o
    0x08010cc8   0x08010cc8   0x0000000e   Code   RO         6378    i.USB_ReadDevAllInEpInterrupt  stm32f4xx_ll_usb.o
    0x08010cd6   0x08010cd6   0x0000000e   Code   RO         6379    i.USB_ReadDevAllOutEpInterrupt  stm32f4xx_ll_usb.o
    0x08010ce4   0x08010ce4   0x00000024   Code   RO         6380    i.USB_ReadDevInEPInterrupt  stm32f4xx_ll_usb.o
    0x08010d08   0x08010d08   0x00000010   Code   RO         6381    i.USB_ReadDevOutEPInterrupt  stm32f4xx_ll_usb.o
    0x08010d18   0x08010d18   0x00000008   Code   RO         6382    i.USB_ReadInterrupts  stm32f4xx_ll_usb.o
    0x08010d20   0x08010d20   0x00000024   Code   RO         6383    i.USB_ReadPacket    stm32f4xx_ll_usb.o
    0x08010d44   0x08010d44   0x00000030   Code   RO         6385    i.USB_SetCurrentMode  stm32f4xx_ll_usb.o
    0x08010d74   0x08010d74   0x00000022   Code   RO         6386    i.USB_SetDevAddress  stm32f4xx_ll_usb.o
    0x08010d96   0x08010d96   0x0000000e   Code   RO         6387    i.USB_SetDevSpeed   stm32f4xx_ll_usb.o
    0x08010da4   0x08010da4   0x000000f4   Code   RO         6388    i.USB_SetTurnaroundTime  stm32f4xx_ll_usb.o
    0x08010e98   0x08010e98   0x00000030   Code   RO         6391    i.USB_WritePacket   stm32f4xx_ll_usb.o
    0x08010ec8   0x08010ec8   0x00000004   Code   RO         1492    i.UsageFault_Handler  stm32f4xx_it.o
    0x08010ecc   0x08010ecc   0x00000030   Code   RO        13705    i.__ARM_fpclassify  m_wm.l(fpclassify.o)
    0x08010efc   0x08010efc   0x00000026   Code   RO        13584    i.__ARM_fpclassifyf  m_wm.l(fpclassifyf.o)
    0x08010f22   0x08010f22   0x00000006   Code   RO         5452    i.__get_PRIMASK     fifo.o
    0x08010f28   0x08010f28   0x0000012c   Code   RO        13346    i.__hardfp_asinf    m_wm.l(asinf.o)
    0x08011054   0x08011054   0x000002ac   Code   RO        13358    i.__hardfp_atan2f   m_wm.l(atan2f.o)
    0x08011300   0x08011300   0x00000014   Code   RO        13370    i.__hardfp_fabs     m_wm.l(fabs.o)
    0x08011314   0x08011314   0x0000003a   Code   RO        13388    i.__hardfp_sqrtf    m_wm.l(sqrtf_full.o)
    0x0801134e   0x0801134e   0x00000006   Code   RO        13587    i.__mathlib_flt_infnan  m_wm.l(funder.o)
    0x08011354   0x08011354   0x00000006   Code   RO        13588    i.__mathlib_flt_infnan2  m_wm.l(funder.o)
    0x0801135a   0x0801135a   0x00000002   PAD
    0x0801135c   0x0801135c   0x00000010   Code   RO        13589    i.__mathlib_flt_invalid  m_wm.l(funder.o)
    0x0801136c   0x0801136c   0x00000010   Code   RO        13592    i.__mathlib_flt_underflow  m_wm.l(funder.o)
    0x0801137c   0x0801137c   0x00000006   Code   RO         5453    i.__set_PRIMASK     fifo.o
    0x08011382   0x08011382   0x0000000e   Code   RO        13282    i._is_digit         c_w.l(__printf_wp.o)
    0x08011390   0x08011390   0x00000068   Code   RO         2231    i.aRGB_led_show     bsp_led.o
    0x080113f8   0x080113f8   0x000001d0   Code   RO        12811    i.accel_comple_filter  AHRS.lib(ahrs.o)
    0x080115c8   0x080115c8   0x0000018c   Code   RO        12812    i.accel_update_kp_ki  AHRS.lib(ahrs.o)
    0x08011754   0x08011754   0x0000003c   Code   RO         1708    i.adcx_get_chx_value  bsp_adc.o
    0x08011790   0x08011790   0x0000016c   Code   RO        12813    i.angle_to_quat     AHRS.lib(ahrs.o)
    0x080118fc   0x080118fc   0x00000044   Code   RO         4120    i.battery_voltage_task  voltage_task.o
    0x08011940   0x08011940   0x00000134   Code   RO         4712    i.bmi088_accel_init  bmi088driver.o
    0x08011a74   0x08011a74   0x000002fc   Code   RO         4713    i.bmi088_accel_self_test  bmi088driver.o
    0x08011d70   0x08011d70   0x000000f4   Code   RO         4714    i.bmi088_gyro_init  bmi088driver.o
    0x08011e64   0x08011e64   0x000000d0   Code   RO         4715    i.bmi088_gyro_self_test  bmi088driver.o
    0x08011f34   0x08011f34   0x0000013c   Code   RO         2132    i.bsp_I2C_check_ack  bsp_i2c.o
    0x08012070   0x08012070   0x0000004c   Code   RO         2133    i.bsp_I2C_master_transmit  bsp_i2c.o
    0x080120bc   0x080120bc   0x0000004c   Code   RO         2134    i.bsp_I2C_reset     bsp_i2c.o
    0x08012108   0x08012108   0x00000002   Code   RO         1858    i.buzzer_off        bsp_buzzer.o
    0x0801210a   0x0801210a   0x00000002   Code   RO         1859    i.buzzer_on         bsp_buzzer.o
    0x0801210c   0x0801210c   0x0000007c   Code   RO         3917    i.buzzer_warn_error  test_task.o
    0x08012188   0x08012188   0x000000e8   Code   RO         4121    i.calc_battery_percentage  voltage_task.o
    0x08012270   0x08012270   0x00000194   Code   RO         3031    i.calc_gimbal_cali  gimbal_task.o
    0x08012404   0x08012404   0x000000ec   Code   RO         2432    i.cali_data_read    calibrate_task.o
    0x080124f0   0x080124f0   0x0000008c   Code   RO         2433    i.cali_data_write   calibrate_task.o
    0x0801257c   0x0801257c   0x0000006c   Code   RO         2434    i.cali_gimbal_hook  calibrate_task.o
    0x080125e8   0x080125e8   0x00000064   Code   RO         2435    i.cali_gyro_hook    calibrate_task.o
    0x0801264c   0x0801264c   0x00000046   Code   RO         2436    i.cali_head_hook    calibrate_task.o
    0x08012692   0x08012692   0x00000002   PAD
    0x08012694   0x08012694   0x000000b8   Code   RO         2437    i.cali_param_init   calibrate_task.o
    0x0801274c   0x0801274c   0x00000148   Code   RO         2438    i.calibrate_task    calibrate_task.o
    0x08012894   0x08012894   0x0000005c   Code   RO         1892    i.can_filter_init   bsp_can.o
    0x080128f0   0x080128f0   0x00000118   Code   RO         3032    i.cmd_cali_gimbal_hook  gimbal_task.o
    0x08012a08   0x08012a08   0x00000030   Code   RO         1961    i.delay_init        bsp_delay.o
    0x08012a38   0x08012a38   0x00000050   Code   RO         1963    i.delay_us          bsp_delay.o
    0x08012a88   0x08012a88   0x00000124   Code   RO         2681    i.detect_hook       detect_task.o
    0x08012bac   0x08012bac   0x00000184   Code   RO         2682    i.detect_init       detect_task.o
    0x08012d30   0x08012d30   0x00000288   Code   RO         2683    i.detect_task       detect_task.o
    0x08012fb8   0x08012fb8   0x0000003a   Code   RO         5471    i.fifo_s_get        fifo.o
    0x08012ff2   0x08012ff2   0x00000016   Code   RO         5474    i.fifo_s_init       fifo.o
    0x08013008   0x08013008   0x000000a0   Code   RO         5480    i.fifo_s_puts       fifo.o
    0x080130a8   0x080130a8   0x00000006   Code   RO         5482    i.fifo_s_used       fifo.o
    0x080130ae   0x080130ae   0x00000054   Code   RO         5223    i.first_order_filter_cali  user_lib.o
    0x08013102   0x08013102   0x00000002   PAD
    0x08013104   0x08013104   0x00000024   Code   RO         5224    i.first_order_filter_init  user_lib.o
    0x08013128   0x08013128   0x0000002e   Code   RO         2002    i.flash_erase_address  bsp_flash.o
    0x08013156   0x08013156   0x00000014   Code   RO         2003    i.flash_read        bsp_flash.o
    0x0801316a   0x0801316a   0x00000002   PAD
    0x0801316c   0x0801316c   0x00000098   Code   RO         2005    i.flash_write_single_address  bsp_flash.o
    0x08013204   0x08013204   0x00000160   Code   RO         4199    i.fric_control_loop  shoot_task.o
    0x08013364   0x08013364   0x000000f4   Code   RO         2006    i.ger_sector        bsp_flash.o
    0x08013458   0x08013458   0x00000034   Code   RO         5393    i.get_CRC16_check_sum  crc8_crc16.o
    0x0801348c   0x0801348c   0x00000024   Code   RO         5394    i.get_CRC8_check_sum  crc8_crc16.o
    0x080134b0   0x080134b0   0x00000008   Code   RO         3428    i.get_INS_angle_point  ins_task.o
    0x080134b8   0x080134b8   0x000000e8   Code   RO        12814    i.get_angle         AHRS.lib(ahrs.o)
    0x080135a0   0x080135a0   0x00000024   Code   RO         4122    i.get_battery_percentage  voltage_task.o
    0x080135c4   0x080135c4   0x00000048   Code   RO         1709    i.get_battery_voltage  bsp_adc.o
    0x0801360c   0x0801360c   0x0000000c   Code   RO         2439    i.get_control_temperature  calibrate_task.o
    0x08013618   0x08013618   0x00000008   Code   RO         2684    i.get_error_list_point  detect_task.o
    0x08013620   0x08013620   0x00000008   Code   RO         3431    i.get_gyro_data_point  ins_task.o
    0x08013628   0x08013628   0x000000e8   Code   RO         2007    i.get_next_flash_address  bsp_flash.o
    0x08013710   0x08013710   0x00000008   Code   RO         4023    i.get_pitch_gimbal_motor_measure_point  can_receive.o
    0x08013718   0x08013718   0x00000008   Code   RO         3845    i.get_remote_control_point  remote_control.o
    0x08013720   0x08013720   0x0000000c   Code   RO         3724    i.get_robot_id      referee.o
    0x0801372c   0x0801372c   0x00000018   Code   RO         4024    i.get_shoot_motor_measure_point  can_receive.o
    0x08013744   0x08013744   0x0000005c   Code   RO         1711    i.get_temprate      bsp_adc.o
    0x080137a0   0x080137a0   0x00000008   Code   RO         4025    i.get_trigger_motor_measure_point  can_receive.o
    0x080137a8   0x080137a8   0x00000008   Code   RO         4322    i.get_vision_rxfifo_point  vision_usart.o
    0x080137b0   0x080137b0   0x00000008   Code   RO         4026    i.get_yaw_gimbal_motor_measure_point  can_receive.o
    0x080137b8   0x080137b8   0x0000004c   Code   RO         3036    i.gimbal_PID_clear  gimbal_task.o
    0x08013804   0x08013804   0x00000030   Code   RO         3037    i.gimbal_PID_init   gimbal_task.o
    0x08013834   0x08013834   0x000000b0   Code   RO         3038    i.gimbal_absolute_angle_limit  gimbal_task.o
    0x080138e4   0x080138e4   0x00000264   Code   RO         2759    i.gimbal_angle_control  gimbal_behaviour.o
    0x08013b48   0x08013b48   0x00000094   Code   RO         2761    i.gimbal_behaviour_control_set  gimbal_behaviour.o
    0x08013bdc   0x08013bdc   0x00000064   Code   RO         2762    i.gimbal_behaviour_mode_set  gimbal_behaviour.o
    0x08013c40   0x08013c40   0x0000004c   Code   RO         2763    i.gimbal_behavour_set  gimbal_behaviour.o
    0x08013c8c   0x08013c8c   0x000001d0   Code   RO         2764    i.gimbal_cali_control  gimbal_behaviour.o
    0x08013e5c   0x08013e5c   0x00000070   Code   RO         3039    i.gimbal_control_loop  gimbal_task.o
    0x08013ecc   0x08013ecc   0x00000100   Code   RO         3040    i.gimbal_feedback_update  gimbal_task.o
    0x08013fcc   0x08013fcc   0x00000280   Code   RO         3041    i.gimbal_init       gimbal_task.o
    0x0801424c   0x0801424c   0x000000c4   Code   RO         2767    i.gimbal_init_control  gimbal_behaviour.o
    0x08014310   0x08014310   0x000000c0   Code   RO         3042    i.gimbal_mode_change_control_transit  gimbal_task.o
    0x080143d0   0x080143d0   0x00000020   Code   RO         2768    i.gimbal_motionless_control  gimbal_behaviour.o
    0x080143f0   0x080143f0   0x000000a0   Code   RO         3043    i.gimbal_motor_absolute_angle_control  gimbal_task.o
    0x08014490   0x08014490   0x00000022   Code   RO         3044    i.gimbal_motor_raw_angle_control  gimbal_task.o
    0x080144b2   0x080144b2   0x00000002   PAD
    0x080144b4   0x080144b4   0x00000060   Code   RO         3045    i.gimbal_motor_relative_angle_control  gimbal_task.o
    0x08014514   0x08014514   0x00000016   Code   RO         3047    i.gimbal_motor_second_order_linear_controller_init  gimbal_task.o
    0x0801452a   0x0801452a   0x00000002   PAD
    0x0801452c   0x0801452c   0x000000fc   Code   RO         2769    i.gimbal_relative_angle_control  gimbal_behaviour.o
    0x08014628   0x08014628   0x000000cc   Code   RO         3048    i.gimbal_relative_angle_limit  gimbal_task.o
    0x080146f4   0x080146f4   0x0000044a   Code   RO         3049    i.gimbal_set_control  gimbal_task.o
    0x08014b3e   0x08014b3e   0x00000012   Code   RO         3050    i.gimbal_set_mode   gimbal_task.o
    0x08014b50   0x08014b50   0x000000f8   Code   RO         3051    i.gimbal_task       gimbal_task.o
    0x08014c48   0x08014c48   0x00000020   Code   RO         2771    i.gimbal_zero_force_control  gimbal_behaviour.o
    0x08014c68   0x08014c68   0x00000054   Code   RO         3433    i.gyro_offset_calc  ins_task.o
    0x08014cbc   0x08014cbc   0x0000012c   Code   RO         3434    i.imu_cali_slove    ins_task.o
    0x08014de8   0x08014de8   0x000001a8   Code   RO         3435    i.imu_cmd_spi_dma   ins_task.o
    0x08014f90   0x08014f90   0x0000000c   Code   RO         2099    i.imu_pwm_set       bsp_imu_pwm.o
    0x08014f9c   0x08014f9c   0x000000b8   Code   RO         3436    i.imu_temp_control  ins_task.o
    0x08015054   0x08015054   0x000000c0   Code   RO         3726    i.init_referee_struct_data  referee.o
    0x08015114   0x08015114   0x00000040   Code   RO         1712    i.init_vrefint_reciprocal  bsp_adc.o
    0x08015154   0x08015154   0x00000002   Code   RO         4970    i.ist8310_GPIO_init  ist8310driver_middleware.o
    0x08015156   0x08015156   0x00000002   PAD
    0x08015158   0x08015158   0x00000028   Code   RO         4972    i.ist8310_IIC_read_single_reg  ist8310driver_middleware.o
    0x08015180   0x08015180   0x00000028   Code   RO         4974    i.ist8310_IIC_write_single_reg  ist8310driver_middleware.o
    0x080151a8   0x080151a8   0x00000014   Code   RO         4975    i.ist8310_RST_H     ist8310driver_middleware.o
    0x080151bc   0x080151bc   0x00000014   Code   RO         4976    i.ist8310_RST_L     ist8310driver_middleware.o
    0x080151d0   0x080151d0   0x00000002   Code   RO         4977    i.ist8310_com_init  ist8310driver_middleware.o
    0x080151d2   0x080151d2   0x0000000c   Code   RO         4978    i.ist8310_delay_ms  ist8310driver_middleware.o
    0x080151de   0x080151de   0x00000002   PAD
    0x080151e0   0x080151e0   0x00000094   Code   RO         4935    i.ist8310_init      ist8310driver.o
    0x08015274   0x08015274   0x00000038   Code   RO         5328    i.kalmanCreate      kalman.o
    0x080152ac   0x080152ac   0x00000010   Code   RO         2198    i.laser_on          bsp_laser.o
    0x080152bc   0x080152bc   0x000001b0   Code   RO         4164    i.led_RGB_flow_task  led_flow_task.o
    0x0801546c   0x0801546c   0x00000060   Code   RO         5230    i.loop_fp32_constrain  user_lib.o
    0x080154cc   0x080154cc   0x00000084   Code   RO           15    i.main              main.o
    0x08015550   0x08015550   0x0000000c   Code   RO        11904    i.makeFreeRtosPriority  cmsis_os.o
    0x0801555c   0x0801555c   0x00000020   Code   RO         3052    i.motor_ecd_to_angle_change  gimbal_task.o
    0x0801557c   0x0801557c   0x00000214   Code   RO         3594    i.oled_task         oled_task.o
    0x08015790   0x08015790   0x00000030   Code   RO         4589    i.oled_write_byte   oled.o
    0x080157c0   0x080157c0   0x00000010   Code   RO        11906    i.osDelay           cmsis_os.o
    0x080157d0   0x080157d0   0x0000000a   Code   RO        11909    i.osKernelStart     cmsis_os.o
    0x080157da   0x080157da   0x0000005c   Code   RO        11943    i.osThreadCreate    cmsis_os.o
    0x08015836   0x08015836   0x00000002   PAD
    0x08015838   0x08015838   0x00000024   Code   RO        11401    i.pcTaskGetName     tasks.o
    0x0801585c   0x0801585c   0x00000080   Code   RO        11402    i.prvAddCurrentTaskToDelayedList  tasks.o
    0x080158dc   0x080158dc   0x00000088   Code   RO        11403    i.prvAddNewTaskToReadyList  tasks.o
    0x08015964   0x08015964   0x0000005c   Code   RO        11751    i.prvCheckForValidListAndQueue  timers.o
    0x080159c0   0x080159c0   0x00000040   Code   RO        11404    i.prvCheckTasksWaitingTermination  tasks.o
    0x08015a00   0x08015a00   0x00000024   Code   RO        11067    i.prvCopyDataFromQueue  queue.o
    0x08015a24   0x08015a24   0x0000006e   Code   RO        11068    i.prvCopyDataToQueue  queue.o
    0x08015a92   0x08015a92   0x00000040   Code   RO        11405    i.prvDeleteTCB      tasks.o
    0x08015ad2   0x08015ad2   0x00000002   PAD
    0x08015ad4   0x08015ad4   0x00000024   Code   RO        11752    i.prvGetNextExpireTime  timers.o
    0x08015af8   0x08015af8   0x00000050   Code   RO        12283    i.prvHeapInit       heap_4.o
    0x08015b48   0x08015b48   0x00000028   Code   RO        11406    i.prvIdleTask       tasks.o
    0x08015b70   0x08015b70   0x00000018   Code   RO        11071    i.prvInitialiseNewQueue  queue.o
    0x08015b88   0x08015b88   0x00000090   Code   RO        11407    i.prvInitialiseNewTask  tasks.o
    0x08015c18   0x08015c18   0x00000060   Code   RO        11408    i.prvInitialiseTaskLists  tasks.o
    0x08015c78   0x08015c78   0x0000005c   Code   RO        12284    i.prvInsertBlockIntoFreeList  heap_4.o
    0x08015cd4   0x08015cd4   0x00000048   Code   RO        11754    i.prvInsertTimerInActiveList  timers.o
    0x08015d1c   0x08015d1c   0x0000001a   Code   RO        11072    i.prvIsQueueEmpty   queue.o
    0x08015d36   0x08015d36   0x0000001e   Code   RO        11073    i.prvIsQueueFull    queue.o
    0x08015d54   0x08015d54   0x0000005c   Code   RO        11755    i.prvProcessExpiredTimer  timers.o
    0x08015db0   0x08015db0   0x000000d8   Code   RO        11756    i.prvProcessReceivedCommands  timers.o
    0x08015e88   0x08015e88   0x0000006c   Code   RO        11757    i.prvProcessTimerOrBlockTask  timers.o
    0x08015ef4   0x08015ef4   0x00000024   Code   RO        11409    i.prvResetNextTaskUnblockTime  tasks.o
    0x08015f18   0x08015f18   0x0000002c   Code   RO        11758    i.prvSampleTimeNow  timers.o
    0x08015f44   0x08015f44   0x0000005e   Code   RO        11410    i.prvSearchForNameWithinSingleList  tasks.o
    0x08015fa2   0x08015fa2   0x00000002   PAD
    0x08015fa4   0x08015fa4   0x00000074   Code   RO        11759    i.prvSwitchTimerLists  timers.o
    0x08016018   0x08016018   0x00000018   Code   RO        11411    i.prvTaskCheckFreeStackSpace  tasks.o
    0x08016030   0x08016030   0x00000030   Code   RO        12333    i.prvTaskExitError  port.o
    0x08016060   0x08016060   0x00000014   Code   RO        11760    i.prvTimerTask      timers.o
    0x08016074   0x08016074   0x00000068   Code   RO        11074    i.prvUnlockQueue    queue.o
    0x080160dc   0x080160dc   0x000000e4   Code   RO        12285    i.pvPortMalloc      heap_4.o
    0x080161c0   0x080161c0   0x0000002c   Code   RO        12334    i.pxPortInitialiseStack  port.o
    0x080161ec   0x080161ec   0x00000084   Code   RO        12819    i.quat_normalization  AHRS.lib(ahrs.o)
    0x08016270   0x08016270   0x000001a4   Code   RO         3727    i.referee_data_solve  referee.o
    0x08016414   0x08016414   0x0000014c   Code   RO         3788    i.referee_unpack_fifo_data  referee_usart_task.o
    0x08016560   0x08016560   0x00000038   Code   RO         3789    i.referee_usart_task  referee_usart_task.o
    0x08016598   0x08016598   0x00000014   Code   RO         3846    i.remote_control_init  remote_control.o
    0x080165ac   0x080165ac   0x000000da   Code   RO         3847    i.sbus_to_rc        remote_control.o
    0x08016686   0x08016686   0x00000002   PAD
    0x08016688   0x08016688   0x00000020   Code   RO         3053    i.set_cali_gimbal_hook  gimbal_task.o
    0x080166a8   0x080166a8   0x00000100   Code   RO         4200    i.shoot_bullet_control  shoot_task.o
    0x080167a8   0x080167a8   0x00000180   Code   RO         4201    i.shoot_control_loop  shoot_task.o
    0x08016928   0x08016928   0x00000018   Code   RO         4202    i.shoot_fric_off    shoot_task.o
    0x08016940   0x08016940   0x00000114   Code   RO         4203    i.shoot_init        shoot_task.o
    0x08016a54   0x08016a54   0x000000dc   Code   RO         4204    i.shoot_level       shoot_task.o
    0x08016b30   0x08016b30   0x00000084   Code   RO         4205    i.shoot_ready       shoot_task.o
    0x08016bb4   0x08016bb4   0x00000074   Code   RO         4206    i.shoot_task        shoot_task.o
    0x08016c28   0x08016c28   0x0000003e   Code   RO        13390    i.sqrtf             m_wm.l(sqrtf_full.o)
    0x08016c66   0x08016c66   0x00000002   PAD
    0x08016c68   0x08016c68   0x00000054   Code   RO         5821    i.stm32_pid_init    stm32.o
    0x08016cbc   0x08016cbc   0x00000050   Code   RO         5822    i.stm32_pid_init_pitch  stm32.o
    0x08016d0c   0x08016d0c   0x0000005c   Code   RO         5824    i.stm32_relative_pid_init_pitch  stm32.o
    0x08016d68   0x08016d68   0x00000034   Code   RO         5825    i.stm32_shoot_pid_init  stm32.o
    0x08016d9c   0x08016d9c   0x000003f8   Code   RO         5826    i.stm32_step        stm32.o
    0x08017194   0x08017194   0x00000340   Code   RO         5828    i.stm32_step_pitch  stm32.o
    0x080174d4   0x080174d4   0x00000240   Code   RO         5830    i.stm32_step_shoot_0  stm32.o
    0x08017714   0x08017714   0x00000240   Code   RO         5831    i.stm32_step_shoot_1  stm32.o
    0x08017954   0x08017954   0x00000020   Code   RO         5832    i.stm32_step_shoot_pid_clear  stm32.o
    0x08017974   0x08017974   0x0000008c   Code   RO         3918    i.test_task         test_task.o
    0x08017a00   0x08017a00   0x00000018   Code   RO         2685    i.toe_is_error      detect_task.o
    0x08017a18   0x08017a18   0x00000068   Code   RO        11414    i.ulTaskNotifyTake  tasks.o
    0x08017a80   0x08017a80   0x0000007a   Code   RO        12820    i.update_w          AHRS.lib(ahrs.o)
    0x08017afa   0x08017afa   0x00000002   PAD
    0x08017afc   0x08017afc   0x00000138   Code   RO         2369    i.usart6_init       bsp_usart.o
    0x08017c34   0x08017c34   0x00000038   Code   RO         3955    i.usb_printf        usb_task.o
    0x08017c6c   0x08017c6c   0x00000134   Code   RO         3956    i.usb_task          usb_task.o
    0x08017da0   0x08017da0   0x00000026   Code   RO        11027    i.uxListRemove      list.o
    0x08017dc6   0x08017dc6   0x00000002   PAD
    0x08017dc8   0x08017dc8   0x00000014   Code   RO        11416    i.uxTaskGetStackHighWaterMark  tasks.o
    0x08017ddc   0x08017ddc   0x00000018   Code   RO          537    i.vApplicationGetIdleTaskMemory  freertos.o
    0x08017df4   0x08017df4   0x00000018   Code   RO          538    i.vApplicationGetTimerTaskMemory  freertos.o
    0x08017e0c   0x08017e0c   0x00000016   Code   RO        11028    i.vListInitialise   list.o
    0x08017e22   0x08017e22   0x00000006   Code   RO        11029    i.vListInitialiseItem  list.o
    0x08017e28   0x08017e28   0x00000036   Code   RO        11030    i.vListInsert       list.o
    0x08017e5e   0x08017e5e   0x00000018   Code   RO        11031    i.vListInsertEnd    list.o
    0x08017e76   0x08017e76   0x00000002   PAD
    0x08017e78   0x08017e78   0x00000040   Code   RO        12336    i.vPortEnterCritical  port.o
    0x08017eb8   0x08017eb8   0x0000002c   Code   RO        12337    i.vPortExitCritical  port.o
    0x08017ee4   0x08017ee4   0x0000005c   Code   RO        12286    i.vPortFree         heap_4.o
    0x08017f40   0x08017f40   0x00000024   Code   RO        12338    i.vPortSetupTimerInterrupt  port.o
    0x08017f64   0x08017f64   0x00000054   Code   RO        12339    i.vPortValidateInterruptPriority  port.o
    0x08017fb8   0x08017fb8   0x00000028   Code   RO        11078    i.vQueueAddToRegistry  queue.o
    0x08017fe0   0x08017fe0   0x0000004a   Code   RO        11081    i.vQueueWaitForMessageRestricted  queue.o
    0x0801802a   0x0801802a   0x00000002   PAD
    0x0801802c   0x0801802c   0x00000050   Code   RO        11420    i.vTaskDelay        tasks.o
    0x0801807c   0x0801807c   0x00000010   Code   RO        11424    i.vTaskInternalSetTimeOutState  tasks.o
    0x0801808c   0x0801808c   0x0000000c   Code   RO        11425    i.vTaskMissedYield  tasks.o
    0x08018098   0x08018098   0x000000c0   Code   RO        11426    i.vTaskNotifyGiveFromISR  tasks.o
    0x08018158   0x08018158   0x00000034   Code   RO        11427    i.vTaskPlaceOnEventList  tasks.o
    0x0801818c   0x0801818c   0x0000003c   Code   RO        11428    i.vTaskPlaceOnEventListRestricted  tasks.o
    0x080181c8   0x080181c8   0x00000090   Code   RO        11435    i.vTaskStartScheduler  tasks.o
    0x08018258   0x08018258   0x00000010   Code   RO        11437    i.vTaskSuspendAll   tasks.o
    0x08018268   0x08018268   0x00000060   Code   RO        11438    i.vTaskSwitchContext  tasks.o
    0x080182c8   0x080182c8   0x00000040   Code   RO         5395    i.verify_CRC16_check_sum  crc8_crc16.o
    0x08018308   0x08018308   0x0000002e   Code   RO         5396    i.verify_CRC8_check_sum  crc8_crc16.o
    0x08018336   0x08018336   0x00000002   PAD
    0x08018338   0x08018338   0x000000a4   Code   RO         4323    i.vision_init       vision_usart.o
    0x080183dc   0x080183dc   0x000001b4   Code   RO         4324    i.vision_rx_decode  vision_usart.o
    0x08018590   0x08018590   0x00000104   Code   RO        12340    i.xPortStartScheduler  port.o
    0x08018694   0x08018694   0x0000002c   Code   RO        12341    i.xPortSysTickHandler  port.o
    0x080186c0   0x080186c0   0x00000070   Code   RO        11085    i.xQueueGenericCreateStatic  queue.o
    0x08018730   0x08018730   0x00000090   Code   RO        11086    i.xQueueGenericReset  queue.o
    0x080187c0   0x080187c0   0x00000170   Code   RO        11087    i.xQueueGenericSend  queue.o
    0x08018930   0x08018930   0x000000bc   Code   RO        11088    i.xQueueGenericSendFromISR  queue.o
    0x080189ec   0x080189ec   0x00000148   Code   RO        11096    i.xQueueReceive     queue.o
    0x08018b34   0x08018b34   0x00000098   Code   RO        11440    i.xTaskCheckForTimeOut  tasks.o
    0x08018bcc   0x08018bcc   0x0000006c   Code   RO        11441    i.xTaskCreate       tasks.o
    0x08018c38   0x08018c38   0x00000060   Code   RO        11442    i.xTaskCreateStatic  tasks.o
    0x08018c98   0x08018c98   0x0000008c   Code   RO        11446    i.xTaskGetHandle    tasks.o
    0x08018d24   0x08018d24   0x0000001c   Code   RO        11447    i.xTaskGetSchedulerState  tasks.o
    0x08018d40   0x08018d40   0x0000000c   Code   RO        11448    i.xTaskGetTickCount  tasks.o
    0x08018d4c   0x08018d4c   0x000000d0   Code   RO        11450    i.xTaskIncrementTick  tasks.o
    0x08018e1c   0x08018e1c   0x0000009c   Code   RO        11453    i.xTaskPriorityDisinherit  tasks.o
    0x08018eb8   0x08018eb8   0x00000078   Code   RO        11455    i.xTaskRemoveFromEventList  tasks.o
    0x08018f30   0x08018f30   0x000000cc   Code   RO        11456    i.xTaskResumeAll    tasks.o
    0x08018ffc   0x08018ffc   0x00000068   Code   RO        11765    i.xTimerCreateTimerTask  timers.o
    0x08019064   0x08019064   0x00000074   Code   RO        11766    i.xTimerGenericCommand  timers.o
    0x080190d8   0x080190d8   0x0000002c   Code   RO        13688    locale$$code        c_w.l(lc_numeric_c.o)
    0x08019104   0x08019104   0x0000002c   Code   RO        13749    locale$$code        c_w.l(lc_ctype_c.o)
    0x08019130   0x08019130   0x000002c4   Code   RO        13312    x$fpl$d2f           g_wm.l(d2f_clz.o)
    0x080193f4   0x080193f4   0x0000024c   Code   RO        13314    x$fpl$dadd          g_wm.l(daddsub_clz.o)
    0x08019640   0x08019640   0x00000018   Code   RO        13551    x$fpl$dcmpinf       g_wm.l(dcmpi.o)
    0x08019658   0x08019658   0x0000037c   Code   RO        13321    x$fpl$ddiv          g_wm.l(ddiv_clz.o)
    0x080199d4   0x080199d4   0x0000001a   Code   RO        13555    x$fpl$dfltn         g_wm.l(dflt_clz.o)
    0x080199ee   0x080199ee   0x00000002   PAD
    0x080199f0   0x080199f0   0x00000078   Code   RO        13324    x$fpl$dleqf         g_wm.l(dleqf.o)
    0x08019a68   0x08019a68   0x000001c0   Code   RO        13326    x$fpl$dmul          g_wm.l(dmul_clz.o)
    0x08019c28   0x08019c28   0x00000102   Code   RO        13559    x$fpl$dnaninf       g_wm.l(dnaninf.o)
    0x08019d2a   0x08019d2a   0x00000070   Code   RO        13561    x$fpl$drenorm       g_wm.l(drenorm_clz.o)
    0x08019d9a   0x08019d9a   0x0000000c   Code   RO        13563    x$fpl$dretinf       g_wm.l(dretinf.o)
    0x08019da6   0x08019da6   0x00000062   Code   RO        13328    x$fpl$drleqf        g_wm.l(drleqf.o)
    0x08019e08   0x08019e08   0x0000029c   Code   RO        13316    x$fpl$dsub          g_wm.l(daddsub_clz.o)
    0x0801a0a4   0x0801a0a4   0x0000017a   Code   RO        13565    x$fpl$dunder        g_wm.l(dunder_clz.o)
    0x0801a21e   0x0801a21e   0x00000002   PAD
    0x0801a220   0x0801a220   0x000001ec   Code   RO        13567    x$fpl$exception     g_wm.l(except.o)
    0x0801a40c   0x0801a40c   0x0000007a   Code   RO        13330    x$fpl$f2d           g_wm.l(f2d.o)
    0x0801a486   0x0801a486   0x000000f2   Code   RO        13569    x$fpl$fnaninf       g_wm.l(fnaninf.o)
    0x0801a578   0x0801a578   0x0000000a   Code   RO        13699    x$fpl$fpinit        g_wm.l(fpinit.o)
    0x0801a582   0x0801a582   0x0000000a   Code   RO        13571    x$fpl$fretinf       g_wm.l(fretinf.o)
    0x0801a58c   0x0801a58c   0x0000013c   Code   RO        13573    x$fpl$funder        g_wm.l(funder_clz.o)
    0x0801a6c8   0x0801a6c8   0x00000020   Code   RO        13701    x$fpl$ieeestatus    g_wm.l(istatus.o)
    0x0801a6e8   0x0801a6e8   0x00000004   Code   RO        13332    x$fpl$printf1       g_wm.l(printf1.o)
    0x0801a6ec   0x0801a6ec   0x00000004   Code   RO        13575    x$fpl$printf2       g_wm.l(printf2.o)
    0x0801a6f0   0x0801a6f0   0x000000b2   Code   RO        13703    x$fpl$retnan        g_wm.l(retnan.o)
    0x0801a7a2   0x0801a7a2   0x0000007e   Code   RO        13581    x$fpl$trapveneer    g_wm.l(trapv.o)
    0x0801a820   0x0801a820   0x00000000   Code   RO        13583    x$fpl$usenofp       g_wm.l(usenofp.o)
    0x0801a820   0x0801a820   0x00000150   Data   RO          540    .constdata          freertos.o
    0x0801a970   0x0801a970   0x00000018   Data   RO         1673    .constdata          system_stm32f4xx.o
    0x0801a988   0x0801a988   0x0000000f   Data   RO         2442    .constdata          calibrate_task.o
    0x0801a997   0x0801a997   0x00000001   PAD
    0x0801a998   0x0801a998   0x00000054   Data   RO         2687    .constdata          detect_task.o
    0x0801a9ec   0x0801a9ec   0x0000002c   Data   RO         3055    .constdata          gimbal_task.o
    0x0801aa18   0x0801aa18   0x00000018   Data   RO         3438    .constdata          ins_task.o
    0x0801aa30   0x0801aa30   0x00001164   Data   RO         3595    .constdata          oled_task.o
    0x0801bb94   0x0801bb94   0x0000000e   Data   RO         3958    .constdata          usb_task.o
    0x0801bba2   0x0801bba2   0x00000002   PAD
    0x0801bba4   0x0801bba4   0x0000002c   Data   RO         4208    .constdata          shoot_task.o
    0x0801bbd0   0x0801bbd0   0x00000302   Data   RO         4396    .constdata          rm_cilent_ui.o
    0x0801bed2   0x0801bed2   0x00000002   PAD
    0x0801bed4   0x0801bed4   0x0000115c   Data   RO         4591    .constdata          oled.o
    0x0801d030   0x0801d030   0x00000012   Data   RO         4720    .constdata          bmi088driver.o
    0x0801d042   0x0801d042   0x0000000c   Data   RO         4938    .constdata          ist8310driver.o
    0x0801d04e   0x0801d04e   0x00000302   Data   RO         5397    .constdata          crc8_crc16.o
    0x0801d350   0x0801d350   0x00000008   Data   RO         7169    .constdata          stm32f4xx_hal_dma.o
    0x0801d358   0x0801d358   0x0000000c   Data   RO        12821    .constdata          AHRS.lib(ahrs.o)
    0x0801d364   0x0801d364   0x00000804   Data   RO        13175    .constdata          arm_cortexM4lf_math.lib(arm_common_tables.o)
    0x0801db68   0x0801db68   0x00000011   Data   RO        13290    .constdata          c_w.l(__printf_flags_ss_wp.o)
    0x0801db79   0x0801db79   0x00000003   PAD
    0x0801db7c   0x0801db7c   0x00000008   Data   RO        13451    .constdata          c_w.l(_printf_wctomb.o)
    0x0801db84   0x0801db84   0x00000028   Data   RO        13480    .constdata          c_w.l(_printf_hex_int_ll_ptr.o)
    0x0801dbac   0x0801dbac   0x00000026   Data   RO        13650    .constdata          c_w.l(_printf_fp_hex.o)
    0x0801dbd2   0x0801dbd2   0x00000002   PAD
    0x0801dbd4   0x0801dbd4   0x00000094   Data   RO        13661    .constdata          c_w.l(bigflt0.o)
    0x0801dc68   0x0801dc68   0x00000065   Data   RO          541    .conststring        freertos.o
    0x0801dccd   0x0801dccd   0x00000003   PAD
    0x0801dcd0   0x0801dcd0   0x00000122   Data   RO         3959    .conststring        usb_task.o
    0x0801ddf2   0x0801ddf2   0x00000002   PAD
    0x0801ddf4   0x0801ddf4   0x00000020   Data   RO        13803    Region$$Table       anon$$obj.o
    0x0801de14   0x0801de14   0x0000001c   Data   RO        13687    locale$$data        c_w.l(lc_numeric_c.o)
    0x0801de30   0x0801de30   0x00000110   Data   RO        13748    locale$$data        c_w.l(lc_ctype_c.o)


    Execution Region RW_IRAM1 (Exec base: 0x20000000, Load base: 0x0801df40, Size: 0x0000ee10, Max: 0x00020000, ABSOLUTE, COMPRESSED[0x00000190])

    Exec Addr    Load Addr    Size         Type   Attr      Idx    E Section Name        Object

    0x20000000   COMPRESSED   0x00000034   Data   RW          542    .data               freertos.o
    0x20000034   COMPRESSED   0x00000004   Data   RW          650    .data               can.o
    0x20000038   COMPRESSED   0x00000008   Data   RW          697    .data               crc.o
    0x20000040   COMPRESSED   0x0000004e   Data   RW         1343    .data               usbd_desc.o
    0x2000008e   COMPRESSED   0x00000002   PAD
    0x20000090   COMPRESSED   0x00000010   Data   RW         1429    .data               usbd_cdc_if.o
    0x200000a0   COMPRESSED   0x00000004   Data   RW         1674    .data               system_stm32f4xx.o
    0x200000a4   COMPRESSED   0x00000004   Data   RW         1714    .data               bsp_adc.o
    0x200000a8   COMPRESSED   0x00000008   Data   RW         1964    .data               bsp_delay.o
    0x200000b0   COMPRESSED   0x00000010   Data   RW         2008    .data               bsp_flash.o
    0x200000c0   COMPRESSED   0x00000008   Data   RW         2232    .data               bsp_led.o
    0x200000c8   COMPRESSED   0x00000054   Data   RW         2443    .data               calibrate_task.o
    0x2000011c   COMPRESSED   0x00000009   Data   RW         2688    .data               detect_task.o
    0x20000125   COMPRESSED   0x00000003   PAD
    0x20000128   COMPRESSED   0x00000022   Data   RW         2773    .data               gimbal_behaviour.o
    0x2000014a   COMPRESSED   0x00000002   PAD
    0x2000014c   COMPRESSED   0x00000028   Data   RW         3056    .data               gimbal_task.o
    0x20000174   COMPRESSED   0x000000a0   Data   RW         3439    .data               ins_task.o
    0x20000214   COMPRESSED   0x00000017   Data   RW         3596    .data               oled_task.o
    0x2000022b   COMPRESSED   0x0000002c   Data   RW         3729    .data               referee.o
    0x20000257   COMPRESSED   0x00000001   PAD
    0x20000258   COMPRESSED   0x00000002   Data   RW         3791    .data               referee_usart_task.o
    0x2000025a   COMPRESSED   0x00000002   Data   RW         3851    .data               remote_control.o
    0x2000025c   COMPRESSED   0x0000000a   Data   RW         3919    .data               test_task.o
    0x20000266   COMPRESSED   0x00000002   PAD
    0x20000268   COMPRESSED   0x00000008   Data   RW         3960    .data               usb_task.o
    0x20000270   COMPRESSED   0x0000001a   Data   RW         4028    .data               can_receive.o
    0x2000028a   COMPRESSED   0x00000002   PAD
    0x2000028c   COMPRESSED   0x00000008   Data   RW         4123    .data               voltage_task.o
    0x20000294   COMPRESSED   0x0000001c   Data   RW         4165    .data               led_flow_task.o
    0x200002b0   COMPRESSED   0x0000006c   Data   RW         4209    .data               shoot_task.o
    0x2000031c   COMPRESSED   0x00000006   Data   RW         4326    .data               vision_usart.o
    0x20000322   COMPRESSED   0x00000004   Data   RW         4397    .data               rm_cilent_ui.o
    0x20000326   COMPRESSED   0x00000002   PAD
    0x20000328   COMPRESSED   0x00000004   Data   RW         4507    .data               ui_update.o
    0x2000032c   COMPRESSED   0x00000008   Data   RW         4592    .data               oled.o
    0x20000334   COMPRESSED   0x0000002c   Data   RW         4721    .data               bmi088driver.o
    0x20000360   COMPRESSED   0x00000002   Data   RW         5398    .data               crc8_crc16.o
    0x20000362   COMPRESSED   0x00000002   PAD
    0x20000364   COMPRESSED   0x0000000c   Data   RW         5745    .data               pid.o
    0x20000370   COMPRESSED   0x0000000c   Data   RW         7591    .data               stm32f4xx_hal.o
    0x2000037c   COMPRESSED   0x0000003c   Data   RW        11459    .data               tasks.o
    0x200003b8   COMPRESSED   0x00000014   Data   RW        11774    .data               timers.o
    0x200003cc   COMPRESSED   0x00000018   Data   RW        12291    .data               heap_4.o
    0x200003e4   COMPRESSED   0x0000000c   Data   RW        12342    .data               port.o
    0x200003f0   COMPRESSED   0x00000001   Data   RW        12564    .data               usbd_ctlreq.o
    0x200003f1   COMPRESSED   0x00000003   PAD
    0x200003f4   COMPRESSED   0x000000d7   Data   RW        12720    .data               usbd_cdc.o
    0x200004cb   COMPRESSED   0x00000001   PAD
    0x200004cc   COMPRESSED   0x00000038   Data   RW        12721    .data               usbd_cdc.o
    0x20000504   COMPRESSED   0x00000010   Data   RW        12822    .data               AHRS.lib(ahrs.o)
    0x20000514        -       0x000006a8   Zero   RW          539    .bss                freertos.o
    0x20000bbc        -       0x00000090   Zero   RW          601    .bss                adc.o
    0x20000c4c        -       0x00000050   Zero   RW          649    .bss                can.o
    0x20000c9c        -       0x0000015c   Zero   RW          768    .bss                i2c.o
    0x20000df8        -       0x00000010   Zero   RW          820    .bss                rng.o
    0x20000e08        -       0x00000020   Zero   RW          862    .bss                rtc.o
    0x20000e28        -       0x00000170   Zero   RW          905    .bss                spi.o
    0x20000f98        -       0x00000180   Zero   RW          958    .bss                tim.o
    0x20001118        -       0x000002a0   Zero   RW         1032    .bss                usart.o
    0x200013b8        -       0x0000029c   Zero   RW         1082    .bss                usb_device.o
    0x20001654        -       0x00000408   Zero   RW         1167    .bss                usbd_conf.o
    0x20001a5c        -       0x00000200   Zero   RW         1342    .bss                usbd_desc.o
    0x20001c5c        -       0x00001000   Zero   RW         1428    .bss                usbd_cdc_if.o
    0x20002c5c        -       0x00000010   Zero   RW         1713    .bss                bsp_adc.o
    0x20002c6c        -       0x00000115   Zero   RW         2441    .bss                calibrate_task.o
    0x20002d81        -       0x0000021c   Zero   RW         2686    .bss                detect_task.o
    0x20002f9d   COMPRESSED   0x00000003   PAD
    0x20002fa0        -       0x00000444   Zero   RW         3054    .bss                gimbal_task.o
    0x200033e4        -       0x0000014c   Zero   RW         3437    .bss                ins_task.o
    0x20003530        -       0x00000072   Zero   RW         3728    .bss                referee.o
    0x200035a2   COMPRESSED   0x00000002   PAD
    0x200035a4        -       0x000008a1   Zero   RW         3790    .bss                referee_usart_task.o
    0x20003e45        -       0x0000005e   Zero   RW         3850    .bss                remote_control.o
    0x20003ea3        -       0x00000100   Zero   RW         3957    .bss                usb_task.o
    0x20003fa3   COMPRESSED   0x00000001   PAD
    0x20003fa4        -       0x000000d4   Zero   RW         4027    .bss                can_receive.o
    0x20004078        -       0x000002dc   Zero   RW         4207    .bss                shoot_task.o
    0x20004354        -       0x00000094   Zero   RW         4325    .bss                vision_usart.o
    0x200043e8        -       0x0000012c   Zero   RW         4506    .bss                ui_update.o
    0x20004514        -       0x00000417   Zero   RW         4590    .bss                oled.o
    0x2000492b   COMPRESSED   0x00000001   PAD
    0x2000492c        -       0x00000220   Zero   RW         5833    .bss                stm32.o
    0x20004b4c        -       0x00000020   Zero   RW         6823    .bss                stm32f4xx_hal_flash.o
    0x20004b6c        -       0x00000040   Zero   RW        11099    .bss                queue.o
    0x20004bac        -       0x000000f0   Zero   RW        11458    .bss                tasks.o
    0x20004c9c        -       0x00000110   Zero   RW        11773    .bss                timers.o
    0x20004dac        -       0x00006000   Zero   RW        12290    .bss                heap_4.o
    0x2000adac        -       0x00000060   Zero   RW        13606    .bss                c_w.l(libspace.o)
    0x2000ae0c   COMPRESSED   0x00000004   PAD
    0x2000ae10        -       0x00002000   Zero   RW            2    HEAP                startup_stm32f407xx.o
    0x2000ce10        -       0x00002000   Zero   RW            1    STACK               startup_stm32f407xx.o


==============================================================================

Image component sizes


      Code (inc. data)   RO Data    RW Data    ZI Data      Debug   Object Name

       396         42          0          0        144       2414   adc.o
       168          4          0          0          0       5640   ahrs_middleware.o
      2338         40         18         44          0      10879   bmi088driver.o
       140         28          0          0          0       5004   bmi088middleware.o
       288         44          0          4         16     622880   bsp_adc.o
         4          0          0          0          0       1013   bsp_buzzer.o
        92          8          0          0          0        610   bsp_can.o
       128         20          0          8          0       1388   bsp_delay.o
       694        108          0         16          0       4177   bsp_flash.o
      1260        100          0          0          0       6029   bsp_i2c.o
        12          4          0          0          0        518   bsp_imu_pwm.o
        16          4          0          0          0        475   bsp_laser.o
       104         22          0          8          0        608   bsp_led.o
       260         28          0          0          0       2051   bsp_rc.o
     10428        170          0          0          0       5694   bsp_spi.o
       312         26          0          0          0       1290   bsp_usart.o
      2062        108         15         84        277      14934   calibrate_task.o
       488         44          0          4         80       2482   can.o
       996        120          0         26        212       8325   can_receive.o
       130          0          0          0          0      22211   cmsis_os.o
        84         18          0          8          0       1539   crc.o
       198         16        770          2          0       3857   crc8_crc16.o
      1360         50         84          9        540       5645   detect_task.o
       200          6          0          0          0        882   dma.o
         0          0          0          0          0      16432   event_groups.o
       258          0          0          0          0      10319   fifo.o
       396         74        437         52       1704       4131   freertos.o
      1912        154          0         34          0     616422   gimbal_behaviour.o
      4320        356         44         40       1092     664213   gimbal_task.o
       708         34          0          0          0     756483   gpio.o
       492         32          0         24      24576       5059   heap_4.o
       700         80          0          0        348       3168   i2c.o
      4488        344         24        160        332      21953   ins_task.o
       148          6         12          0          0       2031   ist8310driver.o
       136         22          0          0          0       4139   ist8310driver_middleware.o
        56          6          0          0          0      17535   kalman.o
       432         10          0         28          0       1725   led_flow_task.o
       144          0          0          0          0       3718   list.o
       346         14          0          0          0     677514   main.o
      1092         56       4444          8       1047      11255   oled.o
       532         42       4452         23          0     584482   oled_task.o
      1794         28          0         12          0       7161   pid.o
       814         92          0         12          0      12253   port.o
      1584         24          0          0         64      15332   queue.o
       624        152          0         44        114       8656   referee.o
       684         50          0          2       2209       5696   referee_usart_task.o
       550         36          0          2         94       4867   remote_control.o
      1392         56        770          4          0      10555   rm_cilent_ui.o
        84         18          0          0         16       1539   rng.o
        76         16          0          0         32       1491   rtc.o
      2496        366         44        108        732      15796   shoot_task.o
       604         54          0          0        368       2648   spi.o
        64         26        392          0      16384        856   startup_stm32f407xx.o
      3340        242          0          0        544      12393   stm32.o
       188         30          0         12          0       4725   stm32f4xx_hal.o
      1234         44          0          0          0       5434   stm32f4xx_hal_adc.o
      2004          6          0          0          0      15415   stm32f4xx_hal_can.o
       208         16          0          0          0      33771   stm32f4xx_hal_cortex.o
        40          0          0          0          0       1103   stm32f4xx_hal_crc.o
       942         18          8          0          0       5087   stm32f4xx_hal_dma.o
       564         74          0          0         32       6290   stm32f4xx_hal_flash.o
       380         24          0          0          0       3462   stm32f4xx_hal_flash_ex.o
       578         28          0          0          0       3235   stm32f4xx_hal_gpio.o
      3244         64          0          0          0      15976   stm32f4xx_hal_i2c.o
        84          6          0          0          0        878   stm32f4xx_hal_msp.o
      2534         18          0          0          0      13833   stm32f4xx_hal_pcd.o
        84          0          0          0          0       2641   stm32f4xx_hal_pcd_ex.o
      1638        100          0          0          0       6560   stm32f4xx_hal_rcc.o
       380         34          0          0          0       1564   stm32f4xx_hal_rcc_ex.o
        52          0          0          0          0       1131   stm32f4xx_hal_rng.o
       312          0          0          0          0       2792   stm32f4xx_hal_rtc.o
       900          8          0          0          0       4737   stm32f4xx_hal_spi.o
      1450         46          0          0          0      13511   stm32f4xx_hal_tim.o
       180          0          0          0          0       2308   stm32f4xx_hal_tim_ex.o
      1918         20          0          0          0      10399   stm32f4xx_hal_uart.o
       192         42          0          0          0      23917   stm32f4xx_it.o
      2762        110          0          0          0      24014   stm32f4xx_ll_usb.o
       100         18         24          4          0       1215   system_stm32f4xx.o
      2878        244          0         60        240      31929   tasks.o
       264         28          0         10          0       2084   test_task.o
      1842        150          0          0        384       6627   tim.o
      1016         96          0         20        272      27719   timers.o
      1460         84          0          4        300      32465   ui_update.o
       996         92          0          0        672       3655   usart.o
        76         16          0          0        668       7107   usb_device.o
       364         24        304          8        256       2614   usb_task.o
       836         16          0        271          0      14082   usbd_cdc.o
       192         22          0         16       4096       3668   usbd_cdc_if.o
       990         18          0          0       1032      16264   usbd_conf.o
       736          0          0          0          0      13361   usbd_core.o
      1648         30          0          1          0      12104   usbd_ctlreq.o
       386        122          0         78        512       6849   usbd_desc.o
       132          0          0          0          0       4672   usbd_ioreq.o
       216          4          0          0          0       3182   user_lib.o
       900         78          0          6        148       4081   vision_usart.o
       336         72          0          8          0       2141   voltage_task.o

    ----------------------------------------------------------------------
     89742       5202      11884       1284      59544    4628969   Object Totals
         0          0         32          0          0          0   (incl. Generated)
        82          0         10         20          7          0   (incl. Padding)

    ----------------------------------------------------------------------

      Code (inc. data)   RO Data    RW Data    ZI Data      Debug   Library Member Name

      2718         84         12         16          0       9922   ahrs.o
         0          0       2052          0          0       4636   arm_common_tables.o
       120         12          0          0          0      16970   arm_cos_f32.o
       116         12          0          0          0        658   arm_sin_f32.o
        44          6          0          0          0         84   __2sprintf.o
        90          0          0          0          0          0   __dczerorl2.o
         8          0          0          0          0         68   __main.o
       392          4         17          0          0         92   __printf_flags_ss_wp.o
        14          0          0          0          0         68   __printf_wp.o
         0          0          0          0          0          0   __rtentry.o
        12          0          0          0          0          0   __rtentry2.o
         6          0          0          0          0          0   __rtentry4.o
        52          8          0          0          0          0   __scatter.o
        28          0          0          0          0          0   __scatter_zi.o
        48          4          0          0          0         84   _fptrap.o
         6          0          0          0          0          0   _printf_a.o
         6          0          0          0          0          0   _printf_c.o
        44          0          0          0          0        108   _printf_char.o
        48          6          0          0          0         96   _printf_char_common.o
        40          0          0          0          0         68   _printf_charcount.o
         6          0          0          0          0          0   _printf_d.o
       120         16          0          0          0         92   _printf_dec.o
         6          0          0          0          0          0   _printf_e.o
         6          0          0          0          0          0   _printf_f.o
      1054          0          0          0          0        216   _printf_fp_dec.o
       764          8         38          0          0        100   _printf_fp_hex.o
       128         16          0          0          0         84   _printf_fp_infnan.o
         6          0          0          0          0          0   _printf_g.o
       148          4         40          0          0        160   _printf_hex_int_ll_ptr.o
         6          0          0          0          0          0   _printf_i.o
       178          0          0          0          0         88   _printf_intcommon.o
        10          0          0          0          0          0   _printf_l.o
         6          0          0          0          0          0   _printf_lc.o
        10          0          0          0          0          0   _printf_ll.o
         6          0          0          0          0          0   _printf_lld.o
         6          0          0          0          0          0   _printf_lli.o
         6          0          0          0          0          0   _printf_llo.o
         6          0          0          0          0          0   _printf_llu.o
         6          0          0          0          0          0   _printf_llx.o
       124         16          0          0          0         92   _printf_longlong_dec.o
         6          0          0          0          0          0   _printf_ls.o
         6          0          0          0          0          0   _printf_n.o
         6          0          0          0          0          0   _printf_o.o
       112         10          0          0          0        124   _printf_oct_int_ll.o
         6          0          0          0          0          0   _printf_p.o
        78          0          0          0          0        108   _printf_pad.o
         0          0          0          0          0          0   _printf_percent.o
         4          0          0          0          0          0   _printf_percent_end.o
         6          0          0          0          0          0   _printf_s.o
        82          0          0          0          0         80   _printf_str.o
        36          0          0          0          0         84   _printf_truncate.o
         6          0          0          0          0          0   _printf_u.o
        44          0          0          0          0        108   _printf_wchar.o
       188          6          8          0          0         92   _printf_wctomb.o
         6          0          0          0          0          0   _printf_x.o
        22          0          0          0          0        100   _rserrno.o
        10          0          0          0          0         68   _sputc.o
        64          0          0          0          0         92   _wcrtomb.o
        16          0          0          0          0         68   aeabi_memset.o
       228          4        148          0          0         96   bigflt0.o
      1936        128          0          0          0        672   btod.o
        10          0          0          0          0         68   defsig_exit.o
       172        110          0          0          0         76   defsig_fpe_inner.o
        14          0          0          0          0         80   defsig_fpe_outer.o
        50          0          0          0          0         88   defsig_general.o
        80         58          0          0          0         76   defsig_rtmem_inner.o
        14          0          0          0          0         80   defsig_rtmem_outer.o
        18          0          0          0          0         80   exit.o
        94          0          0          0          0         80   h1_alloc.o
        52          0          0          0          0         68   h1_extend.o
        78          0          0          0          0         80   h1_free.o
        14          0          0          0          0         84   h1_init.o
         6          0          0          0          0        152   heapauxi.o
         4          0          0          0          0        136   hguard.o
         0          0          0          0          0          0   indicate_semi.o
       138          0          0          0          0        168   init_alloc.o
        44         10        272          0          0         76   lc_ctype_c.o
        44         10         28          0          0         76   lc_numeric_c.o
         2          0          0          0          0          0   libinit.o
        42          0          0          0          0          0   libinit2.o
         2          0          0          0          0          0   libshutdown.o
         2          0          0          0          0          0   libshutdown2.o
         8          4          0          0         96         68   libspace.o
       138          0          0          0          0         80   lludiv10.o
       238          0          0          0          0        100   lludivv7m.o
         0          0          0          0          0          0   maybetermalloc1.o
        16          4          0          0          0         76   rt_ctype_table.o
         8          4          0          0          0         68   rt_errno_addr_intlibspace.o
         8          4          0          0          0         68   rt_heap_descriptor_intlibspace.o
         8          4          0          0          0         68   rt_locale_intlibspace.o
        68          0          0          0          0         68   rt_memclr.o
        78          0          0          0          0         80   rt_memclr_w.o
       138          0          0          0          0         68   rt_memcpy_v6.o
       100          0          0          0          0         80   rt_memcpy_w.o
         2          0          0          0          0          0   rtexit.o
        10          0          0          0          0          0   rtexit2.o
       128          0          0          0          0         68   strcmpv7m.o
        62          0          0          0          0         76   strlen.o
        12          4          0          0          0         68   sys_exit.o
        74          0          0          0          0         80   sys_stackheap_outer.o
        14          0          0          0          0         76   sys_wrch.o
         2          0          0          0          0         68   use_no_semi.o
        36          4          0          0          0         76   vsprintf.o
       708         16          0          0          0        140   d2f_clz.o
      1256         28          0          0          0        408   daddsub_clz.o
        24          0          0          0          0        116   dcmpi.o
       892        152          0          0          0        292   ddiv_clz.o
        26          0          0          0          0        116   dflt_clz.o
       120          8          0          0          0        140   dleqf.o
       448         16          0          0          0        164   dmul_clz.o
       258          4          0          0          0        156   dnaninf.o
       112          0          0          0          0        160   drenorm_clz.o
        12          0          0          0          0        116   dretinf.o
        98          0          0          0          0        128   drleqf.o
       378          0          0          0          0        168   dunder_clz.o
       492         36          0          0          0        148   except.o
       122          8          0          0          0        132   f2d.o
       242          4          0          0          0        144   fnaninf.o
        10          0          0          0          0        116   fpinit.o
        10          0          0          0          0        116   fretinf.o
       316          0          0          0          0        132   funder_clz.o
        32          4          0          0          0        116   istatus.o
         4          0          0          0          0        116   printf1.o
         4          0          0          0          0        116   printf2.o
       178          0          0          0          0        116   retnan.o
       126          0          0          0          0        148   trapv.o
         0          0          0          0          0          0   usenofp.o
       300         42          0          0          0        176   asinf.o
       684         90          0          0          0        208   atan2f.o
        20          0          0          0          0        124   fabs.o
        48          0          0          0          0        124   fpclassify.o
        38          0          0          0          0        116   fpclassifyf.o
        44         12          0          0          0        464   funder.o
       120          0          0          0          0        272   sqrtf_full.o

    ----------------------------------------------------------------------
     18442        980       2620         16        100      43170   Library Totals
        36          0          5          0          4          0   (incl. Padding)

    ----------------------------------------------------------------------

      Code (inc. data)   RO Data    RW Data    ZI Data      Debug   Library Name

      2718         84         12         16          0       9922   AHRS.lib
       236         24       2052          0          0      22264   arm_cortexM4lf_math.lib
      8330        452        551          0         96       5996   c_w.l
      5868        276          0          0          0       3504   g_wm.l
      1254        144          0          0          0       1484   m_wm.l

    ----------------------------------------------------------------------
     18442        980       2620         16        100      43170   Library Totals

    ----------------------------------------------------------------------

==============================================================================


      Code (inc. data)   RO Data    RW Data    ZI Data      Debug   

    108184       6182      14504       1300      59644    4605107   Grand Totals
    108184       6182      14504        400      59644    4605107   ELF Image Totals (compressed)
    108184       6182      14504        400          0          0   ROM Totals

==============================================================================

    Total RO  Size (Code + RO Data)               122688 ( 119.81kB)
    Total RW  Size (RW Data + ZI Data)             60944 (  59.52kB)
    Total ROM Size (Code + RO Data + RW Data)     123088 ( 120.20kB)

==============================================================================

