Component: ARM Compiler 5.06 update 7 (build 960) Tool: armlink [4d3601]

==============================================================================

Section Cross References

    startup_stm32f407xx.o(STACK) refers (Special) to heapauxi.o(.text) for __use_two_region_memory
    startup_stm32f407xx.o(HEAP) refers (Special) to heapauxi.o(.text) for __use_two_region_memory
    startup_stm32f407xx.o(RESET) refers (Special) to heapauxi.o(.text) for __use_two_region_memory
    startup_stm32f407xx.o(RESET) refers to startup_stm32f407xx.o(STACK) for __initial_sp
    startup_stm32f407xx.o(RESET) refers to startup_stm32f407xx.o(.text) for Reset_Handler
    startup_stm32f407xx.o(RESET) refers to stm32f4xx_it.o(i.NMI_Handler) for NMI_Handler
    startup_stm32f407xx.o(RESET) refers to stm32f4xx_it.o(i.HardFault_Handler) for HardFault_Handler
    startup_stm32f407xx.o(RESET) refers to stm32f4xx_it.o(i.MemManage_Handler) for MemManage_Handler
    startup_stm32f407xx.o(RESET) refers to stm32f4xx_it.o(i.BusFault_Handler) for BusFault_Handler
    startup_stm32f407xx.o(RESET) refers to stm32f4xx_it.o(i.UsageFault_Handler) for UsageFault_Handler
    startup_stm32f407xx.o(RESET) refers to port.o(.emb_text) for SVC_Handler
    startup_stm32f407xx.o(RESET) refers to stm32f4xx_it.o(i.DebugMon_Handler) for DebugMon_Handler
    startup_stm32f407xx.o(RESET) refers to stm32f4xx_it.o(i.SysTick_Handler) for SysTick_Handler
    startup_stm32f407xx.o(RESET) refers to stm32f4xx_it.o(i.EXTI0_IRQHandler) for EXTI0_IRQHandler
    startup_stm32f407xx.o(RESET) refers to stm32f4xx_it.o(i.EXTI3_IRQHandler) for EXTI3_IRQHandler
    startup_stm32f407xx.o(RESET) refers to stm32f4xx_it.o(i.EXTI4_IRQHandler) for EXTI4_IRQHandler
    startup_stm32f407xx.o(RESET) refers to stm32f4xx_it.o(i.CAN1_RX0_IRQHandler) for CAN1_RX0_IRQHandler
    startup_stm32f407xx.o(RESET) refers to stm32f4xx_it.o(i.EXTI9_5_IRQHandler) for EXTI9_5_IRQHandler
    startup_stm32f407xx.o(RESET) refers to remote_control.o(i.USART3_IRQHandler) for USART3_IRQHandler
    startup_stm32f407xx.o(RESET) refers to stm32f4xx_it.o(i.TIM8_UP_TIM13_IRQHandler) for TIM8_UP_TIM13_IRQHandler
    startup_stm32f407xx.o(RESET) refers to bsp_i2c.o(i.DMA1_Stream7_IRQHandler) for DMA1_Stream7_IRQHandler
    startup_stm32f407xx.o(RESET) refers to stm32f4xx_it.o(i.DMA2_Stream1_IRQHandler) for DMA2_Stream1_IRQHandler
    startup_stm32f407xx.o(RESET) refers to ins_task.o(i.DMA2_Stream2_IRQHandler) for DMA2_Stream2_IRQHandler
    startup_stm32f407xx.o(RESET) refers to stm32f4xx_it.o(i.CAN2_RX0_IRQHandler) for CAN2_RX0_IRQHandler
    startup_stm32f407xx.o(RESET) refers to stm32f4xx_it.o(i.OTG_FS_IRQHandler) for OTG_FS_IRQHandler
    startup_stm32f407xx.o(RESET) refers to stm32f4xx_it.o(i.DMA2_Stream5_IRQHandler) for DMA2_Stream5_IRQHandler
    startup_stm32f407xx.o(RESET) refers to stm32f4xx_it.o(i.DMA2_Stream6_IRQHandler) for DMA2_Stream6_IRQHandler
    startup_stm32f407xx.o(.text) refers (Special) to heapauxi.o(.text) for __use_two_region_memory
    startup_stm32f407xx.o(.text) refers to system_stm32f4xx.o(i.SystemInit) for SystemInit
    startup_stm32f407xx.o(.text) refers to __main.o(!!!main) for __main
    startup_stm32f407xx.o(.text) refers to startup_stm32f407xx.o(HEAP) for Heap_Mem
    startup_stm32f407xx.o(.text) refers to startup_stm32f407xx.o(STACK) for Stack_Mem
    main.o(i.SystemClock_Config) refers to rt_memclr_w.o(.text) for __aeabi_memclr4
    main.o(i.SystemClock_Config) refers to stm32f4xx_hal_rcc.o(i.HAL_RCC_OscConfig) for HAL_RCC_OscConfig
    main.o(i.SystemClock_Config) refers to main.o(i.Error_Handler) for Error_Handler
    main.o(i.SystemClock_Config) refers to stm32f4xx_hal_rcc.o(i.HAL_RCC_ClockConfig) for HAL_RCC_ClockConfig
    main.o(i.SystemClock_Config) refers to stm32f4xx_hal_rcc_ex.o(i.HAL_RCCEx_PeriphCLKConfig) for HAL_RCCEx_PeriphCLKConfig
    main.o(i.main) refers to stm32f4xx_hal.o(i.HAL_Init) for HAL_Init
    main.o(i.main) refers to main.o(i.SystemClock_Config) for SystemClock_Config
    main.o(i.main) refers to gpio.o(i.MX_GPIO_Init) for MX_GPIO_Init
    main.o(i.main) refers to dma.o(i.MX_DMA_Init) for MX_DMA_Init
    main.o(i.main) refers to adc.o(i.MX_ADC1_Init) for MX_ADC1_Init
    main.o(i.main) refers to adc.o(i.MX_ADC3_Init) for MX_ADC3_Init
    main.o(i.main) refers to can.o(i.MX_CAN1_Init) for MX_CAN1_Init
    main.o(i.main) refers to can.o(i.MX_CAN2_Init) for MX_CAN2_Init
    main.o(i.main) refers to i2c.o(i.MX_I2C1_Init) for MX_I2C1_Init
    main.o(i.main) refers to spi.o(i.MX_SPI1_Init) for MX_SPI1_Init
    main.o(i.main) refers to tim.o(i.MX_TIM4_Init) for MX_TIM4_Init
    main.o(i.main) refers to tim.o(i.MX_TIM5_Init) for MX_TIM5_Init
    main.o(i.main) refers to usart.o(i.MX_USART3_UART_Init) for MX_USART3_UART_Init
    main.o(i.main) refers to tim.o(i.MX_TIM8_Init) for MX_TIM8_Init
    main.o(i.main) refers to crc.o(i.MX_CRC_Init) for MX_CRC_Init
    main.o(i.main) refers to rng.o(i.MX_RNG_Init) for MX_RNG_Init
[...]
    AHBPrescTable                            0x080159d0   Data          16  system_stm32f4xx.o(.constdata)
    APBPrescTable                            0x080159e0   Data           8  system_stm32f4xx.o(.constdata)
    sinTable_f32                             0x08015a48   Data        2052  arm_common_tables.o(.constdata)
    __mathlib_zero                           0x08016370   Data           8  qnan.o(.constdata)
    Region$$Table$$Base                      0x0801638c   Number         0  anon$$obj.o(Region$$Table)
    Region$$Table$$Limit                     0x080163ac   Number         0  anon$$obj.o(Region$$Table)
    OverrunFlags                             0x20000000   Data           1  main.o(.data)
    autoReloadTimerLoopVal_S                 0x20000004   Data           4  main.o(.data)
    remainAutoReloadTimerLoopVal_S           0x20000008   Data           4  main.o(.data)
    calibrate_tast_handle                    0x2000000c   Data           4  freertos.o(.data)
    chassisTaskHandle                        0x20000010   Data           4  freertos.o(.data)
    shoot_task_handle                        0x20000014   Data           4  freertos.o(.data)
    gimbalTaskHandle                         0x20000018   Data           4  freertos.o(.data)
    imuTaskHandle                            0x2000001c   Data           4  freertos.o(.data)
    led_RGB_flow_handle                      0x20000020   Data           4  freertos.o(.data)
    referee_usart_Taskhandle                 0x20000024   Data           4  freertos.o(.data)
    UI_taskhandle                            0x20000028   Data           4  freertos.o(.data)
    testHandle                               0x2000002c   Data           4  freertos.o(.data)
    hcrc                                     0x20000034   Data           8  crc.o(.data)
    ttt                                      0x2000003c   Data           4  tim.o(.data)
    SystemCoreClock                          0x20000040   Data           4  system_stm32f4xx.o(.data)
    voltage_vrefint_proportion               0x20000044   Data           4  bsp_adc.o(.data)
    calibrate_task_stack                     0x20000050   Data           4  calibrate_task.o(.data)
    cali_hook_fun                            0x2000007c   Data          20  calibrate_task.o(.data)
    chassis_behaviour_mode                   0x200000c5   Data           1  chassis_behaviour.o(.data)
    chassis_behaviour_mode_last              0x200000c6   Data           1  chassis_behaviour.o(.data)
    kx                                       0x200000c8   Data           4  chassis_task.o(.data)
    ky                                       0x200000cc   Data           4  chassis_task.o(.data)
    kw                                       0x200000d0   Data           4  chassis_task.o(.data)
    linkState_2                              0x200000d4   Data           4  chassis_task.o(.data)
    linkState_1                              0x200000d8   Data           4  chassis_task.o(.data)
    chassis_high_water                       0x200000dc   Data           4  chassis_task.o(.data)
    motor_speed_pid                          0x200000e0   Data          12  chassis_task.o(.data)
    power_buffer_pid                         0x200000ec   Data          12  chassis_task.o(.data)
    rudder_pid                               0x200000f8   Data          32  chassis_task.o(.data)
    gyro_dma_rx_buf                          0x2000011c   Data           8  ins_task.o(.data)
    gyro_dma_tx_buf                          0x20000124   Data           8  ins_task.o(.data)
    accel_dma_tx_buf                         0x2000012c   Data           9  ins_task.o(.data)
    accel_temp_dma_rx_buf                    0x20000135   Data           4  ins_task.o(.data)
    accel_temp_dma_tx_buf                    0x20000139   Data           4  ins_task.o(.data)
    gyro_update_flag                         0x2000013d   Data           1  ins_task.o(.data)
    accel_update_flag                        0x2000013e   Data           1  ins_task.o(.data)
    accel_temp_update_flag                   0x2000013f   Data           1  ins_task.o(.data)
    mag_update_flag                          0x20000140   Data           1  ins_task.o(.data)
    imu_start_dma_flag                       0x20000141   Data           1  ins_task.o(.data)
    gyro_scale_factor                        0x20000144   Data          36  ins_task.o(.data)
    accel_scale_factor                       0x20000168   Data          36  ins_task.o(.data)
    mag_scale_factor                         0x2000018c   Data          36  ins_task.o(.data)
    BMI088_ACCEL_SEN                         0x200001bc   Data           4  bmi088driver.o(.data)
    BMI088_GYRO_SEN                          0x200001c0   Data           4  bmi088driver.o(.data)
    uwTick                                   0x200001f4   Data           4  stm32f4xx_hal.o(.data)
    uwTickPrio                               0x200001f8   Data           4  stm32f4xx_hal.o(.data)
    uwTickFreq                               0x200001fc   Data           1  stm32f4xx_hal.o(.data)
    pxCurrentTCB                             0x20000200   Data           4  tasks.o(.data)
    hadc1                                    0x20000930   Data          72  adc.o(.bss)
    hadc3                                    0x20000978   Data          72  adc.o(.bss)
    hcan1                                    0x200009c0   Data          40  can.o(.bss)
    hcan2                                    0x200009e8   Data          40  can.o(.bss)
    hi2c1                                    0x20000a10   Data          84  i2c.o(.bss)
    hi2c2                                    0x20000a64   Data          84  i2c.o(.bss)
    hi2c3                                    0x20000ab8   Data          84  i2c.o(.bss)
    hdma_i2c2_tx                             0x20000b0c   Data          96  i2c.o(.bss)
    hrng                                     0x20000b6c   Data          16  rng.o(.bss)
    hrtc                                     0x20000b7c   Data          32  rtc.o(.bss)
    hspi1                                    0x20000b9c   Data          88  spi.o(.bss)
    hspi2                                    0x20000bf4   Data          88  spi.o(.bss)
    hdma_spi1_rx                             0x20000c4c   Data          96  spi.o(.bss)
    hdma_spi1_tx                             0x20000cac   Data          96  spi.o(.bss)
    htim1                                    0x20000d0c   Data          64  tim.o(.bss)
    htim3                                    0x20000d4c   Data          64  tim.o(.bss)
    htim4                                    0x20000d8c   Data          64  tim.o(.bss)
    htim5                                    0x20000dcc   Data          64  tim.o(.bss)
    htim8                                    0x20000e0c   Data          64  tim.o(.bss)
    htim10                                   0x20000e4c   Data          64  tim.o(.bss)
    huart1                                   0x20000e8c   Data          64  usart.o(.bss)
    huart3                                   0x20000ecc   Data          64  usart.o(.bss)
    huart6                                   0x20000f0c   Data          64  usart.o(.bss)
    hdma_usart1_rx                           0x20000f4c   Data          96  usart.o(.bss)
    hdma_usart3_rx                           0x20000fac   Data          96  usart.o(.bss)
    hdma_usart6_rx                           0x2000100c   Data          96  usart.o(.bss)
    hdma_usart6_tx                           0x2000106c   Data          96  usart.o(.bss)
    hpcd_USB_OTG_FS                          0x200010cc   Data        1032  usbd_conf.o(.bss)
    hdma_usart1_tx                           0x200014e4   Data          96  bsp_usart.o(.bss)
    cali_sensor                              0x20001604   Data          65  calibrate_task.o(.bss)
    get_cap                                  0x20001698   Data          16  can_receive.o(.bss)
    get_POWER                                0x200016a8   Data          16  can_receive.o(.bss)
    chassis_move                             0x20001718   Data        1952  chassis_task.o(.bss)
    accel_dma_rx_buf                         0x20001eb8   Data           9  ins_task.o(.bss)
    bmi088_real_data                         0x20001ec4   Data          36  ins_task.o(.bss)
    gyro_offset                              0x20001ee8   Data          12  ins_task.o(.bss)
    gyro_cali_offset                         0x20001ef4   Data          12  ins_task.o(.bss)
    accel_offset                             0x20001f00   Data          12  ins_task.o(.bss)
    accel_cali_offset                        0x20001f0c   Data          12  ins_task.o(.bss)
    ist8310_real_data                        0x20001f18   Data          16  ins_task.o(.bss)
    mag_offset                               0x20001f28   Data          12  ins_task.o(.bss)
    mag_cali_offset                          0x20001f34   Data          12  ins_task.o(.bss)
    INS_angle                                0x20001ffc   Data          12  ins_task.o(.bss)
    rc_ctrl                                  0x20002008   Data          22  remote_control.o(.bss)
    error_list                               0x2000207a   Data         648  detect_task.o(.bss)
    xQueueRegistry                           0x20002304   Data          64  queue.o(.bss)
    __libspace_start                         0x20008544   Data          96  libspace.o(.bss)
    __temporary_stack_top$libspace           0x200085a4   Data           0  libspace.o(.bss)



==============================================================================

Memory Map of the image

  Image Entry point : 0x08000189

  Load Region LR_IROM1 (Base: 0x08000000, Size: 0x00016634, Max: 0x00100000, ABSOLUTE, COMPRESSED[0x00016460])

    Execution Region ER_IROM1 (Exec base: 0x08000000, Load base: 0x08000000, Size: 0x000163ac, Max: 0x00100000, ABSOLUTE)

    Exec Addr    Load Addr    Size         Type   Attr      Idx    E Section Name        Object

    0x08000000   0x08000000   0x00000188   Data   RO            3    RESET               startup_stm32f407xx.o
    0x08000188   0x08000188   0x00000008   Code   RO        11973  * !!!main             c_w.l(__main.o)
    0x08000190   0x08000190   0x00000034   Code   RO        12579    !!!scatter          c_w.l(__scatter.o)
    0x080001c4   0x080001c4   0x0000005a   Code   RO        12577    !!dczerorl2         c_w.l(__dczerorl2.o)
    0x0800021e   0x0800021e   0x00000002   PAD
    0x08000220   0x08000220   0x0000001c   Code   RO        12581    !!handler_zi        c_w.l(__scatter_zi.o)
    0x0800023c   0x0800023c   0x00000002   Code   RO        12507    .ARM.Collect$$libinit$$00000000  c_w.l(libinit.o)
    0x0800023e   0x0800023e   0x00000004   Code   RO        12242    .ARM.Collect$$libinit$$00000001  c_w.l(libinit2.o)
    0x08000242   0x08000242   0x00000000   Code   RO        12245    .ARM.Collect$$libinit$$00000004  c_w.l(libinit2.o)
    0x08000242   0x08000242   0x00000000   Code   RO        12248    .ARM.Collect$$libinit$$0000000A  c_w.l(libinit2.o)
    0x08000242   0x08000242   0x00000000   Code   RO        12250    .ARM.Collect$$libinit$$0000000C  c_w.l(libinit2.o)
    0x08000242   0x08000242   0x00000000   Code   RO        12252    .ARM.Collect$$libinit$$0000000E  c_w.l(libinit2.o)
    0x08000242   0x08000242   0x00000000   Code   RO        12255    .ARM.Collect$$libinit$$00000011  c_w.l(libinit2.o)
    0x08000242   0x08000242   0x00000000   Code   RO        12257    .ARM.Collect$$libinit$$00000013  c_w.l(libinit2.o)
    0x08000242   0x08000242   0x00000000   Code   RO        12259    .ARM.Collect$$libinit$$00000015  c_w.l(libinit2.o)
    0x08000242   0x08000242   0x00000000   Code   RO        12261    .ARM.Collect$$libinit$$00000017  c_w.l(libinit2.o)
    0x08000242   0x08000242   0x00000000   Code   RO        12263    .ARM.Collect$$libinit$$00000019  c_w.l(libinit2.o)
    0x08000242   0x08000242   0x00000000   Code   RO        12265    .ARM.Collect$$libinit$$0000001B  c_w.l(libinit2.o)
    0x08000242   0x08000242   0x00000000   Code   RO        12267    .ARM.Collect$$libinit$$0000001D  c_w.l(libinit2.o)
    0x08000242   0x08000242   0x00000000   Code   RO        12269    .ARM.Collect$$libinit$$0000001F  c_w.l(libinit2.o)
    0x08000242   0x08000242   0x00000000   Code   RO        12271    .ARM.Collect$$libinit$$00000021  c_w.l(libinit2.o)
    0x08000242   0x08000242   0x00000000   Code   RO        12273    .ARM.Collect$$libinit$$00000023  c_w.l(libinit2.o)
    0x08000242   0x08000242   0x00000000   Code   RO        12275    .ARM.Collect$$libinit$$00000025  c_w.l(libinit2.o)
    0x08000242   0x08000242   0x00000000   Code   RO        12279    .ARM.Collect$$libinit$$0000002C  c_w.l(libinit2.o)
    0x08000242   0x08000242   0x00000000   Code   RO        12281    .ARM.Collect$$libinit$$0000002E  c_w.l(libinit2.o)
    0x08000242   0x08000242   0x00000000   Code   RO        12283    .ARM.Collect$$libinit$$00000030  c_w.l(libinit2.o)
    0x08000242   0x08000242   0x00000000   Code   RO        12285    .ARM.Collect$$libinit$$00000032  c_w.l(libinit2.o)
    0x08000242   0x08000242   0x00000002   Code   RO        12286    .ARM.Collect$$libinit$$00000033  c_w.l(libinit2.o)
    0x08000244   0x08000244   0x00000002   Code   RO        12574    .ARM.Collect$$libshutdown$$00000000  c_w.l(libshutdown.o)
    0x08000246   0x08000246   0x00000000   Code   RO        12530    .ARM.Collect$$libshutdown$$00000002  c_w.l(libshutdown2.o)
    0x08000246   0x08000246   0x00000000   Code   RO        12532    .ARM.Collect$$libshutdown$$00000004  c_w.l(libshutdown2.o)
    0x08000246   0x08000246   0x00000000   Code   RO        12534    .ARM.Collect$$libshutdown$$00000006  c_w.l(libshutdown2.o)
    0x08000246   0x08000246   0x00000000   Code   RO        12537    .ARM.Collect$$libshutdown$$00000009  c_w.l(libshutdown2.o)
    0x08000246   0x08000246   0x00000000   Code   RO        12540    .ARM.Collect$$libshutdown$$0000000C  c_w.l(libshutdown2.o)
    0x08000246   0x08000246   0x00000000   Code   RO        12542    .ARM.Collect$$libshutdown$$0000000E  c_w.l(libshutdown2.o)
    0x08000246   0x08000246   0x00000000   Code   RO        12545    .ARM.Collect$$libshutdown$$00000011  c_w.l(libshutdown2.o)
    0x08000246   0x08000246   0x00000002   Code   RO        12546    .ARM.Collect$$libshutdown$$00000012  c_w.l(libshutdown2.o)
    0x08000248   0x08000248   0x00000000   Code   RO        12115    .ARM.Collect$$rtentry$$00000000  c_w.l(__rtentry.o)
    0x08000248   0x08000248   0x00000000   Code   RO        12378    .ARM.Collect$$rtentry$$00000002  c_w.l(__rtentry2.o)
    0x08000248   0x08000248   0x00000006   Code   RO        12390    .ARM.Collect$$rtentry$$00000004  c_w.l(__rtentry4.o)
    0x0800024e   0x0800024e   0x00000000   Code   RO        12380    .ARM.Collect$$rtentry$$00000009  c_w.l(__rtentry2.o)
    0x0800024e   0x0800024e   0x00000004   Code   RO        12381    .ARM.Collect$$rtentry$$0000000A  c_w.l(__rtentry2.o)
    0x08000252   0x08000252   0x00000000   Code   RO        12383    .ARM.Collect$$rtentry$$0000000C  c_w.l(__rtentry2.o)
    0x08000252   0x08000252   0x00000008   Code   RO        12384    .ARM.Collect$$rtentry$$0000000D  c_w.l(__rtentry2.o)
    0x0800025a   0x0800025a   0x00000002   Code   RO        12512    .ARM.Collect$$rtexit$$00000000  c_w.l(rtexit.o)
    0x0800025c   0x0800025c   0x00000000   Code   RO        12550    .ARM.Collect$$rtexit$$00000002  c_w.l(rtexit2.o)
    0x0800025c   0x0800025c   0x00000004   Code   RO        12551    .ARM.Collect$$rtexit$$00000003  c_w.l(rtexit2.o)
    0x08000260   0x08000260   0x00000006   Code   RO        12552    .ARM.Collect$$rtexit$$00000004  c_w.l(rtexit2.o)
    0x08000266   0x08000266   0x00000002   PAD
    0x08000268   0x08000268   0x000000be   Code   RO        10917    .emb_text           port.o
    0x08000326   0x08000326   0x00000002   PAD
    0x08000328   0x08000328   0x00000040   Code   RO            4    .text               startup_stm32f407xx.o
    0x08000368   0x08000368   0x00000078   Code   RO        11591    .text               arm_cortexM4lf_math.lib(arm_cos_f32.o)
    0x080003e0   0x080003e0   0x00000074   Code   RO        11644    .text               arm_cortexM4lf_math.lib(arm_sin_f32.o)
    0x08000454   0x08000454   0x000000ee   Code   RO        11955    .text               c_w.l(lludivv7m.o)
    0x08000542   0x08000542   0x0000003e   Code   RO        11959    .text               c_w.l(strlen.o)
    0x08000580   0x08000580   0x0000008a   Code   RO        11961    .text               c_w.l(rt_memcpy_v6.o)
    0x0800060a   0x0800060a   0x00000064   Code   RO        11963    .text               c_w.l(rt_memcpy_w.o)
    0x0800066e   0x0800066e   0x00000010   Code   RO        11967    .text               c_w.l(aeabi_memset.o)
    0x0800067e   0x0800067e   0x0000004e   Code   RO        11969    .text               c_w.l(rt_memclr_w.o)
    0x080006cc   0x080006cc   0x00000006   Code   RO        11971    .text               c_w.l(heapauxi.o)
    0x080006d2   0x080006d2   0x00000016   Code   RO        12145    .text               c_w.l(_rserrno.o)
    0x080006e8   0x080006e8   0x00000044   Code   RO        12238    .text               c_w.l(rt_memclr.o)
    0x0800072c   0x0800072c   0x00000008   Code   RO        12374    .text               c_w.l(libspace.o)
    0x08000734   0x08000734   0x00000008   Code   RO        12397    .text               c_w.l(rt_errno_addr_intlibspace.o)
    0x0800073c   0x0800073c   0x00000030   Code   RO        12409    .text               c_w.l(_fptrap.o)
    0x0800076c   0x0800076c   0x00000002   Code   RO        12442    .text               c_w.l(use_no_semi.o)
    0x0800076e   0x0800076e   0x00000000   Code   RO        12444    .text               c_w.l(indicate_semi.o)
    0x0800076e   0x0800076e   0x0000004a   Code   RO        12445    .text               c_w.l(sys_stackheap_outer.o)
    0x080007b8   0x080007b8   0x00000012   Code   RO        12488    .text               c_w.l(exit.o)
    0x080007ca   0x080007ca   0x0000000a   Code   RO        12490    .text               c_w.l(defsig_exit.o)
    0x080007d4   0x080007d4   0x0000000e   Code   RO        12492    .text               c_w.l(defsig_fpe_outer.o)
    0x080007e2   0x080007e2   0x00000002   PAD
    0x080007e4   0x080007e4   0x0000000c   Code   RO        12510    .text               c_w.l(sys_exit.o)
    0x080007f0   0x080007f0   0x00000032   Code   RO        12523    .text               c_w.l(defsig_general.o)
    0x08000822   0x08000822   0x00000002   PAD
    0x08000824   0x08000824   0x000000ac   Code   RO        12525    .text               c_w.l(defsig_fpe_inner.o)
    0x080008d0   0x080008d0   0x0000000e   Code   RO        12547    .text               c_w.l(sys_wrch.o)
    0x080008de   0x080008de   0x0000002e   Code   RO         4557    i.ABSLimit          pid.o
    0x0800090c   0x0800090c   0x00000160   Code   RO         6380    i.ADC_Init          stm32f4xx_hal_adc.o
    0x08000a6c   0x08000a6c   0x00000018   Code   RO         3937    i.AHRS_asinf        ahrs_middleware.o
    0x08000a84   0x08000a84   0x00000020   Code   RO         3938    i.AHRS_atan2f       ahrs_middleware.o
    0x08000aa4   0x08000aa4   0x00000018   Code   RO         3939    i.AHRS_cosf         ahrs_middleware.o
    0x08000abc   0x08000abc   0x0000001a   Code   RO        11501    i.AHRS_fabs         AHRS.lib(ahrs.o)
    0x08000ad6   0x08000ad6   0x00000002   PAD
    0x08000ad8   0x08000ad8   0x00000010   Code   RO         3940    i.AHRS_get_height   ahrs_middleware.o
    0x08000ae8   0x08000ae8   0x0000000c   Code   RO         3941    i.AHRS_get_latitude  ahrs_middleware.o
    0x08000af4   0x08000af4   0x0000029c   Code   RO        11502    i.AHRS_init         AHRS.lib(ahrs.o)
    0x08000d90   0x08000d90   0x00000024   Code   RO         3942    i.AHRS_invSqrt      ahrs_middleware.o
    0x08000db4   0x08000db4   0x00000018   Code   RO         3943    i.AHRS_sinf         ahrs_middleware.o
    0x08000dcc   0x08000dcc   0x0000013a   Code   RO        11503    i.AHRS_update       AHRS.lib(ahrs.o)
    0x08000f06   0x08000f06   0x00000002   PAD
    0x08000f08   0x08000f08   0x00000014   Code   RO         3755    i.BMI088_ACCEL_NS_H  bmi088middleware.o
    0x08000f1c   0x08000f1c   0x00000014   Code   RO         3756    i.BMI088_ACCEL_NS_L  bmi088middleware.o
    0x08000f30   0x08000f30   0x00000002   Code   RO         3757    i.BMI088_GPIO_init  bmi088middleware.o
    0x08000f32   0x08000f32   0x00000002   PAD
    0x08000f34   0x08000f34   0x00000014   Code   RO         3758    i.BMI088_GYRO_NS_H  bmi088middleware.o
    0x08000f48   0x08000f48   0x00000014   Code   RO         3759    i.BMI088_GYRO_NS_L  bmi088middleware.o
    0x08000f5c   0x08000f5c   0x00000090   Code   RO         3619    i.BMI088_accel_read_over  bmi088driver.o
    0x08000fec   0x08000fec   0x00000002   Code   RO         3760    i.BMI088_com_init   bmi088middleware.o
    0x08000fee   0x08000fee   0x0000000c   Code   RO         3761    i.BMI088_delay_ms   bmi088middleware.o
    0x08000ffa   0x08000ffa   0x0000000c   Code   RO         3762    i.BMI088_delay_us   bmi088middleware.o
    0x08001006   0x08001006   0x00000002   PAD
    0x08001008   0x08001008   0x00000068   Code   RO         3620    i.BMI088_gyro_read_over  bmi088driver.o
    0x08001070   0x08001070   0x00000034   Code   RO         3621    i.BMI088_init       bmi088driver.o
    0x080010a4   0x080010a4   0x0000017c   Code   RO         3622    i.BMI088_read       bmi088driver.o
    0x08001220   0x08001220   0x00000026   Code   RO         3625    i.BMI088_read_muli_reg  bmi088driver.o
    0x08001246   0x08001246   0x00000018   Code   RO         3626    i.BMI088_read_single_reg  bmi088driver.o
    0x0800125e   0x0800125e   0x00000002   PAD
    0x08001260   0x08001260   0x00000020   Code   RO         3763    i.BMI088_read_write_byte  bmi088middleware.o
    0x08001280   0x08001280   0x00000034   Code   RO         3627    i.BMI088_temperature_read_over  bmi088driver.o
    0x080012b4   0x080012b4   0x00000014   Code   RO         3628    i.BMI088_write_single_reg  bmi088driver.o
    0x080012c8   0x080012c8   0x00000004   Code   RO         1687    i.BusFault_Handler  stm32f4xx_it.o
    0x080012cc   0x080012cc   0x00000010   Code   RO         1688    i.CAN1_RX0_IRQHandler  stm32f4xx_it.o
    0x080012dc   0x080012dc   0x00000010   Code   RO         1689    i.CAN2_RX0_IRQHandler  stm32f4xx_it.o
    0x080012ec   0x080012ec   0x00000038   Code   RO         2775    i.CAN_CMD_cap       can_receive.o
    0x08001324   0x08001324   0x00000050   Code   RO         2776    i.CAN_cmd_chassis   can_receive.o
    0x08001374   0x08001374   0x00000050   Code   RO         2778    i.CAN_cmd_rudder    can_receive.o
    0x080013c4   0x080013c4   0x000000ba   Code   RO         3073    i.CHASSIC_MOTOR_PID_CONTROL  chassis_task.o
    0x0800147e   0x0800147e   0x00000002   PAD
    0x08001480   0x08001480   0x00000528   Code   RO         3074    i.CHASSIC_MOTOR_POWER_CONTROL  chassis_task.o
    0x080019a8   0x080019a8   0x0000007c   Code   RO         2339    i.DMA1_Stream7_IRQHandler  bsp_i2c.o
    0x08001a24   0x08001a24   0x00000010   Code   RO         1690    i.DMA2_Stream1_IRQHandler  stm32f4xx_it.o
    0x08001a34   0x08001a34   0x00000880   Code   RO         3237    i.DMA2_Stream2_IRQHandler  ins_task.o
    0x080022b4   0x080022b4   0x00000010   Code   RO         1691    i.DMA2_Stream5_IRQHandler  stm32f4xx_it.o
    0x080022c4   0x080022c4   0x00000010   Code   RO         1692    i.DMA2_Stream6_IRQHandler  stm32f4xx_it.o
    0x080022d4   0x080022d4   0x00000034   Code   RO         5702    i.DMA_CalcBaseAndBitshift  stm32f4xx_hal_dma.o
    0x08002308   0x08002308   0x000000aa   Code   RO         5703    i.DMA_CheckFifoParam  stm32f4xx_hal_dma.o
    0x080023b2   0x080023b2   0x00000002   Code   RO         1693    i.DebugMon_Handler  stm32f4xx_it.o
    0x080023b4   0x080023b4   0x0000000a   Code   RO         1694    i.EXTI0_IRQHandler  stm32f4xx_it.o
    0x080023be   0x080023be   0x0000000a   Code   RO         1695    i.EXTI3_IRQHandler  stm32f4xx_it.o
    0x080023c8   0x080023c8   0x0000000a   Code   RO         1696    i.EXTI4_IRQHandler  stm32f4xx_it.o
    0x080023d2   0x080023d2   0x0000000a   Code   RO         1697    i.EXTI9_5_IRQHandler  stm32f4xx_it.o
    0x080023dc   0x080023dc   0x00000002   Code   RO           13    i.Error_Handler     main.o
    0x080023de   0x080023de   0x00000002   PAD
    0x080023e0   0x080023e0   0x0000018c   Code   RO         6382    i.HAL_ADC_ConfigChannel  stm32f4xx_hal_adc.o
    0x0800256c   0x0800256c   0x00000008   Code   RO         6389    i.HAL_ADC_GetValue  stm32f4xx_hal_adc.o
    0x08002574   0x08002574   0x00000068   Code   RO         6391    i.HAL_ADC_Init      stm32f4xx_hal_adc.o
    0x080025dc   0x080025dc   0x000000ac   Code   RO          701    i.HAL_ADC_MspInit   adc.o
    0x08002688   0x08002688   0x000000c2   Code   RO         6395    i.HAL_ADC_PollForConversion  stm32f4xx_hal_adc.o
    0x0800274a   0x0800274a   0x00000002   PAD
    0x0800274c   0x0800274c   0x0000013c   Code   RO         6397    i.HAL_ADC_Start     stm32f4xx_hal_adc.o
    0x08002888   0x08002888   0x0000002a   Code   RO         6653    i.HAL_CAN_ActivateNotification  stm32f4xx_hal_can.o
    0x080028b2   0x080028b2   0x00000156   Code   RO         6654    i.HAL_CAN_AddTxMessage  stm32f4xx_hal_can.o
    0x08002a08   0x08002a08   0x00000124   Code   RO         6655    i.HAL_CAN_ConfigFilter  stm32f4xx_hal_can.o
    0x08002b2c   0x08002b2c   0x00000002   Code   RO         6658    i.HAL_CAN_ErrorCallback  stm32f4xx_hal_can.o
    0x08002b2e   0x08002b2e   0x0000017c   Code   RO         6661    i.HAL_CAN_GetRxMessage  stm32f4xx_hal_can.o
    0x08002caa   0x08002caa   0x0000024e   Code   RO         6665    i.HAL_CAN_IRQHandler  stm32f4xx_hal_can.o
    0x08002ef8   0x08002ef8   0x00000174   Code   RO         6666    i.HAL_CAN_Init      stm32f4xx_hal_can.o
    0x0800306c   0x0800306c   0x00000160   Code   RO          749    i.HAL_CAN_MspInit   can.o
    0x080031cc   0x080031cc   0x00000002   Code   RO         6673    i.HAL_CAN_RxFifo0FullCallback  stm32f4xx_hal_can.o
    0x080031ce   0x080031ce   0x00000002   PAD
    0x080031d0   0x080031d0   0x00000432   Code   RO         2779    i.HAL_CAN_RxFifo0MsgPendingCallback  can_receive.o
    0x08003602   0x08003602   0x00000002   Code   RO         6675    i.HAL_CAN_RxFifo1FullCallback  stm32f4xx_hal_can.o
    0x08003604   0x08003604   0x00000002   Code   RO         6676    i.HAL_CAN_RxFifo1MsgPendingCallback  stm32f4xx_hal_can.o
    0x08003606   0x08003606   0x00000002   Code   RO         6677    i.HAL_CAN_SleepCallback  stm32f4xx_hal_can.o
    0x08003608   0x08003608   0x0000005e   Code   RO         6678    i.HAL_CAN_Start     stm32f4xx_hal_can.o
    0x08003666   0x08003666   0x00000002   Code   RO         6680    i.HAL_CAN_TxMailbox0AbortCallback  stm32f4xx_hal_can.o
    0x08003668   0x08003668   0x00000002   Code   RO         6681    i.HAL_CAN_TxMailbox0CompleteCallback  stm32f4xx_hal_can.o
    0x0800366a   0x0800366a   0x00000002   Code   RO         6682    i.HAL_CAN_TxMailbox1AbortCallback  stm32f4xx_hal_can.o
    0x0800366c   0x0800366c   0x00000002   Code   RO         6683    i.HAL_CAN_TxMailbox1CompleteCallback  stm32f4xx_hal_can.o
    0x0800366e   0x0800366e   0x00000002   Code   RO         6684    i.HAL_CAN_TxMailbox2AbortCallback  stm32f4xx_hal_can.o
    0x08003670   0x08003670   0x00000002   Code   RO         6685    i.HAL_CAN_TxMailbox2CompleteCallback  stm32f4xx_hal_can.o
    0x08003672   0x08003672   0x00000002   Code   RO         6687    i.HAL_CAN_WakeUpFromRxMsgCallback  stm32f4xx_hal_can.o
    0x08003674   0x08003674   0x00000024   Code   RO         6890    i.HAL_CRC_Init      stm32f4xx_hal_crc.o
    0x08003698   0x08003698   0x00000034   Code   RO          798    i.HAL_CRC_MspInit   crc.o
    0x080036cc   0x080036cc   0x00000240   Code   RO         5710    i.HAL_DMA_IRQHandler  stm32f4xx_hal_dma.o
    0x0800390c   0x0800390c   0x000000ec   Code   RO         5711    i.HAL_DMA_Init      stm32f4xx_hal_dma.o
    0x080039f8   0x080039f8   0x000000a8   Code   RO         3238    i.HAL_GPIO_EXTI_Callback  ins_task.o
    0x08003aa0   0x08003aa0   0x0000001c   Code   RO         5597    i.HAL_GPIO_EXTI_IRQHandler  stm32f4xx_hal_gpio.o
    0x08003abc   0x08003abc   0x00000200   Code   RO         5598    i.HAL_GPIO_Init     stm32f4xx_hal_gpio.o
    0x08003cbc   0x08003cbc   0x0000000c   Code   RO         5602    i.HAL_GPIO_WritePin  stm32f4xx_hal_gpio.o
    0x08003cc8   0x08003cc8   0x0000000c   Code   RO         6135    i.HAL_GetTick       stm32f4xx_hal.o
    0x08003cd4   0x08003cd4   0x000001b8   Code   RO         6957    i.HAL_I2C_Init      stm32f4xx_hal_i2c.o
    0x08003e8c   0x08003e8c   0x000002f4   Code   RO         6975    i.HAL_I2C_Mem_Read  stm32f4xx_hal_i2c.o
    0x08004180   0x08004180   0x00000164   Code   RO         6978    i.HAL_I2C_Mem_Write  stm32f4xx_hal_i2c.o
    0x080042e4   0x080042e4   0x00000208   Code   RO          867    i.HAL_I2C_MspInit   i2c.o
    0x080044ec   0x080044ec   0x00000018   Code   RO         6141    i.HAL_IncTick       stm32f4xx_hal.o
    0x08004504   0x08004504   0x0000003c   Code   RO         6142    i.HAL_Init          stm32f4xx_hal.o
    0x08004540   0x08004540   0x0000004c   Code   RO         6143    i.HAL_InitTick      stm32f4xx_hal.o
    0x0800458c   0x0800458c   0x00000054   Code   RO         1859    i.HAL_MspInit       stm32f4xx_hal_msp.o
    0x080045e0   0x080045e0   0x00000020   Code   RO         5987    i.HAL_NVIC_EnableIRQ  stm32f4xx_hal_cortex.o
    0x08004600   0x08004600   0x0000007c   Code   RO         5993    i.HAL_NVIC_SetPriority  stm32f4xx_hal_cortex.o
    0x0800467c   0x0800467c   0x00000028   Code   RO         5994    i.HAL_NVIC_SetPriorityGrouping  stm32f4xx_hal_cortex.o
    0x080046a4   0x080046a4   0x00000002   Code   RO         4851    i.HAL_PCDEx_LPM_Callback  stm32f4xx_hal_pcd_ex.o
    0x080046a6   0x080046a6   0x0000000e   Code   RO         1343    i.HAL_PCD_ConnectCallback  usbd_conf.o
    0x080046b4   0x080046b4   0x00000020   Code   RO         1344    i.HAL_PCD_DataInStageCallback  usbd_conf.o
    0x080046d4   0x080046d4   0x00000020   Code   RO         1345    i.HAL_PCD_DataOutStageCallback  usbd_conf.o
    0x080046f4   0x080046f4   0x0000000e   Code   RO         1346    i.HAL_PCD_DisconnectCallback  usbd_conf.o
    0x08004702   0x08004702   0x0000007c   Code   RO         4635    i.HAL_PCD_EP_ClrStall  stm32f4xx_hal_pcd.o
    0x0800477e   0x0800477e   0x0000008c   Code   RO         4638    i.HAL_PCD_EP_Open   stm32f4xx_hal_pcd.o
    0x0800480a   0x0800480a   0x00000058   Code   RO         4639    i.HAL_PCD_EP_Receive  stm32f4xx_hal_pcd.o
    0x08004862   0x08004862   0x0000008a   Code   RO         4640    i.HAL_PCD_EP_SetStall  stm32f4xx_hal_pcd.o
    0x080048ec   0x080048ec   0x0000005a   Code   RO         4641    i.HAL_PCD_EP_Transmit  stm32f4xx_hal_pcd.o
    0x08004946   0x08004946   0x0000053e   Code   RO         4643    i.HAL_PCD_IRQHandler  stm32f4xx_hal_pcd.o
    0x08004e84   0x08004e84   0x00000012   Code   RO         1347    i.HAL_PCD_ISOINIncompleteCallback  usbd_conf.o
    0x08004e96   0x08004e96   0x00000012   Code   RO         1348    i.HAL_PCD_ISOOUTIncompleteCallback  usbd_conf.o
    0x08004ea8   0x08004ea8   0x00000030   Code   RO         1351    i.HAL_PCD_ResetCallback  usbd_conf.o
    0x08004ed8   0x08004ed8   0x0000000e   Code   RO         1352    i.HAL_PCD_ResumeCallback  usbd_conf.o
    0x08004ee6   0x08004ee6   0x0000000e   Code   RO         1353    i.HAL_PCD_SOFCallback  usbd_conf.o
    0x08004ef4   0x08004ef4   0x00000036   Code   RO         4652    i.HAL_PCD_SetAddress  stm32f4xx_hal_pcd.o
    0x08004f2a   0x08004f2a   0x00000012   Code   RO         1354    i.HAL_PCD_SetupStageCallback  usbd_conf.o
    0x08004f3c   0x08004f3c   0x00000034   Code   RO         1355    i.HAL_PCD_SuspendCallback  usbd_conf.o
    0x08004f70   0x08004f70   0x000001a0   Code   RO         5304    i.HAL_RCCEx_PeriphCLKConfig  stm32f4xx_hal_rcc_ex.o
    0x08005110   0x08005110   0x00000180   Code   RO         5199    i.HAL_RCC_ClockConfig  stm32f4xx_hal_rcc.o
    0x08005290   0x08005290   0x0000000c   Code   RO         5204    i.HAL_RCC_GetHCLKFreq  stm32f4xx_hal_rcc.o
    0x0800529c   0x0800529c   0x00000020   Code   RO         5206    i.HAL_RCC_GetPCLK1Freq  stm32f4xx_hal_rcc.o
    0x080052bc   0x080052bc   0x00000020   Code   RO         5207    i.HAL_RCC_GetPCLK2Freq  stm32f4xx_hal_rcc.o
    0x080052dc   0x080052dc   0x000000b0   Code   RO         5208    i.HAL_RCC_GetSysClockFreq  stm32f4xx_hal_rcc.o
    0x0800538c   0x0800538c   0x00000448   Code   RO         5211    i.HAL_RCC_OscConfig  stm32f4xx_hal_rcc.o
    0x080057d4   0x080057d4   0x00000034   Code   RO         7435    i.HAL_RNG_Init      stm32f4xx_hal_rng.o
    0x08005808   0x08005808   0x00000034   Code   RO          921    i.HAL_RNG_MspInit   rng.o
    0x0800583c   0x0800583c   0x000000d8   Code   RO         7536    i.HAL_RTC_Init      stm32f4xx_hal_rtc.o
    0x08005914   0x08005914   0x00000018   Code   RO          963    i.HAL_RTC_MspInit   rtc.o
    0x0800592c   0x0800592c   0x0000003a   Code   RO         7544    i.HAL_RTC_WaitForSynchro  stm32f4xx_hal_rtc.o
    0x08005966   0x08005966   0x0000008c   Code   RO         7905    i.HAL_SPI_Init      stm32f4xx_hal_spi.o
    0x080059f2   0x080059f2   0x00000002   PAD
    0x080059f4   0x080059f4   0x000001cc   Code   RO         1005    i.HAL_SPI_MspInit   spi.o
    0x08005bc0   0x08005bc0   0x0000022a   Code   RO         7914    i.HAL_SPI_TransmitReceive  stm32f4xx_hal_spi.o
    0x08005dea   0x08005dea   0x00000034   Code   RO         5998    i.HAL_SYSTICK_Config  stm32f4xx_hal_cortex.o
    0x08005e1e   0x08005e1e   0x00000002   Code   RO         8904    i.HAL_TIMEx_BreakCallback  stm32f4xx_hal_tim_ex.o
    0x08005e20   0x08005e20   0x00000002   Code   RO         8905    i.HAL_TIMEx_CommutCallback  stm32f4xx_hal_tim_ex.o
    0x08005e22   0x08005e22   0x00000074   Code   RO         8907    i.HAL_TIMEx_ConfigBreakDeadTime  stm32f4xx_hal_tim_ex.o
    0x08005e96   0x08005e96   0x00000054   Code   RO         8922    i.HAL_TIMEx_MasterConfigSynchronization  stm32f4xx_hal_tim_ex.o
    0x08005eea   0x08005eea   0x00000034   Code   RO         8218    i.HAL_TIM_Base_Init  stm32f4xx_hal_tim.o
    0x08005f1e   0x08005f1e   0x00000002   PAD
    0x08005f20   0x08005f20   0x0000011c   Code   RO         1053    i.HAL_TIM_Base_MspInit  tim.o
    0x0800603c   0x0800603c   0x0000002a   Code   RO         8221    i.HAL_TIM_Base_Start  stm32f4xx_hal_tim.o
    0x08006066   0x08006066   0x0000002a   Code   RO         8223    i.HAL_TIM_Base_Start_IT  stm32f4xx_hal_tim.o
    0x08006090   0x08006090   0x00000108   Code   RO         8227    i.HAL_TIM_ConfigClockSource  stm32f4xx_hal_tim.o
    0x08006198   0x08006198   0x00000002   Code   RO         8247    i.HAL_TIM_IC_CaptureCallback  stm32f4xx_hal_tim.o
    0x0800619a   0x0800619a   0x00000196   Code   RO         8261    i.HAL_TIM_IRQHandler  stm32f4xx_hal_tim.o
    0x08006330   0x08006330   0x000002c0   Code   RO         1054    i.HAL_TIM_MspPostInit  tim.o
    0x080065f0   0x080065f0   0x00000002   Code   RO         8264    i.HAL_TIM_OC_DelayElapsedCallback  stm32f4xx_hal_tim.o
    0x080065f2   0x080065f2   0x00000108   Code   RO         8285    i.HAL_TIM_PWM_ConfigChannel  stm32f4xx_hal_tim.o
    0x080066fa   0x080066fa   0x00000034   Code   RO         8288    i.HAL_TIM_PWM_Init  stm32f4xx_hal_tim.o
    0x0800672e   0x0800672e   0x00000002   Code   RO         8290    i.HAL_TIM_PWM_MspInit  stm32f4xx_hal_tim.o
    0x08006730   0x08006730   0x00000002   Code   RO         8291    i.HAL_TIM_PWM_PulseFinishedCallback  stm32f4xx_hal_tim.o
    0x08006732   0x08006732   0x00000002   PAD
    0x08006734   0x08006734   0x00000058   Code   RO         8293    i.HAL_TIM_PWM_Start  stm32f4xx_hal_tim.o
    0x0800678c   0x0800678c   0x00000020   Code   RO         1055    i.HAL_TIM_PeriodElapsedCallback  tim.o
    0x080067ac   0x080067ac   0x00000002   Code   RO         8304    i.HAL_TIM_TriggerCallback  stm32f4xx_hal_tim.o
    0x080067ae   0x080067ae   0x00000072   Code   RO         9180    i.HAL_UART_Init     stm32f4xx_hal_uart.o
    0x08006820   0x08006820   0x00000300   Code   RO         1138    i.HAL_UART_MspInit  usart.o
    0x08006b20   0x08006b20   0x00000004   Code   RO         1698    i.HardFault_Handler  stm32f4xx_it.o
    0x08006b24   0x08006b24   0x0000003e   Code   RO         7000    i.I2C_IsAcknowledgeFailed  stm32f4xx_hal_i2c.o
    0x08006b62   0x08006b62   0x00000002   PAD
    0x08006b64   0x08006b64   0x00000138   Code   RO         7010    i.I2C_RequestMemoryRead  stm32f4xx_hal_i2c.o
    0x08006c9c   0x08006c9c   0x000000cc   Code   RO         7011    i.I2C_RequestMemoryWrite  stm32f4xx_hal_i2c.o
    0x08006d68   0x08006d68   0x0000005c   Code   RO         7019    i.I2C_WaitOnBTFFlagUntilTimeout  stm32f4xx_hal_i2c.o
    0x08006dc4   0x08006dc4   0x00000086   Code   RO         7020    i.I2C_WaitOnFlagUntilTimeout  stm32f4xx_hal_i2c.o
    0x08006e4a   0x08006e4a   0x000000c4   Code   RO         7021    i.I2C_WaitOnMasterAddressFlagUntilTimeout  stm32f4xx_hal_i2c.o
    0x08006f0e   0x08006f0e   0x00000080   Code   RO         7022    i.I2C_WaitOnRXNEFlagUntilTimeout  stm32f4xx_hal_i2c.o
    0x08006f8e   0x08006f8e   0x0000005c   Code   RO         7024    i.I2C_WaitOnTXEFlagUntilTimeout  stm32f4xx_hal_i2c.o
    0x08006fea   0x08006fea   0x00000002   PAD
    0x08006fec   0x08006fec   0x0000007c   Code   RO         3239    i.INS_cali_gyro     ins_task.o
    0x08007068   0x08007068   0x00000048   Code   RO         3240    i.INS_set_cali_gyro  ins_task.o
    0x080070b0   0x080070b0   0x00000304   Code   RO         3241    i.INS_task          ins_task.o
    0x080073b4   0x080073b4   0x00000070   Code   RO          702    i.MX_ADC1_Init      adc.o
    0x08007424   0x08007424   0x00000070   Code   RO          703    i.MX_ADC3_Init      adc.o
    0x08007494   0x08007494   0x00000048   Code   RO          750    i.MX_CAN1_Init      can.o
    0x080074dc   0x080074dc   0x00000048   Code   RO          751    i.MX_CAN2_Init      can.o
    0x08007524   0x08007524   0x00000020   Code   RO          799    i.MX_CRC_Init       crc.o
    0x08007544   0x08007544   0x000000c8   Code   RO          839    i.MX_DMA_Init       dma.o
    0x0800760c   0x0800760c   0x00000044   Code   RO          511    i.MX_FREERTOS_Init  freertos.o
    0x08007650   0x08007650   0x00000254   Code   RO          356    i.MX_GPIO_Init      gpio.o
    0x080078a4   0x080078a4   0x0000003c   Code   RO          868    i.MX_I2C1_Init      i2c.o
    0x080078e0   0x080078e0   0x0000003c   Code   RO          869    i.MX_I2C2_Init      i2c.o
    0x0800791c   0x0800791c   0x0000003c   Code   RO          870    i.MX_I2C3_Init      i2c.o
    0x08007958   0x08007958   0x00000020   Code   RO          922    i.MX_RNG_Init       rng.o
    0x08007978   0x08007978   0x00000034   Code   RO          964    i.MX_RTC_Init       rtc.o
    0x080079ac   0x080079ac   0x00000048   Code   RO         1006    i.MX_SPI1_Init      spi.o
    0x080079f4   0x080079f4   0x00000048   Code   RO         1007    i.MX_SPI2_Init      spi.o
    0x08007a3c   0x08007a3c   0x0000006c   Code   RO         1056    i.MX_TIM10_Init     tim.o
    0x08007aa8   0x08007aa8   0x0000010c   Code   RO         1057    i.MX_TIM1_Init      tim.o
    0x08007bb4   0x08007bb4   0x000000a4   Code   RO         1058    i.MX_TIM3_Init      tim.o
    0x08007c58   0x08007c58   0x000000a4   Code   RO         1059    i.MX_TIM4_Init      tim.o
    0x08007cfc   0x08007cfc   0x000000c4   Code   RO         1060    i.MX_TIM5_Init      tim.o
    0x08007dc0   0x08007dc0   0x000000ec   Code   RO         1061    i.MX_TIM8_Init      tim.o
    0x08007eac   0x08007eac   0x00000038   Code   RO         1139    i.MX_USART1_UART_Init  usart.o
    0x08007ee4   0x08007ee4   0x0000003c   Code   RO         1140    i.MX_USART3_UART_Init  usart.o
    0x08007f20   0x08007f20   0x00000038   Code   RO         1141    i.MX_USART6_UART_Init  usart.o
    0x08007f58   0x08007f58   0x00000208   Code   RO        11395    i.Matlab_PID_Calc   stm32.o
    0x08008160   0x08008160   0x00000004   Code   RO         1699    i.MemManage_Handler  stm32f4xx_it.o
    0x08008164   0x08008164   0x00000002   Code   RO         1700    i.NMI_Handler       stm32f4xx_it.o
    0x08008166   0x08008166   0x00000002   PAD
    0x08008168   0x08008168   0x00000010   Code   RO         1701    i.OTG_FS_IRQHandler  stm32f4xx_it.o
    0x08008178   0x08008178   0x0000008c   Code   RO         4657    i.PCD_EP_OutSetupPacket_int  stm32f4xx_hal_pcd.o
    0x08008204   0x08008204   0x00000180   Code   RO         4658    i.PCD_EP_OutXfrComplete_int  stm32f4xx_hal_pcd.o
    0x08008384   0x08008384   0x000000b6   Code   RO         4659    i.PCD_WriteEmptyTxFifo  stm32f4xx_hal_pcd.o
    0x0800843a   0x0800843a   0x00000002   PAD
    0x0800843c   0x0800843c   0x000003c0   Code   RO         4558    i.PID_Calc          pid.o
    0x080087fc   0x080087fc   0x00000060   Code   RO         4559    i.PID_Init          pid.o
    0x0800885c   0x0800885c   0x0000009c   Code   RO         2475    i.RC_Init           bsp_rc.o
    0x080088f8   0x080088f8   0x00000050   Code   RO         2476    i.RC_restart        bsp_rc.o
    0x08008948   0x08008948   0x00000018   Code   RO         2477    i.RC_unable         bsp_rc.o
    0x08008960   0x08008960   0x0000003e   Code   RO         7547    i.RTC_EnterInitMode  stm32f4xx_hal_rtc.o
    0x0800899e   0x0800899e   0x00000002   PAD
    0x080089a0   0x080089a0   0x0000003c   Code   RO         3075    i.RUDDER_MOTOR_PID_CONTROL  chassis_task.o
    0x080089dc   0x080089dc   0x000000e4   Code   RO         3076    i.RUDDER_PID_INIT   chassis_task.o
    0x08008ac0   0x08008ac0   0x000001a0   Code   RO         3077    i.RUDDER_POWER_CONTROL  chassis_task.o
    0x08008c60   0x08008c60   0x00000248   Code   RO         3079    i.Rudder_motor_relative_angle_control  chassis_task.o
    0x08008ea8   0x08008ea8   0x0000273c   Code   RO         2550    i.SPI1_DMA_enable   bsp_spi.o
    0x0800b5e4   0x0800b5e4   0x00000180   Code   RO         2551    i.SPI1_DMA_init     bsp_spi.o
    0x0800b764   0x0800b764   0x0000006c   Code   RO         7943    i.SPI_EndRxTxTransaction  stm32f4xx_hal_spi.o
    0x0800b7d0   0x0800b7d0   0x000000a8   Code   RO         7948    i.SPI_WaitFlagStateUntilTimeout  stm32f4xx_hal_spi.o
    0x0800b878   0x0800b878   0x00000054   Code   RO           14    i.SysTick_Config    main.o
    0x0800b8cc   0x0800b8cc   0x00000014   Code   RO         1702    i.SysTick_Handler   stm32f4xx_it.o
    0x0800b8e0   0x0800b8e0   0x000000d4   Code   RO           15    i.SystemClock_Config  main.o
    0x0800b9b4   0x0800b9b4   0x00000064   Code   RO         1884    i.SystemInit        system_stm32f4xx.o
    0x0800ba18   0x0800ba18   0x00000010   Code   RO         1703    i.TIM8_UP_TIM13_IRQHandler  stm32f4xx_it.o
    0x0800ba28   0x0800ba28   0x000000d8   Code   RO         8306    i.TIM_Base_SetConfig  stm32f4xx_hal_tim.o
    0x0800bb00   0x0800bb00   0x00000022   Code   RO         8307    i.TIM_CCxChannelCmd  stm32f4xx_hal_tim.o
    0x0800bb22   0x0800bb22   0x00000016   Code   RO         8317    i.TIM_ETR_SetConfig  stm32f4xx_hal_tim.o
    0x0800bb38   0x0800bb38   0x00000012   Code   RO         8318    i.TIM_ITRx_SetConfig  stm32f4xx_hal_tim.o
    0x0800bb4a   0x0800bb4a   0x00000002   PAD
    0x0800bb4c   0x0800bb4c   0x00000070   Code   RO         8319    i.TIM_OC1_SetConfig  stm32f4xx_hal_tim.o
    0x0800bbbc   0x0800bbbc   0x0000007c   Code   RO         8320    i.TIM_OC2_SetConfig  stm32f4xx_hal_tim.o
    0x0800bc38   0x0800bc38   0x00000078   Code   RO         8321    i.TIM_OC3_SetConfig  stm32f4xx_hal_tim.o
    0x0800bcb0   0x0800bcb0   0x00000054   Code   RO         8322    i.TIM_OC4_SetConfig  stm32f4xx_hal_tim.o
    0x0800bd04   0x0800bd04   0x00000026   Code   RO         8324    i.TIM_TI1_ConfigInputStage  stm32f4xx_hal_tim.o
    0x0800bd2a   0x0800bd2a   0x00000028   Code   RO         8326    i.TIM_TI2_ConfigInputStage  stm32f4xx_hal_tim.o
    0x0800bd52   0x0800bd52   0x00000002   PAD
    0x0800bd54   0x0800bd54   0x00000368   Code   RO         9207    i.UART_SetConfig    stm32f4xx_hal_uart.o
    0x0800c0bc   0x0800c0bc   0x00000134   Code   RO         3368    i.USART3_IRQHandler  remote_control.o
    0x0800c1f0   0x0800c1f0   0x00000016   Code   RO        10997    i.USBD_ClrClassConfig  usbd_core.o
    0x0800c206   0x0800c206   0x0000003e   Code   RO        11135    i.USBD_ClrFeature   usbd_ctlreq.o
    0x0800c244   0x0800c244   0x00000018   Code   RO        11230    i.USBD_CtlContinueRx  usbd_ioreq.o
    0x0800c25c   0x0800c25c   0x00000018   Code   RO        11231    i.USBD_CtlContinueSendData  usbd_ioreq.o
    0x0800c274   0x0800c274   0x00000018   Code   RO        11136    i.USBD_CtlError     usbd_ctlreq.o
    0x0800c28c   0x0800c28c   0x0000001a   Code   RO        11233    i.USBD_CtlReceiveStatus  usbd_ioreq.o
    0x0800c2a6   0x0800c2a6   0x00000022   Code   RO        11234    i.USBD_CtlSendData  usbd_ioreq.o
    0x0800c2c8   0x0800c2c8   0x0000001a   Code   RO        11235    i.USBD_CtlSendStatus  usbd_ioreq.o
    0x0800c2e2   0x0800c2e2   0x00000056   Code   RO        11137    i.USBD_GetConfig    usbd_ctlreq.o
    0x0800c338   0x0800c338   0x00000152   Code   RO        11138    i.USBD_GetDescriptor  usbd_ctlreq.o
    0x0800c48a   0x0800c48a   0x0000005a   Code   RO        11140    i.USBD_GetStatus    usbd_ctlreq.o
    0x0800c4e4   0x0800c4e4   0x0000002c   Code   RO         1356    i.USBD_Get_USB_Status  usbd_conf.o
    0x0800c510   0x0800c510   0x00000026   Code   RO         1357    i.USBD_LL_ClearStallEP  usbd_conf.o
    0x0800c536   0x0800c536   0x00000100   Code   RO        11000    i.USBD_LL_DataInStage  usbd_core.o
    0x0800c636   0x0800c636   0x000000a6   Code   RO        11001    i.USBD_LL_DataOutStage  usbd_core.o
    0x0800c6dc   0x0800c6dc   0x00000006   Code   RO        11002    i.USBD_LL_DevConnected  usbd_core.o
    0x0800c6e2   0x0800c6e2   0x0000001a   Code   RO        11003    i.USBD_LL_DevDisconnected  usbd_core.o
    0x0800c6fc   0x0800c6fc   0x00000038   Code   RO         1364    i.USBD_LL_IsStallEP  usbd_conf.o
    0x0800c734   0x0800c734   0x00000006   Code   RO        11004    i.USBD_LL_IsoINIncomplete  usbd_core.o
    0x0800c73a   0x0800c73a   0x00000006   Code   RO        11005    i.USBD_LL_IsoOUTIncomplete  usbd_core.o
    0x0800c740   0x0800c740   0x00000030   Code   RO         1365    i.USBD_LL_OpenEP    usbd_conf.o
    0x0800c770   0x0800c770   0x00000030   Code   RO         1366    i.USBD_LL_PrepareReceive  usbd_conf.o
    0x0800c7a0   0x0800c7a0   0x0000005c   Code   RO        11006    i.USBD_LL_Reset     usbd_core.o
    0x0800c7fc   0x0800c7fc   0x0000000e   Code   RO        11007    i.USBD_LL_Resume    usbd_core.o
    0x0800c80a   0x0800c80a   0x00000022   Code   RO        11008    i.USBD_LL_SOF       usbd_core.o
    0x0800c82c   0x0800c82c   0x00000008   Code   RO        11009    i.USBD_LL_SetSpeed  usbd_core.o
    0x0800c834   0x0800c834   0x00000026   Code   RO         1367    i.USBD_LL_SetUSBAddress  usbd_conf.o
    0x0800c85a   0x0800c85a   0x0000006e   Code   RO        11010    i.USBD_LL_SetupStage  usbd_core.o
    0x0800c8c8   0x0800c8c8   0x00000026   Code   RO         1368    i.USBD_LL_StallEP   usbd_conf.o
    0x0800c8ee   0x0800c8ee   0x00000014   Code   RO        11011    i.USBD_LL_Suspend   usbd_core.o
    0x0800c902   0x0800c902   0x00000030   Code   RO         1371    i.USBD_LL_Transmit  usbd_conf.o
    0x0800c932   0x0800c932   0x00000028   Code   RO        11142    i.USBD_ParseSetupRequest  usbd_ctlreq.o
    0x0800c95a   0x0800c95a   0x00000006   Code   RO        11013    i.USBD_RunTestMode  usbd_core.o
    0x0800c960   0x0800c960   0x0000005a   Code   RO        11143    i.USBD_SetAddress   usbd_ctlreq.o
    0x0800c9ba   0x0800c9ba   0x00000022   Code   RO        11014    i.USBD_SetClassConfig  usbd_core.o
    0x0800c9dc   0x0800c9dc   0x000000e8   Code   RO        11144    i.USBD_SetConfig    usbd_ctlreq.o
    0x0800cac4   0x0800cac4   0x00000018   Code   RO        11145    i.USBD_SetFeature   usbd_ctlreq.o
    0x0800cadc   0x0800cadc   0x000000a2   Code   RO        11146    i.USBD_StdDevReq    usbd_ctlreq.o
    0x0800cb7e   0x0800cb7e   0x00000238   Code   RO        11147    i.USBD_StdEPReq     usbd_ctlreq.o
    0x0800cdb6   0x0800cdb6   0x0000007e   Code   RO        11148    i.USBD_StdItfReq    usbd_ctlreq.o
    0x0800ce34   0x0800ce34   0x000000d0   Code   RO         4893    i.USB_ActivateEndpoint  stm32f4xx_ll_usb.o
    0x0800cf04   0x0800cf04   0x00000046   Code   RO         4895    i.USB_ActivateSetup  stm32f4xx_ll_usb.o
    0x0800cf4a   0x0800cf4a   0x00000002   PAD
    0x0800cf4c   0x0800cf4c   0x000001d8   Code   RO         4908    i.USB_EP0StartXfer  stm32f4xx_ll_usb.o
    0x0800d124   0x0800d124   0x00000070   Code   RO         4909    i.USB_EP0_OutStart  stm32f4xx_ll_usb.o
    0x0800d194   0x0800d194   0x0000008e   Code   RO         4910    i.USB_EPClearStall  stm32f4xx_ll_usb.o
    0x0800d222   0x0800d222   0x0000009a   Code   RO         4911    i.USB_EPSetStall    stm32f4xx_ll_usb.o
    0x0800d2bc   0x0800d2bc   0x00000344   Code   RO         4912    i.USB_EPStartXfer   stm32f4xx_ll_usb.o
    0x0800d600   0x0800d600   0x00000030   Code   RO         4915    i.USB_FlushTxFifo   stm32f4xx_ll_usb.o
    0x0800d630   0x0800d630   0x00000026   Code   RO         4917    i.USB_GetDevSpeed   stm32f4xx_ll_usb.o
    0x0800d656   0x0800d656   0x0000000a   Code   RO         4919    i.USB_GetMode       stm32f4xx_ll_usb.o
    0x0800d660   0x0800d660   0x00000014   Code   RO         4926    i.USB_ReadDevAllInEpInterrupt  stm32f4xx_ll_usb.o
    0x0800d674   0x0800d674   0x00000014   Code   RO         4927    i.USB_ReadDevAllOutEpInterrupt  stm32f4xx_ll_usb.o
    0x0800d688   0x0800d688   0x00000032   Code   RO         4928    i.USB_ReadDevInEPInterrupt  stm32f4xx_ll_usb.o
    0x0800d6ba   0x0800d6ba   0x0000001a   Code   RO         4929    i.USB_ReadDevOutEPInterrupt  stm32f4xx_ll_usb.o
    0x0800d6d4   0x0800d6d4   0x0000000a   Code   RO         4930    i.USB_ReadInterrupts  stm32f4xx_ll_usb.o
    0x0800d6de   0x0800d6de   0x00000022   Code   RO         4931    i.USB_ReadPacket    stm32f4xx_ll_usb.o
    0x0800d700   0x0800d700   0x0000002a   Code   RO         4934    i.USB_SetDevAddress  stm32f4xx_ll_usb.o
    0x0800d72a   0x0800d72a   0x00000002   PAD
    0x0800d72c   0x0800d72c   0x000000e8   Code   RO         4936    i.USB_SetTurnaroundTime  stm32f4xx_ll_usb.o
    0x0800d814   0x0800d814   0x0000003c   Code   RO         4939    i.USB_WritePacket   stm32f4xx_ll_usb.o
    0x0800d850   0x0800d850   0x00000004   Code   RO         1704    i.UsageFault_Handler  stm32f4xx_it.o
    0x0800d854   0x0800d854   0x00000030   Code   RO        12348    i.__ARM_fpclassify  m_wm.l(fpclassify.o)
    0x0800d884   0x0800d884   0x00000026   Code   RO        12350    i.__ARM_fpclassifyf  m_wm.l(fpclassifyf.o)
    0x0800d8aa   0x0800d8aa   0x00000002   PAD
    0x0800d8ac   0x0800d8ac   0x00000010   Code   RO         6000    i.__NVIC_GetPriorityGrouping  stm32f4xx_hal_cortex.o
    0x0800d8bc   0x0800d8bc   0x00000028   Code   RO         6001    i.__NVIC_SetPriority  stm32f4xx_hal_cortex.o
    0x0800d8e4   0x0800d8e4   0x0000012c   Code   RO        12021    i.__hardfp_asinf    m_wm.l(asinf.o)
    0x0800da10   0x0800da10   0x000002d8   Code   RO        12320    i.__hardfp_atan     m_wm.l(atan.o)
    0x0800dce8   0x0800dce8   0x00000200   Code   RO        12033    i.__hardfp_atan2    m_wm.l(atan2.o)
    0x0800dee8   0x0800dee8   0x000002ac   Code   RO        12045    i.__hardfp_atan2f   m_wm.l(atan2f.o)
    0x0800e194   0x0800e194   0x00000014   Code   RO        12057    i.__hardfp_fabs     m_wm.l(fabs.o)
    0x0800e1a8   0x0800e1a8   0x00000c50   Code   RO        12063    i.__hardfp_pow      m_wm.l(pow.o)
    0x0800edf8   0x0800edf8   0x0000007a   Code   RO        12089    i.__hardfp_sqrt     m_wm.l(sqrt_full.o)
    0x0800ee72   0x0800ee72   0x0000003a   Code   RO        12095    i.__hardfp_sqrtf    m_wm.l(sqrtf_full.o)
    0x0800eeac   0x0800eeac   0x000000f8   Code   RO        12366    i.__kernel_poly     m_wm.l(poly.o)
    0x0800efa4   0x0800efa4   0x00000004   PAD
    0x0800efa8   0x0800efa8   0x00000030   Code   RO        12334    i.__mathlib_dbl_divzero  m_wm.l(dunder.o)
    0x0800efd8   0x0800efd8   0x00000014   Code   RO        12335    i.__mathlib_dbl_infnan  m_wm.l(dunder.o)
    0x0800efec   0x0800efec   0x00000014   Code   RO        12336    i.__mathlib_dbl_infnan2  m_wm.l(dunder.o)
    0x0800f000   0x0800f000   0x00000020   Code   RO        12337    i.__mathlib_dbl_invalid  m_wm.l(dunder.o)
    0x0800f020   0x0800f020   0x00000020   Code   RO        12338    i.__mathlib_dbl_overflow  m_wm.l(dunder.o)
    0x0800f040   0x0800f040   0x00000020   Code   RO        12340    i.__mathlib_dbl_underflow  m_wm.l(dunder.o)
    0x0800f060   0x0800f060   0x00000006   Code   RO        12353    i.__mathlib_flt_infnan  m_wm.l(funder.o)
    0x0800f066   0x0800f066   0x00000006   Code   RO        12354    i.__mathlib_flt_infnan2  m_wm.l(funder.o)
    0x0800f06c   0x0800f06c   0x00000010   Code   RO        12355    i.__mathlib_flt_invalid  m_wm.l(funder.o)
    0x0800f07c   0x0800f07c   0x00000010   Code   RO        12358    i.__mathlib_flt_underflow  m_wm.l(funder.o)
    0x0800f08c   0x0800f08c   0x000001d0   Code   RO        11504    i.accel_comple_filter  AHRS.lib(ahrs.o)
    0x0800f25c   0x0800f25c   0x0000018c   Code   RO        11505    i.accel_update_kp_ki  AHRS.lib(ahrs.o)
    0x0800f3e8   0x0800f3e8   0x0000003c   Code   RO         1920    i.adcx_get_chx_value  bsp_adc.o
    0x0800f424   0x0800f424   0x0000016c   Code   RO        11506    i.angle_to_quat     AHRS.lib(ahrs.o)
    0x0800f590   0x0800f590   0x00000010   Code   RO        12322    i.atan              m_wm.l(atan.o)
    0x0800f5a0   0x0800f5a0   0x00000134   Code   RO         3629    i.bmi088_accel_init  bmi088driver.o
    0x0800f6d4   0x0800f6d4   0x000002fc   Code   RO         3630    i.bmi088_accel_self_test  bmi088driver.o
    0x0800f9d0   0x0800f9d0   0x000000f4   Code   RO         3631    i.bmi088_gyro_init  bmi088driver.o
    0x0800fac4   0x0800fac4   0x000000d0   Code   RO         3632    i.bmi088_gyro_self_test  bmi088driver.o
    0x0800fb94   0x0800fb94   0x00000010   Code   RO         2070    i.buzzer_off        bsp_buzzer.o
    0x0800fba4   0x0800fba4   0x00000014   Code   RO         2071    i.buzzer_on         bsp_buzzer.o
    0x0800fbb8   0x0800fbb8   0x0000000e   Code   RO         2662    i.cali_gimbal_hook  calibrate_task.o
    0x0800fbc6   0x0800fbc6   0x00000002   PAD
    0x0800fbc8   0x0800fbc8   0x00000064   Code   RO         2663    i.cali_gyro_hook    calibrate_task.o
    0x0800fc2c   0x0800fc2c   0x00000046   Code   RO         2664    i.cali_head_hook    calibrate_task.o
    0x0800fc72   0x0800fc72   0x00000002   PAD
    0x0800fc74   0x0800fc74   0x0000005c   Code   RO         2104    i.can_filter_init   bsp_can.o
    0x0800fcd0   0x0800fcd0   0x0000051c   Code   RO         3081    i.chassic_rudder_preliminary_A_S_solution  chassis_task.o
    0x080101ec   0x080101ec   0x0000008c   Code   RO         3003    i.chassis_behaviour_control_set  chassis_behaviour.o
    0x08010278   0x08010278   0x00000100   Code   RO         3004    i.chassis_behaviour_mode_set  chassis_behaviour.o
    0x08010378   0x08010378   0x00000124   Code   RO         3082    i.chassis_feedback_update  chassis_task.o
    0x0801049c   0x0801049c   0x00000034   Code   RO         3005    i.chassis_infantry_follow_gimbal_yaw_control  chassis_behaviour.o
    0x080104d0   0x080104d0   0x0000017c   Code   RO         3083    i.chassis_init      chassis_task.o
    0x0801064c   0x0801064c   0x00000128   Code   RO         3084    i.chassis_mode_change_control_transit  chassis_task.o
    0x08010774   0x08010774   0x0000002c   Code   RO         3006    i.chassis_no_move_control  chassis_behaviour.o
    0x080107a0   0x080107a0   0x0000019c   Code   RO         3085    i.chassis_rc_to_control_vector  chassis_task.o
    0x0801093c   0x0801093c   0x00000340   Code   RO         3086    i.chassis_set_contorl  chassis_task.o
    0x08010c7c   0x08010c7c   0x00000012   Code   RO         3087    i.chassis_set_mode  chassis_task.o
    0x08010c8e   0x08010c8e   0x0000010e   Code   RO         3088    i.chassis_speed_control_set  chassis_task.o
    0x08010d9c   0x08010d9c   0x000000e0   Code   RO         3089    i.chassis_task      chassis_task.o
    0x08010e7c   0x08010e7c   0x0000002c   Code   RO         3007    i.chassis_zero_force_control  chassis_behaviour.o
    0x08010ea8   0x08010ea8   0x00000030   Code   RO         2173    i.delay_init        bsp_delay.o
    0x08010ed8   0x08010ed8   0x00000050   Code   RO         2175    i.delay_us          bsp_delay.o
    0x08010f28   0x08010f28   0x00000018   Code   RO        12059    i.fabs              m_wm.l(fabs.o)
    0x08010f40   0x08010f40   0x00000054   Code   RO         4110    i.first_order_filter_cali  user_lib.o
    0x08010f94   0x08010f94   0x00000024   Code   RO         4111    i.first_order_filter_init  user_lib.o
    0x08010fb8   0x08010fb8   0x00000008   Code   RO         2780    i.get_Back_L_motor_measure_point  can_receive.o
    0x08010fc0   0x08010fc0   0x00000008   Code   RO         2781    i.get_Back_R_motor_measure_point  can_receive.o
    0x08010fc8   0x08010fc8   0x00000008   Code   RO         2782    i.get_Forward_L_motor_measure_point  can_receive.o
    0x08010fd0   0x08010fd0   0x00000008   Code   RO         2783    i.get_Forward_R_motor_measure_point  can_receive.o
    0x08010fd8   0x08010fd8   0x000000e8   Code   RO        11507    i.get_angle         AHRS.lib(ahrs.o)
    0x080110c0   0x080110c0   0x00000018   Code   RO         2785    i.get_chassis_motor_measure_point  can_receive.o
    0x080110d8   0x080110d8   0x0000000c   Code   RO         2667    i.get_control_temperature  calibrate_task.o
    0x080110e4   0x080110e4   0x00000008   Code   RO         3369    i.get_remote_control_point  remote_control.o
    0x080110ec   0x080110ec   0x0000005c   Code   RO         1923    i.get_temprate      bsp_adc.o
    0x08011148   0x08011148   0x00000054   Code   RO         3247    i.gyro_offset_calc  ins_task.o
    0x0801119c   0x0801119c   0x0000012c   Code   RO         3248    i.imu_cali_slove    ins_task.o
    0x080112c8   0x080112c8   0x00000168   Code   RO         3249    i.imu_cmd_spi_dma   ins_task.o
    0x08011430   0x08011430   0x0000000c   Code   RO         2311    i.imu_pwm_set       bsp_imu_pwm.o
    0x0801143c   0x0801143c   0x000000b8   Code   RO         3250    i.imu_temp_control  ins_task.o
    0x080114f4   0x080114f4   0x00000002   Code   RO         3857    i.ist8310_GPIO_init  ist8310driver_middleware.o
    0x080114f6   0x080114f6   0x00000002   PAD
    0x080114f8   0x080114f8   0x00000028   Code   RO         3859    i.ist8310_IIC_read_single_reg  ist8310driver_middleware.o
    0x08011520   0x08011520   0x00000028   Code   RO         3861    i.ist8310_IIC_write_single_reg  ist8310driver_middleware.o
    0x08011548   0x08011548   0x00000014   Code   RO         3862    i.ist8310_RST_H     ist8310driver_middleware.o
    0x0801155c   0x0801155c   0x00000014   Code   RO         3863    i.ist8310_RST_L     ist8310driver_middleware.o
    0x08011570   0x08011570   0x00000002   Code   RO         3864    i.ist8310_com_init  ist8310driver_middleware.o
    0x08011572   0x08011572   0x0000000c   Code   RO         3865    i.ist8310_delay_ms  ist8310driver_middleware.o
    0x0801157e   0x0801157e   0x00000002   PAD
    0x08011580   0x08011580   0x00000094   Code   RO         3825    i.ist8310_init      ist8310driver.o
    0x08011614   0x08011614   0x00000060   Code   RO         4117    i.loop_fp32_constrain  user_lib.o
    0x08011674   0x08011674   0x00000150   Code   RO           16    i.main              main.o
    0x080117c4   0x080117c4   0x0000000e   Code   RO        10489    i.makeFreeRtosPriority  cmsis_os.o
    0x080117d2   0x080117d2   0x00000018   Code   RO        10491    i.osDelay           cmsis_os.o
    0x080117ea   0x080117ea   0x0000000a   Code   RO        10494    i.osKernelStart     cmsis_os.o
    0x080117f4   0x080117f4   0x0000005e   Code   RO        10528    i.osThreadCreate    cmsis_os.o
    0x08011852   0x08011852   0x00000002   PAD
    0x08011854   0x08011854   0x00000030   Code   RO         9986    i.pcTaskGetName     tasks.o
    0x08011884   0x08011884   0x000000a4   Code   RO         9987    i.prvAddCurrentTaskToDelayedList  tasks.o
    0x08011928   0x08011928   0x000000b4   Code   RO         9988    i.prvAddNewTaskToReadyList  tasks.o
    0x080119dc   0x080119dc   0x00000074   Code   RO        10336    i.prvCheckForValidListAndQueue  timers.o
    0x08011a50   0x08011a50   0x00000048   Code   RO         9989    i.prvCheckTasksWaitingTermination  tasks.o
    0x08011a98   0x08011a98   0x0000002a   Code   RO         9649    i.prvCopyDataFromQueue  queue.o
    0x08011ac2   0x08011ac2   0x0000007c   Code   RO         9650    i.prvCopyDataToQueue  queue.o
    0x08011b3e   0x08011b3e   0x00000050   Code   RO         9990    i.prvDeleteTCB      tasks.o
    0x08011b8e   0x08011b8e   0x00000002   PAD
    0x08011b90   0x08011b90   0x00000028   Code   RO        10337    i.prvGetNextExpireTime  timers.o
    0x08011bb8   0x08011bb8   0x0000007c   Code   RO        10868    i.prvHeapInit       heap_4.o
    0x08011c34   0x08011c34   0x00000028   Code   RO         9991    i.prvIdleTask       tasks.o
    0x08011c5c   0x08011c5c   0x00000026   Code   RO         9653    i.prvInitialiseNewQueue  queue.o
    0x08011c82   0x08011c82   0x000000b8   Code   RO         9992    i.prvInitialiseNewTask  tasks.o
    0x08011d3a   0x08011d3a   0x00000002   PAD
    0x08011d3c   0x08011d3c   0x00000068   Code   RO         9993    i.prvInitialiseTaskLists  tasks.o
    0x08011da4   0x08011da4   0x00000068   Code   RO        10869    i.prvInsertBlockIntoFreeList  heap_4.o
    0x08011e0c   0x08011e0c   0x00000058   Code   RO        10339    i.prvInsertTimerInActiveList  timers.o
    0x08011e64   0x08011e64   0x0000001a   Code   RO         9654    i.prvIsQueueEmpty   queue.o
    0x08011e7e   0x08011e7e   0x0000001e   Code   RO         9655    i.prvIsQueueFull    queue.o
    0x08011e9c   0x08011e9c   0x00000064   Code   RO        10340    i.prvProcessExpiredTimer  timers.o
    0x08011f00   0x08011f00   0x00000128   Code   RO        10341    i.prvProcessReceivedCommands  timers.o
    0x08012028   0x08012028   0x00000074   Code   RO        10342    i.prvProcessTimerOrBlockTask  timers.o
    0x0801209c   0x0801209c   0x00000034   Code   RO         9994    i.prvResetNextTaskUnblockTime  tasks.o
    0x080120d0   0x080120d0   0x0000002c   Code   RO        10343    i.prvSampleTimeNow  timers.o
    0x080120fc   0x080120fc   0x0000009e   Code   RO         9995    i.prvSearchForNameWithinSingleList  tasks.o
    0x0801219a   0x0801219a   0x00000002   PAD
    0x0801219c   0x0801219c   0x000000a0   Code   RO        10344    i.prvSwitchTimerLists  timers.o
    0x0801223c   0x0801223c   0x00000040   Code   RO        10918    i.prvTaskExitError  port.o
    0x0801227c   0x0801227c   0x0000001a   Code   RO        10345    i.prvTimerTask      timers.o
    0x08012296   0x08012296   0x0000007e   Code   RO         9656    i.prvUnlockQueue    queue.o
    0x08012314   0x08012314   0x0000013c   Code   RO        10870    i.pvPortMalloc      heap_4.o
    0x08012450   0x08012450   0x0000002c   Code   RO        10919    i.pxPortInitialiseStack  port.o
    0x0801247c   0x0801247c   0x00000084   Code   RO        11512    i.quat_normalization  AHRS.lib(ahrs.o)
    0x08012500   0x08012500   0x0000002c   Code   RO         4119    i.ramp_init         user_lib.o
    0x0801252c   0x0801252c   0x00000014   Code   RO         3370    i.remote_control_init  remote_control.o
    0x08012540   0x08012540   0x00000026   Code   RO         3094    i.rudder_control_loop  chassis_task.o
    0x08012566   0x08012566   0x000000da   Code   RO         3371    i.sbus_to_rc        remote_control.o
    0x08012640   0x08012640   0x00000058   Code   RO         3372    i.sbus_to_usart1    remote_control.o
    0x08012698   0x08012698   0x0000006e   Code   RO        12091    i.sqrt              m_wm.l(sqrt_full.o)
    0x08012706   0x08012706   0x0000003e   Code   RO        12097    i.sqrtf             m_wm.l(sqrtf_full.o)
    0x08012744   0x08012744   0x00000018   Code   RO         3445    i.toe_is_error      detect_task.o
    0x0801275c   0x0801275c   0x00000074   Code   RO         9999    i.ulTaskNotifyTake  tasks.o
    0x080127d0   0x080127d0   0x0000007a   Code   RO        11513    i.update_w          AHRS.lib(ahrs.o)
    0x0801284a   0x0801284a   0x00000002   PAD
    0x0801284c   0x0801284c   0x000000a8   Code   RO         2584    i.usart1_tx_dma_enable  bsp_usart.o
    0x080128f4   0x080128f4   0x00000028   Code   RO         9609    i.uxListRemove      list.o
    0x0801291c   0x0801291c   0x00000018   Code   RO          512    i.vApplicationGetIdleTaskMemory  freertos.o
    0x08012934   0x08012934   0x00000018   Code   RO          513    i.vApplicationGetTimerTaskMemory  freertos.o
    0x0801294c   0x0801294c   0x0000001a   Code   RO         9610    i.vListInitialise   list.o
    0x08012966   0x08012966   0x00000006   Code   RO         9611    i.vListInitialiseItem  list.o
    0x0801296c   0x0801296c   0x00000034   Code   RO         9612    i.vListInsert       list.o
    0x080129a0   0x080129a0   0x00000018   Code   RO         9613    i.vListInsertEnd    list.o
    0x080129b8   0x080129b8   0x00000054   Code   RO        10921    i.vPortEnterCritical  port.o
    0x08012a0c   0x08012a0c   0x0000003c   Code   RO        10922    i.vPortExitCritical  port.o
    0x08012a48   0x08012a48   0x00000094   Code   RO        10871    i.vPortFree         heap_4.o
    0x08012adc   0x08012adc   0x00000028   Code   RO        10923    i.vPortSetupTimerInterrupt  port.o
    0x08012b04   0x08012b04   0x00000078   Code   RO        10924    i.vPortValidateInterruptPriority  port.o
    0x08012b7c   0x08012b7c   0x0000002c   Code   RO         9660    i.vQueueAddToRegistry  queue.o
    0x08012ba8   0x08012ba8   0x0000004a   Code   RO         9663    i.vQueueWaitForMessageRestricted  queue.o
    0x08012bf2   0x08012bf2   0x00000002   PAD
    0x08012bf4   0x08012bf4   0x0000005c   Code   RO        10005    i.vTaskDelay        tasks.o
    0x08012c50   0x08012c50   0x00000018   Code   RO        10009    i.vTaskInternalSetTimeOutState  tasks.o
    0x08012c68   0x08012c68   0x0000000c   Code   RO        10010    i.vTaskMissedYield  tasks.o
    0x08012c74   0x08012c74   0x000000f0   Code   RO        10011    i.vTaskNotifyGiveFromISR  tasks.o
    0x08012d64   0x08012d64   0x00000038   Code   RO        10012    i.vTaskPlaceOnEventList  tasks.o
    0x08012d9c   0x08012d9c   0x00000040   Code   RO        10013    i.vTaskPlaceOnEventListRestricted  tasks.o
    0x08012ddc   0x08012ddc   0x000000b8   Code   RO        10020    i.vTaskStartScheduler  tasks.o
    0x08012e94   0x08012e94   0x00000010   Code   RO        10022    i.vTaskSuspendAll   tasks.o
    0x08012ea4   0x08012ea4   0x0000008c   Code   RO        10023    i.vTaskSwitchContext  tasks.o
    0x08012f30   0x08012f30   0x00000168   Code   RO        10925    i.xPortStartScheduler  port.o
    0x08013098   0x08013098   0x00000034   Code   RO        10926    i.xPortSysTickHandler  port.o
    0x080130cc   0x080130cc   0x000000de   Code   RO         9667    i.xQueueGenericCreateStatic  queue.o
    0x080131aa   0x080131aa   0x00000002   PAD
    0x080131ac   0x080131ac   0x00000098   Code   RO         9668    i.xQueueGenericReset  queue.o
    0x08013244   0x08013244   0x000001a8   Code   RO         9669    i.xQueueGenericSend  queue.o
    0x080133ec   0x080133ec   0x000000f8   Code   RO         9670    i.xQueueGenericSendFromISR  queue.o
    0x080134e4   0x080134e4   0x00000168   Code   RO         9678    i.xQueueReceive     queue.o
    0x0801364c   0x0801364c   0x000000a8   Code   RO        10025    i.xTaskCheckForTimeOut  tasks.o
    0x080136f4   0x080136f4   0x00000064   Code   RO        10026    i.xTaskCreate       tasks.o
    0x08013758   0x08013758   0x000000b8   Code   RO        10027    i.xTaskCreateStatic  tasks.o
    0x08013810   0x08013810   0x000000a4   Code   RO        10031    i.xTaskGetHandle    tasks.o
    0x080138b4   0x080138b4   0x00000020   Code   RO        10032    i.xTaskGetSchedulerState  tasks.o
    0x080138d4   0x080138d4   0x0000000c   Code   RO        10033    i.xTaskGetTickCount  tasks.o
    0x080138e0   0x080138e0   0x00000148   Code   RO        10035    i.xTaskIncrementTick  tasks.o
    0x08013a28   0x08013a28   0x000000c8   Code   RO        10038    i.xTaskPriorityDisinherit  tasks.o
    0x08013af0   0x08013af0   0x00000098   Code   RO        10040    i.xTaskRemoveFromEventList  tasks.o
    0x08013b88   0x08013b88   0x00000104   Code   RO        10041    i.xTaskResumeAll    tasks.o
    0x08013c8c   0x08013c8c   0x00000078   Code   RO        10350    i.xTimerCreateTimerTask  timers.o
    0x08013d04   0x08013d04   0x00000084   Code   RO        10351    i.xTimerGenericCommand  timers.o
    0x08013d88   0x08013d88   0x00000018   Code   RO        11975    x$fpl$basic         g_wm.l(basic.o)
    0x08013da0   0x08013da0   0x000002c4   Code   RO        11977    x$fpl$d2f           g_wm.l(d2f_clz.o)
    0x08014064   0x08014064   0x0000024c   Code   RO        11979    x$fpl$dadd          g_wm.l(daddsub_clz.o)
    0x080142b0   0x080142b0   0x0000001c   Code   RO        12436    x$fpl$dcheck1       g_wm.l(dcheck1.o)
    0x080142cc   0x080142cc   0x00000018   Code   RO        12287    x$fpl$dcmpinf       g_wm.l(dcmpi.o)
    0x080142e4   0x080142e4   0x0000037c   Code   RO        11986    x$fpl$ddiv          g_wm.l(ddiv_clz.o)
    0x08014660   0x08014660   0x00000074   Code   RO        11989    x$fpl$deqf          g_wm.l(deqf.o)
    0x080146d4   0x080146d4   0x000000dc   Code   RO        11991    x$fpl$dfixu         g_wm.l(dfixu.o)
    0x080147b0   0x080147b0   0x0000002e   Code   RO        11996    x$fpl$dflt          g_wm.l(dflt_clz.o)
    0x080147de   0x080147de   0x0000001a   Code   RO        11997    x$fpl$dfltn         g_wm.l(dflt_clz.o)
    0x080147f8   0x080147f8   0x00000026   Code   RO        11995    x$fpl$dfltu         g_wm.l(dflt_clz.o)
    0x0801481e   0x0801481e   0x00000002   PAD
    0x08014820   0x08014820   0x00000078   Code   RO        12001    x$fpl$dleqf         g_wm.l(dleqf.o)
    0x08014898   0x08014898   0x000001c0   Code   RO        12003    x$fpl$dmul          g_wm.l(dmul_clz.o)
    0x08014a58   0x08014a58   0x00000102   Code   RO        12289    x$fpl$dnaninf       g_wm.l(dnaninf.o)
    0x08014b5a   0x08014b5a   0x00000070   Code   RO        12291    x$fpl$drenorm       g_wm.l(drenorm_clz.o)
    0x08014bca   0x08014bca   0x0000000c   Code   RO        12293    x$fpl$dretinf       g_wm.l(dretinf.o)
    0x08014bd6   0x08014bd6   0x00000062   Code   RO        12005    x$fpl$drleqf        g_wm.l(drleqf.o)
    0x08014c38   0x08014c38   0x00000050   Code   RO        11980    x$fpl$drsb          g_wm.l(daddsub_clz.o)
    0x08014c88   0x08014c88   0x00000208   Code   RO        12295    x$fpl$dsqrt         g_wm.l(dsqrt_umaalclz.o)
    0x08014e90   0x08014e90   0x0000029c   Code   RO        11981    x$fpl$dsub          g_wm.l(daddsub_clz.o)
    0x0801512c   0x0801512c   0x0000017a   Code   RO        12297    x$fpl$dunder        g_wm.l(dunder_clz.o)
    0x080152a6   0x080152a6   0x00000002   PAD
    0x080152a8   0x080152a8   0x000001ec   Code   RO        12299    x$fpl$exception     g_wm.l(except.o)
    0x08015494   0x08015494   0x0000007a   Code   RO        12007    x$fpl$f2d           g_wm.l(f2d.o)
    0x0801550e   0x0801550e   0x000000f2   Code   RO        12301    x$fpl$fnaninf       g_wm.l(fnaninf.o)
    0x08015600   0x08015600   0x0000000a   Code   RO        12438    x$fpl$fpinit        g_wm.l(fpinit.o)
    0x0801560a   0x0801560a   0x0000000a   Code   RO        12303    x$fpl$fretinf       g_wm.l(fretinf.o)
    0x08015614   0x08015614   0x0000013c   Code   RO        12305    x$fpl$funder        g_wm.l(funder_clz.o)
    0x08015750   0x08015750   0x000000b2   Code   RO        12440    x$fpl$retnan        g_wm.l(retnan.o)
    0x08015802   0x08015802   0x00000002   PAD
    0x08015804   0x08015804   0x00000114   Code   RO        12315    x$fpl$scalbn        g_wm.l(scalbn_clz.o)
    0x08015918   0x08015918   0x0000007e   Code   RO        12317    x$fpl$trapveneer    g_wm.l(trapv.o)
    0x08015996   0x08015996   0x00000000   Code   RO        12319    x$fpl$usenofp       g_wm.l(usenofp.o)
    0x08015996   0x08015996   0x00000002   PAD
    0x08015998   0x08015998   0x00000038   Data   RO          515    .constdata          freertos.o
    0x080159d0   0x080159d0   0x00000018   Data   RO         1885    .constdata          system_stm32f4xx.o
    0x080159e8   0x080159e8   0x00000014   Data   RO         3097    .constdata          chassis_task.o
    0x080159fc   0x080159fc   0x00000018   Data   RO         3252    .constdata          ins_task.o
    0x08015a14   0x08015a14   0x00000012   Data   RO         3637    .constdata          bmi088driver.o
    0x08015a26   0x08015a26   0x0000000c   Data   RO         3828    .constdata          ist8310driver.o
    0x08015a32   0x08015a32   0x00000008   Data   RO         5717    .constdata          stm32f4xx_hal_dma.o
    0x08015a3a   0x08015a3a   0x00000002   PAD
    0x08015a3c   0x08015a3c   0x0000000c   Data   RO        11514    .constdata          AHRS.lib(ahrs.o)
    0x08015a48   0x08015a48   0x00000804   Data   RO        11868    .constdata          arm_cortexM4lf_math.lib(arm_common_tables.o)
    0x0801624c   0x0801624c   0x00000004   PAD
    0x08016250   0x08016250   0x00000088   Data   RO        12066    .constdata          m_wm.l(pow.o)
    0x080162d8   0x080162d8   0x00000098   Data   RO        12323    .constdata          m_wm.l(atan.o)
    0x08016370   0x08016370   0x00000008   Data   RO        12368    .constdata          m_wm.l(qnan.o)
    0x08016378   0x08016378   0x00000014   Data   RO          516    .conststring        freertos.o
    0x0801638c   0x0801638c   0x00000020   Data   RO        12575    Region$$Table       anon$$obj.o


    Execution Region RW_IRAM1 (Exec base: 0x20000000, Load base: 0x080163ac, Size: 0x0000c5a8, Max: 0x00020000, ABSOLUTE, COMPRESSED[0x000000b4])

    Exec Addr    Load Addr    Size         Type   Attr      Idx    E Section Name        Object

    0x20000000   COMPRESSED   0x0000000c   Data   RW           18    .data               main.o
    0x2000000c   COMPRESSED   0x00000024   Data   RW          517    .data               freertos.o
    0x20000030   COMPRESSED   0x00000004   Data   RW          753    .data               can.o
    0x20000034   COMPRESSED   0x00000008   Data   RW          800    .data               crc.o
    0x2000003c   COMPRESSED   0x00000004   Data   RW         1063    .data               tim.o
    0x20000040   COMPRESSED   0x00000004   Data   RW         1886    .data               system_stm32f4xx.o
    0x20000044   COMPRESSED   0x00000004   Data   RW         1926    .data               bsp_adc.o
    0x20000048   COMPRESSED   0x00000008   Data   RW         2176    .data               bsp_delay.o
    0x20000050   COMPRESSED   0x00000054   Data   RW         2671    .data               calibrate_task.o
    0x200000a4   COMPRESSED   0x00000021   Data   RW         2787    .data               can_receive.o
    0x200000c5   COMPRESSED   0x00000002   Data   RW         3008    .data               chassis_behaviour.o
    0x200000c7   COMPRESSED   0x00000001   PAD
    0x200000c8   COMPRESSED   0x00000050   Data   RW         3098    .data               chassis_task.o
    0x20000118   COMPRESSED   0x000000a0   Data   RW         3253    .data               ins_task.o
    0x200001b8   COMPRESSED   0x00000003   Data   RW         3376    .data               remote_control.o
    0x200001bb   COMPRESSED   0x00000001   PAD
    0x200001bc   COMPRESSED   0x0000002c   Data   RW         3638    .data               bmi088driver.o
    0x200001e8   COMPRESSED   0x0000000c   Data   RW         4565    .data               pid.o
    0x200001f4   COMPRESSED   0x00000009   Data   RW         6149    .data               stm32f4xx_hal.o
    0x200001fd   COMPRESSED   0x00000003   PAD
    0x20000200   COMPRESSED   0x0000003c   Data   RW        10044    .data               tasks.o
    0x2000023c   COMPRESSED   0x00000014   Data   RW        10359    .data               timers.o
    0x20000250   COMPRESSED   0x00000018   Data   RW        10876    .data               heap_4.o
    0x20000268   COMPRESSED   0x0000000c   Data   RW        10927    .data               port.o
    0x20000274   COMPRESSED   0x00000001   Data   RW        11149    .data               usbd_ctlreq.o
    0x20000275   COMPRESSED   0x00000003   PAD
    0x20000278   COMPRESSED   0x00000010   Data   RW        11515    .data               AHRS.lib(ahrs.o)
    0x20000288        -       0x000006a8   Zero   RW          514    .bss                freertos.o
    0x20000930        -       0x00000090   Zero   RW          704    .bss                adc.o
    0x200009c0        -       0x00000050   Zero   RW          752    .bss                can.o
    0x20000a10        -       0x0000015c   Zero   RW          871    .bss                i2c.o
    0x20000b6c        -       0x00000010   Zero   RW          923    .bss                rng.o
    0x20000b7c        -       0x00000020   Zero   RW          965    .bss                rtc.o
    0x20000b9c        -       0x00000170   Zero   RW         1008    .bss                spi.o
    0x20000d0c        -       0x00000180   Zero   RW         1062    .bss                tim.o
    0x20000e8c        -       0x00000240   Zero   RW         1142    .bss                usart.o
    0x200010cc        -       0x00000408   Zero   RW         1372    .bss                usbd_conf.o
    0x200014d4        -       0x00000010   Zero   RW         1925    .bss                bsp_adc.o
    0x200014e4        -       0x00000060   Zero   RW         2588    .bss                bsp_usart.o
    0x20001544        -       0x00000101   Zero   RW         2669    .bss                calibrate_task.o
    0x20001645   COMPRESSED   0x00000003   PAD
    0x20001648        -       0x000000d0   Zero   RW         2786    .bss                can_receive.o
    0x20001718        -       0x000007a0   Zero   RW         3096    .bss                chassis_task.o
    0x20001eb8        -       0x00000150   Zero   RW         3251    .bss                ins_task.o
    0x20002008        -       0x00000072   Zero   RW         3375    .bss                remote_control.o
    0x2000207a        -       0x00000288   Zero   RW         3446    .bss                detect_task.o
    0x20002302   COMPRESSED   0x00000002   PAD
    0x20002304        -       0x00000040   Zero   RW         9681    .bss                queue.o
    0x20002344        -       0x000000f0   Zero   RW        10043    .bss                tasks.o
    0x20002434        -       0x00000110   Zero   RW        10358    .bss                timers.o
    0x20002544        -       0x00006000   Zero   RW        10875    .bss                heap_4.o
    0x20008544        -       0x00000060   Zero   RW        12375    .bss                c_w.l(libspace.o)
    0x200085a4   COMPRESSED   0x00000004   PAD
    0x200085a8        -       0x00002000   Zero   RW            2    HEAP                startup_stm32f407xx.o
    0x2000a5a8        -       0x00002000   Zero   RW            1    STACK               startup_stm32f407xx.o


==============================================================================

Image component sizes


      Code (inc. data)   RO Data    RW Data    ZI Data      Debug   Object Name

       396         42          0          0        144       2514   adc.o
       168          4          0          0          0       5820   ahrs_middleware.o
      2338         40         18         44          0      11159   bmi088driver.o
       140         28          0          0          0       5184   bmi088middleware.o
       152         20          0          4         16     615988   bsp_adc.o
        36         12          0          0          0       1065   bsp_buzzer.o
        92          8          0          0          0        630   bsp_can.o
       128         20          0          8          0       1448   bsp_delay.o
       124         14          0          0          0        554   bsp_i2c.o
        12          4          0          0          0        538   bsp_imu_pwm.o
       260         28          0          0          0       2131   bsp_rc.o
     10428        170          0          0          0       5734   bsp_spi.o
       168         12          0          0         96       1407   bsp_usart.o
       196         10          0         84        257      15490   calibrate_task.o
       496         44          0          4         80       2598   can.o
      1346        118          0         33        208     588300   can_receive.o
       536         40          0          2          0      11639   chassis_behaviour.o
      6864        316         20         80       1952      20105   chassis_task.o
       142          0          0          0          0      22343   cmsis_os.o
        84         18          0          8          0       1619   crc.o
         0          0          0          0          0       5264   croutine.o
        24          4          0          0        648       2474   detect_task.o
       200          6          0          0          0        926   dma.o
         0          0          0          0          0      20480   event_groups.o
       116         32         76         36       1704      32637   freertos.o
       596         30          0          0          0     676299   gpio.o
       692         62          0         24      24576       5019   heap_4.o
       700         80          0          0        348       3288   i2c.o
      4240        320         24        160        336      13636   ins_task.o
       148          6         12          0          0       1583   ist8310driver.o
       136         22          0          0          0       4279   ist8310driver_middleware.o
       148          0          0          0          0       3814   list.o
       634         52          0         12          0     673428   main.o
      1102         16          0         12          0       3334   pid.o
      1014         92          0         12          0      12533   port.o
      1910         20          0          0         64      15244   queue.o
       642         46          0          3        114       5684   remote_control.o
        84         18          0          0         16       1619   rng.o
        76         16          0          0         32       1571   rtc.o
       604         54          0          0        368       2748   spi.o
        64         26        392          0      16384        876   startup_stm32f407xx.o
       520         12          0          0          0       9439   stm32.o
       172         32          0          9          0       4161   stm32f4xx_hal.o
      1370         54          0          0          0       5406   stm32f4xx_hal_adc.o
      2136          6          0          0          0      15143   stm32f4xx_hal_can.o
       304         22          0          0          0      34739   stm32f4xx_hal_cortex.o
        36          0          0          0          0       1123   stm32f4xx_hal_crc.o
      1034         16          8          0          0       4100   stm32f4xx_hal_dma.o
       552         50          0          0          0       3111   stm32f4xx_hal_gpio.o
      2772         46          0          0          0      12090   stm32f4xx_hal_i2c.o
        84          6          0          0          0        918   stm32f4xx_hal_msp.o
      2682         18          0          0          0      10231   stm32f4xx_hal_pcd.o
         2          0          0          0          0       1065   stm32f4xx_hal_pcd_ex.o
      1732         84          0          0          0       5820   stm32f4xx_hal_rcc.o
       416         20          0          0          0       1488   stm32f4xx_hal_rcc_ex.o
        52          0          0          0          0       1151   stm32f4xx_hal_rng.o
       336          4          0          0          0       2780   stm32f4xx_hal_rtc.o
       970          8          0          0          0       4713   stm32f4xx_hal_spi.o
      2028         90          0          0          0      17669   stm32f4xx_hal_tim.o
       204          0          0          0          0       3473   stm32f4xx_hal_tim_ex.o
       986          8          0          0          0       1924   stm32f4xx_hal_uart.o
       192         42          0          0          0      16634   stm32f4xx_it.o
      2584         64          0          0          0      15685   stm32f4xx_ll_usb.o
       100         18         24          4          0       1275   system_stm32f4xx.o
      3626        412          0         60        240      30583   tasks.o
      2156        172          0          4        384       7787   tim.o
      1238        124          0         20        272      27755   timers.o
       940         88          0          0        576       3720   usart.o
         0          0          0          0          0     742852   usb_device.o
       632          6          0          0       1032      13377   usbd_conf.o
       806          0          0          0          0      11547   usbd_core.o
      1842         28          0          1          0      10223   usbd_ctlreq.o
         0          0          0          0          0       4584   usbd_desc.o
       134          0          0          0          0       4208   usbd_ioreq.o
       260          8          0          0          0       4006   user_lib.o

    ----------------------------------------------------------------------
     70194       3288        608        632      49852    3837782   Object Totals
         0          0         32          0          0          0   (incl. Generated)
        60          0          2          8          5          0   (incl. Padding)

    ----------------------------------------------------------------------

      Code (inc. data)   RO Data    RW Data    ZI Data      Debug   Library Member Name

      2718         84         12         16          0       9922   ahrs.o
         0          0       2052          0          0       4636   arm_common_tables.o
       120         12          0          0          0      16970   arm_cos_f32.o
       116         12          0          0          0        658   arm_sin_f32.o
        90          0          0          0          0          0   __dczerorl2.o
         8          0          0          0          0         68   __main.o
         0          0          0          0          0          0   __rtentry.o
        12          0          0          0          0          0   __rtentry2.o
         6          0          0          0          0          0   __rtentry4.o
        52          8          0          0          0          0   __scatter.o
        28          0          0          0          0          0   __scatter_zi.o
        48          4          0          0          0         84   _fptrap.o
        22          0          0          0          0        100   _rserrno.o
        16          0          0          0          0         68   aeabi_memset.o
        10          0          0          0          0         68   defsig_exit.o
       172        110          0          0          0         76   defsig_fpe_inner.o
        14          0          0          0          0         80   defsig_fpe_outer.o
        50          0          0          0          0         88   defsig_general.o
        18          0          0          0          0         80   exit.o
         6          0          0          0          0        152   heapauxi.o
         0          0          0          0          0          0   indicate_semi.o
         2          0          0          0          0          0   libinit.o
         6          0          0          0          0          0   libinit2.o
         2          0          0          0          0          0   libshutdown.o
         2          0          0          0          0          0   libshutdown2.o
         8          4          0          0         96         68   libspace.o
       238          0          0          0          0        100   lludivv7m.o
         8          4          0          0          0         68   rt_errno_addr_intlibspace.o
        68          0          0          0          0         68   rt_memclr.o
        78          0          0          0          0         80   rt_memclr_w.o
       138          0          0          0          0         68   rt_memcpy_v6.o
       100          0          0          0          0         80   rt_memcpy_w.o
         2          0          0          0          0          0   rtexit.o
        10          0          0          0          0          0   rtexit2.o
        62          0          0          0          0         76   strlen.o
        12          4          0          0          0         68   sys_exit.o
        74          0          0          0          0         80   sys_stackheap_outer.o
        14          0          0          0          0         76   sys_wrch.o
         2          0          0          0          0         68   use_no_semi.o
        24          0          0          0          0        164   basic.o
       708         16          0          0          0        140   d2f_clz.o
      1336         32          0          0          0        532   daddsub_clz.o
        28          0          0          0          0        116   dcheck1.o
        24          0          0          0          0        116   dcmpi.o
       892        152          0          0          0        292   ddiv_clz.o
       116          8          0          0          0        140   deqf.o
       220         16          0          0          0        192   dfixu.o
       110          0          0          0          0        348   dflt_clz.o
       120          8          0          0          0        140   dleqf.o
       448         16          0          0          0        164   dmul_clz.o
       258          4          0          0          0        156   dnaninf.o
       112          0          0          0          0        160   drenorm_clz.o
        12          0          0          0          0        116   dretinf.o
        98          0          0          0          0        128   drleqf.o
       520         56          0          0          0        180   dsqrt_umaalclz.o
       378          0          0          0          0        168   dunder_clz.o
       492         36          0          0          0        148   except.o
       122          8          0          0          0        132   f2d.o
       242          4          0          0          0        144   fnaninf.o
        10          0          0          0          0        116   fpinit.o
        10          0          0          0          0        116   fretinf.o
       316          0          0          0          0        132   funder_clz.o
       178          0          0          0          0        116   retnan.o
       276          4          0          0          0        124   scalbn_clz.o
       126          0          0          0          0        148   trapv.o
         0          0          0          0          0          0   usenofp.o
       300         42          0          0          0        176   asinf.o
       744        106        152          0          0        352   atan.o
       512         64          0          0          0        208   atan2.o
       684         90          0          0          0        208   atan2f.o
       184         44          0          0          0        744   dunder.o
        44          0          0          0          0        248   fabs.o
        48          0          0          0          0        124   fpclassify.o
        38          0          0          0          0        116   fpclassifyf.o
        44         12          0          0          0        464   funder.o
       248          0          0          0          0        152   poly.o
      3152        296        136          0          0        352   pow.o
         0          0          8          0          0          0   qnan.o
       232          0          0          0          0        296   sqrt_full.o
       120          0          0          0          0        272   sqrtf_full.o

    ----------------------------------------------------------------------
     17886       1256       2364         16        100      42090   Library Totals
        28          0          4          0          4          0   (incl. Padding)

    ----------------------------------------------------------------------

      Code (inc. data)   RO Data    RW Data    ZI Data      Debug   Library Name

      2718         84         12         16          0       9922   AHRS.lib
       236         24       2052          0          0      22264   arm_cortexM4lf_math.lib
      1378        134          0          0         96       1764   c_w.l
      7176        360          0          0          0       4428   g_wm.l
      6350        654        296          0          0       3712   m_wm.l

    ----------------------------------------------------------------------
     17886       1256       2364         16        100      42090   Library Totals

    ----------------------------------------------------------------------

==============================================================================


      Code (inc. data)   RO Data    RW Data    ZI Data      Debug   

     88080       4544       2972        648      49952    3831436   Grand Totals
     88080       4544       2972        180      49952    3831436   ELF Image Totals (compressed)
     88080       4544       2972        180          0          0   ROM Totals

==============================================================================

    Total RO  Size (Code + RO Data)                91052 (  88.92kB)
    Total RW  Size (RW Data + ZI Data)             50600 (  49.41kB)
    Total ROM Size (Code + RO Data + RW Data)      91232 (  89.09kB)

==============================================================================

